stm32h7xx_hal_dac.c:358:19:HAL_DAC_Init	16	static
stm32h7xx_hal_dac.c:419:19:HAL_DAC_DeInit	16	static
stm32h7xx_hal_dac.c:464:13:HAL_DAC_MspInit	16	static
stm32h7xx_hal_dac.c:480:13:HAL_DAC_MspDeInit	16	static
stm32h7xx_hal_dac.c:522:19:HAL_DAC_Start	16	static
stm32h7xx_hal_dac.c:575:19:HAL_DAC_Stop	16	static
stm32h7xx_hal_dac.c:607:19:HAL_DAC_Start_DMA	32	static
stm32h7xx_hal_dac.c:735:19:HAL_DAC_Stop_DMA	24	static
stm32h7xx_hal_dac.c:792:6:HAL_DAC_IRQHandler	16	static
stm32h7xx_hal_dac.c:863:19:HAL_DAC_SetValue	32	static
stm32h7xx_hal_dac.c:895:13:HAL_DAC_ConvCpltCallbackCh1	16	static
stm32h7xx_hal_dac.c:911:13:HAL_DAC_ConvHalfCpltCallbackCh1	16	static
stm32h7xx_hal_dac.c:927:13:HAL_DAC_ErrorCallbackCh1	16	static
stm32h7xx_hal_dac.c:943:13:HAL_DAC_DMAUnderrunCallbackCh1	16	static
stm32h7xx_hal_dac.c:982:10:HAL_DAC_GetValue	16	static
stm32h7xx_hal_dac.c:1009:19:HAL_DAC_ConfigChannel	40	static
stm32h7xx_hal_dac.c:1193:22:HAL_DAC_GetState	16	static
stm32h7xx_hal_dac.c:1206:10:HAL_DAC_GetError	16	static
stm32h7xx_hal_dac.c:1466:6:DAC_DMAConvCpltCh1	24	static
stm32h7xx_hal_dac.c:1485:6:DAC_DMAHalfConvCpltCh1	24	static
stm32h7xx_hal_dac.c:1502:6:DAC_DMAErrorCh1	24	static
