Archive member included to satisfy reference by file (symbol)

c:/st/stm32cubeide_1.4.0/stm32cubeide/plugins/com.st.stm32cube.ide.mcu.externaltools.gnu-tools-for-stm32.7-2018-q2-update.win32_1.4.0.202007081208/tools/bin/../lib/gcc/arm-none-eabi/7.3.1/../../../../arm-none-eabi/lib/thumb/v7e-m/fpv5/hard\libc_nano.a(lib_a-errno.o)
                              Core/Src/syscalls.o (__errno)
c:/st/stm32cubeide_1.4.0/stm32cubeide/plugins/com.st.stm32cube.ide.mcu.externaltools.gnu-tools-for-stm32.7-2018-q2-update.win32_1.4.0.202007081208/tools/bin/../lib/gcc/arm-none-eabi/7.3.1/../../../../arm-none-eabi/lib/thumb/v7e-m/fpv5/hard\libc_nano.a(lib_a-exit.o)
                              c:/st/stm32cubeide_1.4.0/stm32cubeide/plugins/com.st.stm32cube.ide.mcu.externaltools.gnu-tools-for-stm32.7-2018-q2-update.win32_1.4.0.202007081208/tools/bin/../lib/gcc/arm-none-eabi/7.3.1/../../../../arm-none-eabi/lib/thumb/v7e-m/fpv5/hard/crt0.o (exit)
c:/st/stm32cubeide_1.4.0/stm32cubeide/plugins/com.st.stm32cube.ide.mcu.externaltools.gnu-tools-for-stm32.7-2018-q2-update.win32_1.4.0.202007081208/tools/bin/../lib/gcc/arm-none-eabi/7.3.1/../../../../arm-none-eabi/lib/thumb/v7e-m/fpv5/hard\libc_nano.a(lib_a-impure.o)
                              c:/st/stm32cubeide_1.4.0/stm32cubeide/plugins/com.st.stm32cube.ide.mcu.externaltools.gnu-tools-for-stm32.7-2018-q2-update.win32_1.4.0.202007081208/tools/bin/../lib/gcc/arm-none-eabi/7.3.1/../../../../arm-none-eabi/lib/thumb/v7e-m/fpv5/hard\libc_nano.a(lib_a-exit.o) (_global_impure_ptr)
c:/st/stm32cubeide_1.4.0/stm32cubeide/plugins/com.st.stm32cube.ide.mcu.externaltools.gnu-tools-for-stm32.7-2018-q2-update.win32_1.4.0.202007081208/tools/bin/../lib/gcc/arm-none-eabi/7.3.1/../../../../arm-none-eabi/lib/thumb/v7e-m/fpv5/hard\libc_nano.a(lib_a-init.o)
                              c:/st/stm32cubeide_1.4.0/stm32cubeide/plugins/com.st.stm32cube.ide.mcu.externaltools.gnu-tools-for-stm32.7-2018-q2-update.win32_1.4.0.202007081208/tools/bin/../lib/gcc/arm-none-eabi/7.3.1/../../../../arm-none-eabi/lib/thumb/v7e-m/fpv5/hard/crt0.o (__libc_init_array)
c:/st/stm32cubeide_1.4.0/stm32cubeide/plugins/com.st.stm32cube.ide.mcu.externaltools.gnu-tools-for-stm32.7-2018-q2-update.win32_1.4.0.202007081208/tools/bin/../lib/gcc/arm-none-eabi/7.3.1/../../../../arm-none-eabi/lib/thumb/v7e-m/fpv5/hard\libc_nano.a(lib_a-memset.o)
                              c:/st/stm32cubeide_1.4.0/stm32cubeide/plugins/com.st.stm32cube.ide.mcu.externaltools.gnu-tools-for-stm32.7-2018-q2-update.win32_1.4.0.202007081208/tools/bin/../lib/gcc/arm-none-eabi/7.3.1/../../../../arm-none-eabi/lib/thumb/v7e-m/fpv5/hard/crt0.o (memset)
c:/st/stm32cubeide_1.4.0/stm32cubeide/plugins/com.st.stm32cube.ide.mcu.externaltools.gnu-tools-for-stm32.7-2018-q2-update.win32_1.4.0.202007081208/tools/bin/../lib/gcc/arm-none-eabi/7.3.1/../../../../arm-none-eabi/lib/thumb/v7e-m/fpv5/hard\libm.a(lib_a-w_exp.o)
                              Core/Src/main.o (exp)
c:/st/stm32cubeide_1.4.0/stm32cubeide/plugins/com.st.stm32cube.ide.mcu.externaltools.gnu-tools-for-stm32.7-2018-q2-update.win32_1.4.0.202007081208/tools/bin/../lib/gcc/arm-none-eabi/7.3.1/../../../../arm-none-eabi/lib/thumb/v7e-m/fpv5/hard\libm.a(lib_a-e_exp.o)
                              c:/st/stm32cubeide_1.4.0/stm32cubeide/plugins/com.st.stm32cube.ide.mcu.externaltools.gnu-tools-for-stm32.7-2018-q2-update.win32_1.4.0.202007081208/tools/bin/../lib/gcc/arm-none-eabi/7.3.1/../../../../arm-none-eabi/lib/thumb/v7e-m/fpv5/hard\libm.a(lib_a-w_exp.o) (__ieee754_exp)
c:/st/stm32cubeide_1.4.0/stm32cubeide/plugins/com.st.stm32cube.ide.mcu.externaltools.gnu-tools-for-stm32.7-2018-q2-update.win32_1.4.0.202007081208/tools/bin/../lib/gcc/arm-none-eabi/7.3.1/../../../../arm-none-eabi/lib/thumb/v7e-m/fpv5/hard\libm.a(lib_a-s_finite.o)
                              c:/st/stm32cubeide_1.4.0/stm32cubeide/plugins/com.st.stm32cube.ide.mcu.externaltools.gnu-tools-for-stm32.7-2018-q2-update.win32_1.4.0.202007081208/tools/bin/../lib/gcc/arm-none-eabi/7.3.1/../../../../arm-none-eabi/lib/thumb/v7e-m/fpv5/hard\libm.a(lib_a-w_exp.o) (finite)
c:/st/stm32cubeide_1.4.0/stm32cubeide/plugins/com.st.stm32cube.ide.mcu.externaltools.gnu-tools-for-stm32.7-2018-q2-update.win32_1.4.0.202007081208/tools/bin/../lib/gcc/arm-none-eabi/7.3.1/../../../../arm-none-eabi/lib/thumb/v7e-m/fpv5/hard\libm.a(lib_a-s_lib_ver.o)
                              c:/st/stm32cubeide_1.4.0/stm32cubeide/plugins/com.st.stm32cube.ide.mcu.externaltools.gnu-tools-for-stm32.7-2018-q2-update.win32_1.4.0.202007081208/tools/bin/../lib/gcc/arm-none-eabi/7.3.1/../../../../arm-none-eabi/lib/thumb/v7e-m/fpv5/hard\libm.a(lib_a-w_exp.o) (__fdlib_version)
c:/st/stm32cubeide_1.4.0/stm32cubeide/plugins/com.st.stm32cube.ide.mcu.externaltools.gnu-tools-for-stm32.7-2018-q2-update.win32_1.4.0.202007081208/tools/bin/../lib/gcc/arm-none-eabi/7.3.1/../../../../arm-none-eabi/lib/thumb/v7e-m/fpv5/hard\libm.a(lib_a-s_matherr.o)
[...]
Memory Configuration

Name             Origin             Length             Attributes
DTCMRAM          0x0000000020000000 0x0000000000020000 xrw
ITCMRAM          0x0000000000000000 0x0000000000010000 xrw
RAM_D1           0x0000000024000000 0x0000000000080000 xrw
RAM_D2           0x0000000030000000 0x0000000000048000 xrw
RAM_D3           0x0000000038000000 0x0000000000010000 xrw
FLASH            0x0000000008000000 0x0000000000200000 xr
*default*        0x0000000000000000 0xffffffffffffffff

Linker script and memory map

LOAD c:/st/stm32cubeide_1.4.0/stm32cubeide/plugins/com.st.stm32cube.ide.mcu.externaltools.gnu-tools-for-stm32.7-2018-q2-update.win32_1.4.0.202007081208/tools/bin/../lib/gcc/arm-none-eabi/7.3.1/thumb/v7e-m/fpv5/hard/crti.o
LOAD c:/st/stm32cubeide_1.4.0/stm32cubeide/plugins/com.st.stm32cube.ide.mcu.externaltools.gnu-tools-for-stm32.7-2018-q2-update.win32_1.4.0.202007081208/tools/bin/../lib/gcc/arm-none-eabi/7.3.1/thumb/v7e-m/fpv5/hard/crtbegin.o
LOAD c:/st/stm32cubeide_1.4.0/stm32cubeide/plugins/com.st.stm32cube.ide.mcu.externaltools.gnu-tools-for-stm32.7-2018-q2-update.win32_1.4.0.202007081208/tools/bin/../lib/gcc/arm-none-eabi/7.3.1/../../../../arm-none-eabi/lib/thumb/v7e-m/fpv5/hard/crt0.o
LOAD Core/Src/main.o
LOAD Core/Src/stm32h7xx_hal_msp.o
LOAD Core/Src/stm32h7xx_it.o
LOAD Core/Src/syscalls.o
LOAD Core/Src/sysmem.o
LOAD Core/Src/system_stm32h7xx.o
LOAD Core/Startup/startup_stm32h743vitx.o
LOAD Drivers/STM32H7xx_HAL_Driver/Src/stm32h7xx_hal.o
LOAD Drivers/STM32H7xx_HAL_Driver/Src/stm32h7xx_hal_cortex.o
LOAD Drivers/STM32H7xx_HAL_Driver/Src/stm32h7xx_hal_dac.o
LOAD Drivers/STM32H7xx_HAL_Driver/Src/stm32h7xx_hal_dac_ex.o
LOAD Drivers/STM32H7xx_HAL_Driver/Src/stm32h7xx_hal_dma.o
LOAD Drivers/STM32H7xx_HAL_Driver/Src/stm32h7xx_hal_dma_ex.o
LOAD Drivers/STM32H7xx_HAL_Driver/Src/stm32h7xx_hal_exti.o
LOAD Drivers/STM32H7xx_HAL_Driver/Src/stm32h7xx_hal_flash.o
LOAD Drivers/STM32H7xx_HAL_Driver/Src/stm32h7xx_hal_flash_ex.o
LOAD Drivers/STM32H7xx_HAL_Driver/Src/stm32h7xx_hal_gpio.o
LOAD Drivers/STM32H7xx_HAL_Driver/Src/stm32h7xx_hal_hsem.o
LOAD Drivers/STM32H7xx_HAL_Driver/Src/stm32h7xx_hal_i2c.o
LOAD Drivers/STM32H7xx_HAL_Driver/Src/stm32h7xx_hal_i2c_ex.o
LOAD Drivers/STM32H7xx_HAL_Driver/Src/stm32h7xx_hal_mdma.o
LOAD Drivers/STM32H7xx_HAL_Driver/Src/stm32h7xx_hal_pwr.o
LOAD Drivers/STM32H7xx_HAL_Driver/Src/stm32h7xx_hal_pwr_ex.o
LOAD Drivers/STM32H7xx_HAL_Driver/Src/stm32h7xx_hal_rcc.o
LOAD Drivers/STM32H7xx_HAL_Driver/Src/stm32h7xx_hal_rcc_ex.o
LOAD Drivers/STM32H7xx_HAL_Driver/Src/stm32h7xx_hal_tim.o
LOAD Drivers/STM32H7xx_HAL_Driver/Src/stm32h7xx_hal_tim_ex.o
START GROUP
LOAD c:/st/stm32cubeide_1.4.0/stm32cubeide/plugins/com.st.stm32cube.ide.mcu.externaltools.gnu-tools-for-stm32.7-2018-q2-update.win32_1.4.0.202007081208/tools/bin/../lib/gcc/arm-none-eabi/7.3.1/../../../../arm-none-eabi/lib/thumb/v7e-m/fpv5/hard\libc_nano.a
LOAD c:/st/stm32cubeide_1.4.0/stm32cubeide/plugins/com.st.stm32cube.ide.mcu.externaltools.gnu-tools-for-stm32.7-2018-q2-update.win32_1.4.0.202007081208/tools/bin/../lib/gcc/arm-none-eabi/7.3.1/../../../../arm-none-eabi/lib/thumb/v7e-m/fpv5/hard\libm.a
END GROUP
START GROUP
LOAD c:/st/stm32cubeide_1.4.0/stm32cubeide/plugins/com.st.stm32cube.ide.mcu.externaltools.gnu-tools-for-stm32.7-2018-q2-update.win32_1.4.0.202007081208/tools/bin/../lib/gcc/arm-none-eabi/7.3.1/thumb/v7e-m/fpv5/hard\libgcc.a
LOAD c:/st/stm32cubeide_1.4.0/stm32cubeide/plugins/com.st.stm32cube.ide.mcu.externaltools.gnu-tools-for-stm32.7-2018-q2-update.win32_1.4.0.202007081208/tools/bin/../lib/gcc/arm-none-eabi/7.3.1/../../../../arm-none-eabi/lib/thumb/v7e-m/fpv5/hard\libc_nano.a
END GROUP
START GROUP
LOAD c:/st/stm32cubeide_1.4.0/stm32cubeide/plugins/com.st.stm32cube.ide.mcu.externaltools.gnu-tools-for-stm32.7-2018-q2-update.win32_1.4.0.202007081208/tools/bin/../lib/gcc/arm-none-eabi/7.3.1/thumb/v7e-m/fpv5/hard\libgcc.a
LOAD c:/st/stm32cubeide_1.4.0/stm32cubeide/plugins/com.st.stm32cube.ide.mcu.externaltools.gnu-tools-for-stm32.7-2018-q2-update.win32_1.4.0.202007081208/tools/bin/../lib/gcc/arm-none-eabi/7.3.1/../../../../arm-none-eabi/lib/thumb/v7e-m/fpv5/hard\libc_nano.a
LOAD c:/st/stm32cubeide_1.4.0/stm32cubeide/plugins/com.st.stm32cube.ide.mcu.externaltools.gnu-tools-for-stm32.7-2018-q2-update.win32_1.4.0.202007081208/tools/bin/../lib/gcc/arm-none-eabi/7.3.1/../../../../arm-none-eabi/lib/thumb/v7e-m/fpv5/hard\libnosys.a
END GROUP
START GROUP
LOAD c:/st/stm32cubeide_1.4.0/stm32cubeide/plugins/com.st.stm32cube.ide.mcu.externaltools.gnu-tools-for-stm32.7-2018-q2-update.win32_1.4.0.202007081208/tools/bin/../lib/gcc/arm-none-eabi/7.3.1/thumb/v7e-m/fpv5/hard\libgcc.a
LOAD c:/st/stm32cubeide_1.4.0/stm32cubeide/plugins/com.st.stm32cube.ide.mcu.externaltools.gnu-tools-for-stm32.7-2018-q2-update.win32_1.4.0.202007081208/tools/bin/../lib/gcc/arm-none-eabi/7.3.1/../../../../arm-none-eabi/lib/thumb/v7e-m/fpv5/hard\libc_nano.a
LOAD c:/st/stm32cubeide_1.4.0/stm32cubeide/plugins/com.st.stm32cube.ide.mcu.externaltools.gnu-tools-for-stm32.7-2018-q2-update.win32_1.4.0.202007081208/tools/bin/../lib/gcc/arm-none-eabi/7.3.1/../../../../arm-none-eabi/lib/thumb/v7e-m/fpv5/hard\libnosys.a
END GROUP
LOAD c:/st/stm32cubeide_1.4.0/stm32cubeide/plugins/com.st.stm32cube.ide.mcu.externaltools.gnu-tools-for-stm32.7-2018-q2-update.win32_1.4.0.202007081208/tools/bin/../lib/gcc/arm-none-eabi/7.3.1/thumb/v7e-m/fpv5/hard/crtend.o
LOAD c:/st/stm32cubeide_1.4.0/stm32cubeide/plugins/com.st.stm32cube.ide.mcu.externaltools.gnu-tools-for-stm32.7-2018-q2-update.win32_1.4.0.202007081208/tools/bin/../lib/gcc/arm-none-eabi/7.3.1/thumb/v7e-m/fpv5/hard/crtn.o
                0x0000000024080000                _estack = (ORIGIN (RAM_D1) + LENGTH (RAM_D1))
                0x0000000000000200                _Min_Heap_Size = 0x200
                0x0000000000000400                _Min_Stack_Size = 0x400

.isr_vector     0x0000000008000000      0x298
                0x0000000008000000                . = ALIGN (0x4)
 *(.isr_vector)
 .isr_vector    0x0000000008000000      0x298 Core/Startup/startup_stm32h743vitx.o
                0x0000000008000000                g_pfnVectors
                0x0000000008000298                . = ALIGN (0x4)

.text           0x0000000008000298     0x214c
                0x0000000008000298                . = ALIGN (0x4)
 *(.text)
 .text          0x0000000008000298       0x40 c:/st/stm32cubeide_1.4.0/stm32cubeide/plugins/com.st.stm32cube.ide.mcu.externaltools.gnu-tools-for-stm32.7-2018-q2-update.win32_1.4.0.202007081208/tools/bin/../lib/gcc/arm-none-eabi/7.3.1/thumb/v7e-m/fpv5/hard/crtbegin.o
 *(.text*)
 .text.main     0x00000000080002d8      0x104 Core/Src/main.o
                0x00000000080002d8                main
 .text.SystemClock_Config
                0x00000000080003dc       0xd4 Core/Src/main.o
                0x00000000080003dc                SystemClock_Config
 .text.MX_DAC1_Init
                0x00000000080004b0       0x64 Core/Src/main.o
 .text.MX_GPIO_Init
                0x0000000008000514       0x34 Core/Src/main.o
 .text.Error_Handler
                0x0000000008000548        0xe Core/Src/main.o
                0x0000000008000548                Error_Handler
 *fill*         0x0000000008000556        0x2 
 .text.HAL_MspInit
                0x0000000008000558       0x34 Core/Src/stm32h7xx_hal_msp.o
                0x0000000008000558                HAL_MspInit
 .text.HAL_DAC_MspInit
                0x000000000800058c       0x8c Core/Src/stm32h7xx_hal_msp.o
                0x000000000800058c                HAL_DAC_MspInit
 .text.NMI_Handler
                0x0000000008000618        0xe Core/Src/stm32h7xx_it.o
                0x0000000008000618                NMI_Handler
 .text.HardFault_Handler
                0x0000000008000626        0x6 Core/Src/stm32h7xx_it.o
                0x0000000008000626                HardFault_Handler
 .text.MemManage_Handler
                0x000000000800062c        0x6 Core/Src/stm32h7xx_it.o
                0x000000000800062c                MemManage_Handler
 .text.BusFault_Handler
                0x0000000008000632        0x6 Core/Src/stm32h7xx_it.o
                0x0000000008000632                BusFault_Handler
 .text.UsageFault_Handler
                0x0000000008000638        0x6 Core/Src/stm32h7xx_it.o
                0x0000000008000638                UsageFault_Handler
 .text.SVC_Handler
                0x000000000800063e        0xe Core/Src/stm32h7xx_it.o
                0x000000000800063e                SVC_Handler
 .text.DebugMon_Handler
                0x000000000800064c        0xe Core/Src/stm32h7xx_it.o
                0x000000000800064c                DebugMon_Handler
 .text.PendSV_Handler
                0x000000000800065a        0xe Core/Src/stm32h7xx_it.o
                0x000000000800065a                PendSV_Handler
 .text.SysTick_Handler
                0x0000000008000668        0xc Core/Src/stm32h7xx_it.o
                0x0000000008000668                SysTick_Handler
 .text.SystemInit
                0x0000000008000674      0x118 Core/Src/system_stm32h7xx.o
                0x0000000008000674                SystemInit
 .text.Reset_Handler
                0x000000000800078c       0x50 Core/Startup/startup_stm32h743vitx.o
                0x000000000800078c                Reset_Handler
 .text.Default_Handler
                0x00000000080007dc        0x2 Core/Startup/startup_stm32h743vitx.o
                0x00000000080007dc                RTC_Alarm_IRQHandler
                0x00000000080007dc                EXTI2_IRQHandler
                0x00000000080007dc                TIM8_CC_IRQHandler
                0x00000000080007dc                HRTIM1_Master_IRQHandler
                0x00000000080007dc                UART8_IRQHandler
                0x00000000080007dc                SPI4_IRQHandler
                0x00000000080007dc                TIM1_CC_IRQHandler
                0x00000000080007dc                BDMA_Channel6_IRQHandler
                0x00000000080007dc                DMA2_Stream5_IRQHandler
                0x00000000080007dc                HRTIM1_FLT_IRQHandler
                0x00000000080007dc                JPEG_IRQHandler
                0x00000000080007dc                DMA1_Stream5_IRQHandler
                0x00000000080007dc                BDMA_Channel1_IRQHandler
                0x00000000080007dc                HRTIM1_TIMD_IRQHandler
                0x00000000080007dc                TAMP_STAMP_IRQHandler
                0x00000000080007dc                EXTI3_IRQHandler
                0x00000000080007dc                LPTIM4_IRQHandler
                0x00000000080007dc                TIM8_TRG_COM_TIM14_IRQHandler
                0x00000000080007dc                LPTIM2_IRQHandler
                0x00000000080007dc                DFSDM1_FLT1_IRQHandler
                0x00000000080007dc                DMAMUX2_OVR_IRQHandler
                0x00000000080007dc                TIM8_UP_TIM13_IRQHandler
                0x00000000080007dc                I2C3_ER_IRQHandler
                0x00000000080007dc                DFSDM1_FLT2_IRQHandler
                0x00000000080007dc                MDMA_IRQHandler
                0x00000000080007dc                LPTIM3_IRQHandler
                0x00000000080007dc                HSEM1_IRQHandler
                0x00000000080007dc                EXTI0_IRQHandler
                0x00000000080007dc                I2C2_EV_IRQHandler
                0x00000000080007dc                DMA1_Stream2_IRQHandler
                0x00000000080007dc                FPU_IRQHandler
                0x00000000080007dc                OTG_HS_WKUP_IRQHandler
                0x00000000080007dc                FDCAN1_IT1_IRQHandler
                0x00000000080007dc                LTDC_ER_IRQHandler
                0x00000000080007dc                DMA2_Stream2_IRQHandler
                0x00000000080007dc                HRTIM1_TIME_IRQHandler
                0x00000000080007dc                SPI1_IRQHandler
                0x00000000080007dc                TIM6_DAC_IRQHandler
                0x00000000080007dc                DCMI_IRQHandler
                0x00000000080007dc                HRTIM1_TIMC_IRQHandler
                0x00000000080007dc                DMA2_Stream3_IRQHandler
                0x00000000080007dc                SAI2_IRQHandler
                0x00000000080007dc                DFSDM1_FLT3_IRQHandler
                0x00000000080007dc                USART6_IRQHandler
                0x00000000080007dc                TIM17_IRQHandler
                0x00000000080007dc                USART3_IRQHandler
                0x00000000080007dc                BDMA_Channel7_IRQHandler
                0x00000000080007dc                LPTIM5_IRQHandler
                0x00000000080007dc                UART5_IRQHandler
                0x00000000080007dc                ADC3_IRQHandler
                0x00000000080007dc                DMA2_Stream0_IRQHandler
                0x00000000080007dc                TIM4_IRQHandler
                0x00000000080007dc                BDMA_Channel2_IRQHandler
                0x00000000080007dc                QUADSPI_IRQHandler
                0x00000000080007dc                I2C1_EV_IRQHandler
                0x00000000080007dc                DMA1_Stream6_IRQHandler
                0x00000000080007dc                DMAMUX1_OVR_IRQHandler
                0x00000000080007dc                DMA1_Stream1_IRQHandler
                0x00000000080007dc                TIM16_IRQHandler
                0x00000000080007dc                UART4_IRQHandler
                0x00000000080007dc                BDMA_Channel5_IRQHandler
                0x00000000080007dc                TIM3_IRQHandler
                0x00000000080007dc                RCC_IRQHandler
                0x00000000080007dc                TIM8_BRK_TIM12_IRQHandler
                0x00000000080007dc                TIM1_TRG_COM_IRQHandler
                0x00000000080007dc                Default_Handler
                0x00000000080007dc                ECC_IRQHandler
                0x00000000080007dc                CEC_IRQHandler
                0x00000000080007dc                EXTI15_10_IRQHandler
                0x00000000080007dc                BDMA_Channel0_IRQHandler
                0x00000000080007dc                ADC_IRQHandler
                0x00000000080007dc                DMA1_Stream7_IRQHandler
                0x00000000080007dc                HRTIM1_TIMA_IRQHandler
                0x00000000080007dc                SPI5_IRQHandler
                0x00000000080007dc                TIM7_IRQHandler
                0x00000000080007dc                SDMMC1_IRQHandler
                0x00000000080007dc                TIM5_IRQHandler
                0x00000000080007dc                DMA2_Stream7_IRQHandler
                0x00000000080007dc                TIM15_IRQHandler
                0x00000000080007dc                PVD_AVD_IRQHandler
                0x00000000080007dc                I2C3_EV_IRQHandler
                0x00000000080007dc                EXTI9_5_IRQHandler
                0x00000000080007dc                RTC_WKUP_IRQHandler
                0x00000000080007dc                LTDC_IRQHandler
                0x00000000080007dc                SAI3_IRQHandler
                0x00000000080007dc                ETH_WKUP_IRQHandler
                0x00000000080007dc                SPDIF_RX_IRQHandler
                0x00000000080007dc                SPI2_IRQHandler
                0x00000000080007dc                OTG_HS_EP1_IN_IRQHandler
                0x00000000080007dc                DMA1_Stream0_IRQHandler
                0x00000000080007dc                CRS_IRQHandler
                0x00000000080007dc                EXTI4_IRQHandler
                0x00000000080007dc                RNG_IRQHandler
                0x00000000080007dc                HRTIM1_TIMB_IRQHandler
                0x00000000080007dc                FDCAN2_IT1_IRQHandler
                0x00000000080007dc                ETH_IRQHandler
                0x00000000080007dc                TIM1_UP_IRQHandler
                0x00000000080007dc                BDMA_Channel4_IRQHandler
                0x00000000080007dc                OTG_HS_EP1_OUT_IRQHandler
                0x00000000080007dc                WWDG_IRQHandler
                0x00000000080007dc                SPI6_IRQHandler
                0x00000000080007dc                MDIOS_IRQHandler
                0x00000000080007dc                I2C4_EV_IRQHandler
                0x00000000080007dc                FDCAN2_IT0_IRQHandler
                0x00000000080007dc                LPUART1_IRQHandler
                0x00000000080007dc                FDCAN1_IT0_IRQHandler
                0x00000000080007dc                TIM2_IRQHandler
                0x00000000080007dc                OTG_FS_WKUP_IRQHandler
                0x00000000080007dc                OTG_HS_IRQHandler
                0x00000000080007dc                DMA2D_IRQHandler
                0x00000000080007dc                TIM1_BRK_IRQHandler
                0x00000000080007dc                EXTI1_IRQHandler
                0x00000000080007dc                SDMMC2_IRQHandler
                0x00000000080007dc                OTG_FS_EP1_OUT_IRQHandler
                0x00000000080007dc                BDMA_Channel3_IRQHandler
                0x00000000080007dc                UART7_IRQHandler
                0x00000000080007dc                MDIOS_WKUP_IRQHandler
                0x00000000080007dc                USART2_IRQHandler
                0x00000000080007dc                DFSDM1_FLT0_IRQHandler
                0x00000000080007dc                SAI4_IRQHandler
                0x00000000080007dc                I2C2_ER_IRQHandler
                0x00000000080007dc                DMA2_Stream1_IRQHandler
                0x00000000080007dc                FLASH_IRQHandler
                0x00000000080007dc                DMA2_Stream4_IRQHandler
                0x00000000080007dc                USART1_IRQHandler
                0x00000000080007dc                OTG_FS_IRQHandler
                0x00000000080007dc                SPI3_IRQHandler
                0x00000000080007dc                WAKEUP_PIN_IRQHandler
                0x00000000080007dc                DMA1_Stream4_IRQHandler
                0x00000000080007dc                OTG_FS_EP1_IN_IRQHandler
                0x00000000080007dc                I2C1_ER_IRQHandler
                0x00000000080007dc                FMC_IRQHandler
                0x00000000080007dc                FDCAN_CAL_IRQHandler
                0x00000000080007dc                SWPMI1_IRQHandler
                0x00000000080007dc                COMP1_IRQHandler
                0x00000000080007dc                LPTIM1_IRQHandler
                0x00000000080007dc                I2C4_ER_IRQHandler
                0x00000000080007dc                DMA2_Stream6_IRQHandler
                0x00000000080007dc                SAI1_IRQHandler
                0x00000000080007dc                DMA1_Stream3_IRQHandler
 *fill*         0x00000000080007de        0x2 
 .text.HAL_Init
                0x00000000080007e0       0x78 Drivers/STM32H7xx_HAL_Driver/Src/stm32h7xx_hal.o
                0x00000000080007e0                HAL_Init
 .text.HAL_InitTick
                0x0000000008000858       0x6c Drivers/STM32H7xx_HAL_Driver/Src/stm32h7xx_hal.o
                0x0000000008000858                HAL_InitTick
 .text.HAL_IncTick
                0x00000000080008c4       0x28 Drivers/STM32H7xx_HAL_Driver/Src/stm32h7xx_hal.o
                0x00000000080008c4                HAL_IncTick
 .text.HAL_GetTick
                0x00000000080008ec       0x18 Drivers/STM32H7xx_HAL_Driver/Src/stm32h7xx_hal.o
                0x00000000080008ec                HAL_GetTick
 .text.HAL_Delay
                0x0000000008000904       0x44 Drivers/STM32H7xx_HAL_Driver/Src/stm32h7xx_hal.o
                0x0000000008000904                HAL_Delay
 .text.HAL_GetREVID
                0x0000000008000948       0x18 Drivers/STM32H7xx_HAL_Driver/Src/stm32h7xx_hal.o
                0x0000000008000948                HAL_GetREVID
 .text.__NVIC_SetPriorityGrouping
                0x0000000008000960       0x48 Drivers/STM32H7xx_HAL_Driver/Src/stm32h7xx_hal_cortex.o
 .text.__NVIC_GetPriorityGrouping
                0x00000000080009a8       0x1c Drivers/STM32H7xx_HAL_Driver/Src/stm32h7xx_hal_cortex.o
 .text.__NVIC_SetPriority
                0x00000000080009c4       0x54 Drivers/STM32H7xx_HAL_Driver/Src/stm32h7xx_hal_cortex.o
 .text.NVIC_EncodePriority
                0x0000000008000a18       0x66 Drivers/STM32H7xx_HAL_Driver/Src/stm32h7xx_hal_cortex.o
 *fill*         0x0000000008000a7e        0x2 
 .text.SysTick_Config
                0x0000000008000a80       0x44 Drivers/STM32H7xx_HAL_Driver/Src/stm32h7xx_hal_cortex.o
 .text.HAL_NVIC_SetPriorityGrouping
                0x0000000008000ac4       0x16 Drivers/STM32H7xx_HAL_Driver/Src/stm32h7xx_hal_cortex.o
                0x0000000008000ac4                HAL_NVIC_SetPriorityGrouping
 .text.HAL_NVIC_SetPriority
                0x0000000008000ada       0x34 Drivers/STM32H7xx_HAL_Driver/Src/stm32h7xx_hal_cortex.o
                0x0000000008000ada                HAL_NVIC_SetPriority
 .text.HAL_SYSTICK_Config
                0x0000000008000b0e       0x18 Drivers/STM32H7xx_HAL_Driver/Src/stm32h7xx_hal_cortex.o
                0x0000000008000b0e                HAL_SYSTICK_Config
 .text.HAL_DAC_Init
                0x0000000008000b26       0x44 Drivers/STM32H7xx_HAL_Driver/Src/stm32h7xx_hal_dac.o
                0x0000000008000b26                HAL_DAC_Init
 .text.HAL_DAC_SetValue
                0x0000000008000b6a       0x4a Drivers/STM32H7xx_HAL_Driver/Src/stm32h7xx_hal_dac.o
                0x0000000008000b6a                HAL_DAC_SetValue
 .text.HAL_DAC_ConfigChannel
                0x0000000008000bb4      0x260 Drivers/STM32H7xx_HAL_Driver/Src/stm32h7xx_hal_dac.o
                0x0000000008000bb4                HAL_DAC_ConfigChannel
 .text.HAL_GPIO_Init
                0x0000000008000e14      0x360 Drivers/STM32H7xx_HAL_Driver/Src/stm32h7xx_hal_gpio.o
                0x0000000008000e14                HAL_GPIO_Init
 .text.HAL_PWREx_ConfigSupply
                0x0000000008001174       0x74 Drivers/STM32H7xx_HAL_Driver/Src/stm32h7xx_hal_pwr_ex.o
                0x0000000008001174                HAL_PWREx_ConfigSupply
 .text.HAL_RCC_OscConfig
                0x00000000080011e8      0x820 Drivers/STM32H7xx_HAL_Driver/Src/stm32h7xx_hal_rcc.o
                0x00000000080011e8                HAL_RCC_OscConfig
 .text.HAL_RCC_ClockConfig
                0x0000000008001a08      0x36c Drivers/STM32H7xx_HAL_Driver/Src/stm32h7xx_hal_rcc.o
                0x0000000008001a08                HAL_RCC_ClockConfig
 .text.HAL_RCC_GetSysClockFreq
                0x0000000008001d74      0x2e4 Drivers/STM32H7xx_HAL_Driver/Src/stm32h7xx_hal_rcc.o
                0x0000000008001d74                HAL_RCC_GetSysClockFreq
 .text.__errno  0x0000000008002058        0xc c:/st/stm32cubeide_1.4.0/stm32cubeide/plugins/com.st.stm32cube.ide.mcu.externaltools.gnu-tools-for-stm32.7-2018-q2-update.win32_1.4.0.202007081208/tools/bin/../lib/gcc/arm-none-eabi/7.3.1/../../../../arm-none-eabi/lib/thumb/v7e-m/fpv5/hard\libc_nano.a(lib_a-errno.o)
                0x0000000008002058                __errno
 .text.__libc_init_array
                0x0000000008002064       0x48 c:/st/stm32cubeide_1.4.0/stm32cubeide/plugins/com.st.stm32cube.ide.mcu.externaltools.gnu-tools-for-stm32.7-2018-q2-update.win32_1.4.0.202007081208/tools/bin/../lib/gcc/arm-none-eabi/7.3.1/../../../../arm-none-eabi/lib/thumb/v7e-m/fpv5/hard\libc_nano.a(lib_a-init.o)
                0x0000000008002064                __libc_init_array
 .text.memset   0x00000000080020ac       0x10 c:/st/stm32cubeide_1.4.0/stm32cubeide/plugins/com.st.stm32cube.ide.mcu.externaltools.gnu-tools-for-stm32.7-2018-q2-update.win32_1.4.0.202007081208/tools/bin/../lib/gcc/arm-none-eabi/7.3.1/../../../../arm-none-eabi/lib/thumb/v7e-m/fpv5/hard\libc_nano.a(lib_a-memset.o)
                0x00000000080020ac                memset
 *fill*         0x00000000080020bc        0x4 
 .text.exp      0x00000000080020c0       0xe8 c:/st/stm32cubeide_1.4.0/stm32cubeide/plugins/com.st.stm32cube.ide.mcu.externaltools.gnu-tools-for-stm32.7-2018-q2-update.win32_1.4.0.202007081208/tools/bin/../lib/gcc/arm-none-eabi/7.3.1/../../../../arm-none-eabi/lib/thumb/v7e-m/fpv5/hard\libm.a(lib_a-w_exp.o)
                0x00000000080020c0                exp
 .text.__ieee754_exp
                0x00000000080021a8      0x210 c:/st/stm32cubeide_1.4.0/stm32cubeide/plugins/com.st.stm32cube.ide.mcu.externaltools.gnu-tools-for-stm32.7-2018-q2-update.win32_1.4.0.202007081208/tools/bin/../lib/gcc/arm-none-eabi/7.3.1/../../../../arm-none-eabi/lib/thumb/v7e-m/fpv5/hard\libm.a(lib_a-e_exp.o)
                0x00000000080021a8                __ieee754_exp
 .text.finite   0x00000000080023b8       0x10 c:/st/stm32cubeide_1.4.0/stm32cubeide/plugins/com.st.stm32cube.ide.mcu.externaltools.gnu-tools-for-stm32.7-2018-q2-update.win32_1.4.0.202007081208/tools/bin/../lib/gcc/arm-none-eabi/7.3.1/../../../../arm-none-eabi/lib/thumb/v7e-m/fpv5/hard\libm.a(lib_a-s_finite.o)
                0x00000000080023b8                finite
 .text.matherr  0x00000000080023c8        0x4 c:/st/stm32cubeide_1.4.0/stm32cubeide/plugins/com.st.stm32cube.ide.mcu.externaltools.gnu-tools-for-stm32.7-2018-q2-update.win32_1.4.0.202007081208/tools/bin/../lib/gcc/arm-none-eabi/7.3.1/../../../../arm-none-eabi/lib/thumb/v7e-m/fpv5/hard\libm.a(lib_a-s_matherr.o)
                0x00000000080023c8                matherr
 *(.glue_7)
 .glue_7        0x00000000080023cc        0x0 linker stubs
 *(.glue_7t)
 .glue_7t       0x00000000080023cc        0x0 linker stubs
 *(.eh_frame)
 .eh_frame      0x00000000080023cc        0x0 c:/st/stm32cubeide_1.4.0/stm32cubeide/plugins/com.st.stm32cube.ide.mcu.externaltools.gnu-tools-for-stm32.7-2018-q2-update.win32_1.4.0.202007081208/tools/bin/../lib/gcc/arm-none-eabi/7.3.1/thumb/v7e-m/fpv5/hard/crtbegin.o
 *(.init)
 .init          0x00000000080023cc        0x4 c:/st/stm32cubeide_1.4.0/stm32cubeide/plugins/com.st.stm32cube.ide.mcu.externaltools.gnu-tools-for-stm32.7-2018-q2-update.win32_1.4.0.202007081208/tools/bin/../lib/gcc/arm-none-eabi/7.3.1/thumb/v7e-m/fpv5/hard/crti.o
                0x00000000080023cc                _init
 .init          0x00000000080023d0        0x8 c:/st/stm32cubeide_1.4.0/stm32cubeide/plugins/com.st.stm32cube.ide.mcu.externaltools.gnu-tools-for-stm32.7-2018-q2-update.win32_1.4.0.202007081208/tools/bin/../lib/gcc/arm-none-eabi/7.3.1/thumb/v7e-m/fpv5/hard/crtn.o
 *(.fini)
 .fini          0x00000000080023d8        0x4 c:/st/stm32cubeide_1.4.0/stm32cubeide/plugins/com.st.stm32cube.ide.mcu.externaltools.gnu-tools-for-stm32.7-2018-q2-update.win32_1.4.0.202007081208/tools/bin/../lib/gcc/arm-none-eabi/7.3.1/thumb/v7e-m/fpv5/hard/crti.o
                0x00000000080023d8                _fini
 .fini          0x00000000080023dc        0x8 c:/st/stm32cubeide_1.4.0/stm32cubeide/plugins/com.st.stm32cube.ide.mcu.externaltools.gnu-tools-for-stm32.7-2018-q2-update.win32_1.4.0.202007081208/tools/bin/../lib/gcc/arm-none-eabi/7.3.1/thumb/v7e-m/fpv5/hard/crtn.o
                0x00000000080023e4                . = ALIGN (0x4)
                0x00000000080023e4                _etext = .

.vfp11_veneer   0x00000000080023e4        0x0
 .vfp11_veneer  0x00000000080023e4        0x0 linker stubs

.v4_bx          0x00000000080023e4        0x0
 .v4_bx         0x00000000080023e4        0x0 linker stubs

.iplt           0x00000000080023e4        0x0
 .iplt          0x00000000080023e4        0x0 c:/st/stm32cubeide_1.4.0/stm32cubeide/plugins/com.st.stm32cube.ide.mcu.externaltools.gnu-tools-for-stm32.7-2018-q2-update.win32_1.4.0.202007081208/tools/bin/../lib/gcc/arm-none-eabi/7.3.1/thumb/v7e-m/fpv5/hard/crtbegin.o

.rodata         0x00000000080023e8       0x48
                0x00000000080023e8                . = ALIGN (0x4)
 *(.rodata)
 *(.rodata*)
 .rodata.D1CorePrescTable
                0x00000000080023e8       0x10 Core/Src/system_stm32h7xx.o
                0x00000000080023e8                D1CorePrescTable
 .rodata.exp.str1.1
                0x00000000080023f8        0x4 c:/st/stm32cubeide_1.4.0/stm32cubeide/plugins/com.st.stm32cube.ide.mcu.externaltools.gnu-tools-for-stm32.7-2018-q2-update.win32_1.4.0.202007081208/tools/bin/../lib/gcc/arm-none-eabi/7.3.1/../../../../arm-none-eabi/lib/thumb/v7e-m/fpv5/hard\libm.a(lib_a-w_exp.o)
 *fill*         0x00000000080023fc        0x4 
 .rodata.halF   0x0000000008002400       0x10 c:/st/stm32cubeide_1.4.0/stm32cubeide/plugins/com.st.stm32cube.ide.mcu.externaltools.gnu-tools-for-stm32.7-2018-q2-update.win32_1.4.0.202007081208/tools/bin/../lib/gcc/arm-none-eabi/7.3.1/../../../../arm-none-eabi/lib/thumb/v7e-m/fpv5/hard\libm.a(lib_a-e_exp.o)
 .rodata.ln2HI  0x0000000008002410       0x10 c:/st/stm32cubeide_1.4.0/stm32cubeide/plugins/com.st.stm32cube.ide.mcu.externaltools.gnu-tools-for-stm32.7-2018-q2-update.win32_1.4.0.202007081208/tools/bin/../lib/gcc/arm-none-eabi/7.3.1/../../../../arm-none-eabi/lib/thumb/v7e-m/fpv5/hard\libm.a(lib_a-e_exp.o)
 .rodata.ln2LO  0x0000000008002420       0x10 c:/st/stm32cubeide_1.4.0/stm32cubeide/plugins/com.st.stm32cube.ide.mcu.externaltools.gnu-tools-for-stm32.7-2018-q2-update.win32_1.4.0.202007081208/tools/bin/../lib/gcc/arm-none-eabi/7.3.1/../../../../arm-none-eabi/lib/thumb/v7e-m/fpv5/hard\libm.a(lib_a-e_exp.o)
                0x0000000008002430                . = ALIGN (0x4)

.rel.dyn        0x0000000008002430        0x0
 .rel.iplt      0x0000000008002430        0x0 c:/st/stm32cubeide_1.4.0/stm32cubeide/plugins/com.st.stm32cube.ide.mcu.externaltools.gnu-tools-for-stm32.7-2018-q2-update.win32_1.4.0.202007081208/tools/bin/../lib/gcc/arm-none-eabi/7.3.1/thumb/v7e-m/fpv5/hard/crtbegin.o

.ARM.extab      0x0000000008002430        0x0
                0x0000000008002430                . = ALIGN (0x4)
 *(.ARM.extab* .gnu.linkonce.armextab.*)
                0x0000000008002430                . = ALIGN (0x4)

.ARM            0x0000000008002430        0x0
                0x0000000008002430                . = ALIGN (0x4)
                0x0000000008002430                __exidx_start = .
 *(.ARM.exidx*)
                0x0000000008002430                __exidx_end = .
                0x0000000008002430                . = ALIGN (0x4)

.preinit_array  0x0000000008002430        0x0
                0x0000000008002430                . = ALIGN (0x4)
                0x0000000008002430                PROVIDE (__preinit_array_start = .)
 *(.preinit_array*)
                0x0000000008002430                PROVIDE (__preinit_array_end = .)
                0x0000000008002430                . = ALIGN (0x4)

.init_array     0x0000000008002430        0x4
                0x0000000008002430                . = ALIGN (0x4)
                0x0000000008002430                PROVIDE (__init_array_start = .)
 *(SORT_BY_NAME(.init_array.*))
 *(.init_array*)
 .init_array    0x0000000008002430        0x4 c:/st/stm32cubeide_1.4.0/stm32cubeide/plugins/com.st.stm32cube.ide.mcu.externaltools.gnu-tools-for-stm32.7-2018-q2-update.win32_1.4.0.202007081208/tools/bin/../lib/gcc/arm-none-eabi/7.3.1/thumb/v7e-m/fpv5/hard/crtbegin.o
                0x0000000008002434                PROVIDE (__init_array_end = .)
                0x0000000008002434                . = ALIGN (0x4)

.fini_array     0x0000000008002434        0x4
                0x0000000008002434                . = ALIGN (0x4)
                [!provide]                        PROVIDE (__fini_array_start = .)
 *(SORT_BY_NAME(.fini_array.*))
 *(.fini_array*)
 .fini_array    0x0000000008002434        0x4 c:/st/stm32cubeide_1.4.0/stm32cubeide/plugins/com.st.stm32cube.ide.mcu.externaltools.gnu-tools-for-stm32.7-2018-q2-update.win32_1.4.0.202007081208/tools/bin/../lib/gcc/arm-none-eabi/7.3.1/thumb/v7e-m/fpv5/hard/crtbegin.o
                [!provide]                        PROVIDE (__fini_array_end = .)
                0x0000000008002438                . = ALIGN (0x4)
                0x0000000008002438                _sidata = LOADADDR (.data)

.data           0x0000000024000000       0x78 load address 0x0000000008002438
                0x0000000024000000                . = ALIGN (0x4)
                0x0000000024000000                _sdata = .
 *(.data)
 *(.data*)
 .data.SystemCoreClock
                0x0000000024000000        0x4 Core/Src/system_stm32h7xx.o
                0x0000000024000000                SystemCoreClock
 .data.SystemD2Clock
                0x0000000024000004        0x4 Core/Src/system_stm32h7xx.o
                0x0000000024000004                SystemD2Clock
 .data.uwTickPrio
                0x0000000024000008        0x4 Drivers/STM32H7xx_HAL_Driver/Src/stm32h7xx_hal.o
                0x0000000024000008                uwTickPrio
 .data.uwTickFreq
                0x000000002400000c        0x1 Drivers/STM32H7xx_HAL_Driver/Src/stm32h7xx_hal.o
                0x000000002400000c                uwTickFreq
 *fill*         0x000000002400000d        0x3 
 .data._impure_ptr
                0x0000000024000010        0x4 c:/st/stm32cubeide_1.4.0/stm32cubeide/plugins/com.st.stm32cube.ide.mcu.externaltools.gnu-tools-for-stm32.7-2018-q2-update.win32_1.4.0.202007081208/tools/bin/../lib/gcc/arm-none-eabi/7.3.1/../../../../arm-none-eabi/lib/thumb/v7e-m/fpv5/hard\libc_nano.a(lib_a-impure.o)
                0x0000000024000010                _impure_ptr
 .data.impure_data
                0x0000000024000014       0x60 c:/st/stm32cubeide_1.4.0/stm32cubeide/plugins/com.st.stm32cube.ide.mcu.externaltools.gnu-tools-for-stm32.7-2018-q2-update.win32_1.4.0.202007081208/tools/bin/../lib/gcc/arm-none-eabi/7.3.1/../../../../arm-none-eabi/lib/thumb/v7e-m/fpv5/hard\libc_nano.a(lib_a-impure.o)
 .data.__fdlib_version
                0x0000000024000074        0x1 c:/st/stm32cubeide_1.4.0/stm32cubeide/plugins/com.st.stm32cube.ide.mcu.externaltools.gnu-tools-for-stm32.7-2018-q2-update.win32_1.4.0.202007081208/tools/bin/../lib/gcc/arm-none-eabi/7.3.1/../../../../arm-none-eabi/lib/thumb/v7e-m/fpv5/hard\libm.a(lib_a-s_lib_ver.o)
                0x0000000024000074                __fdlib_version
                0x0000000024000078                . = ALIGN (0x4)
 *fill*         0x0000000024000075        0x3 
                0x0000000024000078                _edata = .

.igot.plt       0x0000000024000078        0x0 load address 0x00000000080024b0
 .igot.plt      0x0000000024000078        0x0 c:/st/stm32cubeide_1.4.0/stm32cubeide/plugins/com.st.stm32cube.ide.mcu.externaltools.gnu-tools-for-stm32.7-2018-q2-update.win32_1.4.0.202007081208/tools/bin/../lib/gcc/arm-none-eabi/7.3.1/thumb/v7e-m/fpv5/hard/crtbegin.o
                0x0000000024000078                . = ALIGN (0x4)

.bss            0x0000000024000078       0x34 load address 0x00000000080024b0
                0x0000000024000078                _sbss = .
                0x0000000024000078                __bss_start__ = _sbss
 *(.bss)
 .bss           0x0000000024000078       0x1c c:/st/stm32cubeide_1.4.0/stm32cubeide/plugins/com.st.stm32cube.ide.mcu.externaltools.gnu-tools-for-stm32.7-2018-q2-update.win32_1.4.0.202007081208/tools/bin/../lib/gcc/arm-none-eabi/7.3.1/thumb/v7e-m/fpv5/hard/crtbegin.o
 *(.bss*)
 *(COMMON)
 COMMON         0x0000000024000094       0x14 Core/Src/main.o
                0x0000000024000094                hdac1
 COMMON         0x00000000240000a8        0x4 Drivers/STM32H7xx_HAL_Driver/Src/stm32h7xx_hal.o
                0x00000000240000a8                uwTick
                0x00000000240000ac                . = ALIGN (0x4)
                0x00000000240000ac                _ebss = .
                0x00000000240000ac                __bss_end__ = _ebss

._user_heap_stack
                0x00000000240000ac      0x604 load address 0x00000000080024b0
                0x00000000240000b0                . = ALIGN (0x8)
 *fill*         0x00000000240000ac        0x4 
                [!provide]                        PROVIDE (end = .)
                0x00000000240000b0                PROVIDE (_end = .)
                0x00000000240002b0                . = (. + _Min_Heap_Size)
 *fill*         0x00000000240000b0      0x200 
                0x00000000240006b0                . = (. + _Min_Stack_Size)
 *fill*         0x00000000240002b0      0x400 
                0x00000000240006b0                . = ALIGN (0x8)

/DISCARD/
 libc.a(*)
 libm.a(*)
 libgcc.a(*)

.ARM.attributes
                0x0000000000000000       0x2e
 *(.ARM.attributes)
 .ARM.attributes
                0x0000000000000000       0x20 c:/st/stm32cubeide_1.4.0/stm32cubeide/plugins/com.st.stm32cube.ide.mcu.externaltools.gnu-tools-for-stm32.7-2018-q2-update.win32_1.4.0.202007081208/tools/bin/../lib/gcc/arm-none-eabi/7.3.1/thumb/v7e-m/fpv5/hard/crti.o
 .ARM.attributes
                0x0000000000000020       0x32 c:/st/stm32cubeide_1.4.0/stm32cubeide/plugins/com.st.stm32cube.ide.mcu.externaltools.gnu-tools-for-stm32.7-2018-q2-update.win32_1.4.0.202007081208/tools/bin/../lib/gcc/arm-none-eabi/7.3.1/thumb/v7e-m/fpv5/hard/crtbegin.o
 .ARM.attributes
                0x0000000000000052       0x37 Core/Src/main.o
 .ARM.attributes
                0x0000000000000089       0x37 Core/Src/stm32h7xx_hal_msp.o
 .ARM.attributes
                0x00000000000000c0       0x37 Core/Src/stm32h7xx_it.o
 .ARM.attributes
                0x00000000000000f7       0x37 Core/Src/system_stm32h7xx.o
 .ARM.attributes
                0x000000000000012e       0x21 Core/Startup/startup_stm32h743vitx.o
 .ARM.attributes
                0x000000000000014f       0x37 Drivers/STM32H7xx_HAL_Driver/Src/stm32h7xx_hal.o
 .ARM.attributes
                0x0000000000000186       0x37 Drivers/STM32H7xx_HAL_Driver/Src/stm32h7xx_hal_cortex.o
 .ARM.attributes
                0x00000000000001bd       0x37 Drivers/STM32H7xx_HAL_Driver/Src/stm32h7xx_hal_dac.o
 .ARM.attributes
                0x00000000000001f4       0x37 Drivers/STM32H7xx_HAL_Driver/Src/stm32h7xx_hal_gpio.o
 .ARM.attributes
                0x000000000000022b       0x37 Drivers/STM32H7xx_HAL_Driver/Src/stm32h7xx_hal_pwr_ex.o
 .ARM.attributes
                0x0000000000000262       0x37 Drivers/STM32H7xx_HAL_Driver/Src/stm32h7xx_hal_rcc.o
 .ARM.attributes
                0x0000000000000299       0x32 c:/st/stm32cubeide_1.4.0/stm32cubeide/plugins/com.st.stm32cube.ide.mcu.externaltools.gnu-tools-for-stm32.7-2018-q2-update.win32_1.4.0.202007081208/tools/bin/../lib/gcc/arm-none-eabi/7.3.1/../../../../arm-none-eabi/lib/thumb/v7e-m/fpv5/hard\libc_nano.a(lib_a-errno.o)
 .ARM.attributes
                0x00000000000002cb       0x32 c:/st/stm32cubeide_1.4.0/stm32cubeide/plugins/com.st.stm32cube.ide.mcu.externaltools.gnu-tools-for-stm32.7-2018-q2-update.win32_1.4.0.202007081208/tools/bin/../lib/gcc/arm-none-eabi/7.3.1/../../../../arm-none-eabi/lib/thumb/v7e-m/fpv5/hard\libc_nano.a(lib_a-impure.o)
 .ARM.attributes
                0x00000000000002fd       0x32 c:/st/stm32cubeide_1.4.0/stm32cubeide/plugins/com.st.stm32cube.ide.mcu.externaltools.gnu-tools-for-stm32.7-2018-q2-update.win32_1.4.0.202007081208/tools/bin/../lib/gcc/arm-none-eabi/7.3.1/../../../../arm-none-eabi/lib/thumb/v7e-m/fpv5/hard\libc_nano.a(lib_a-init.o)
 .ARM.attributes
                0x000000000000032f       0x32 c:/st/stm32cubeide_1.4.0/stm32cubeide/plugins/com.st.stm32cube.ide.mcu.externaltools.gnu-tools-for-stm32.7-2018-q2-update.win32_1.4.0.202007081208/tools/bin/../lib/gcc/arm-none-eabi/7.3.1/../../../../arm-none-eabi/lib/thumb/v7e-m/fpv5/hard\libc_nano.a(lib_a-memset.o)
 .ARM.attributes
                0x0000000000000361       0x32 c:/st/stm32cubeide_1.4.0/stm32cubeide/plugins/com.st.stm32cube.ide.mcu.externaltools.gnu-tools-for-stm32.7-2018-q2-update.win32_1.4.0.202007081208/tools/bin/../lib/gcc/arm-none-eabi/7.3.1/../../../../arm-none-eabi/lib/thumb/v7e-m/fpv5/hard\libm.a(lib_a-w_exp.o)
 .ARM.attributes
                0x0000000000000393       0x32 c:/st/stm32cubeide_1.4.0/stm32cubeide/plugins/com.st.stm32cube.ide.mcu.externaltools.gnu-tools-for-stm32.7-2018-q2-update.win32_1.4.0.202007081208/tools/bin/../lib/gcc/arm-none-eabi/7.3.1/../../../../arm-none-eabi/lib/thumb/v7e-m/fpv5/hard\libm.a(lib_a-e_exp.o)
 .ARM.attributes
                0x00000000000003c5       0x32 c:/st/stm32cubeide_1.4.0/stm32cubeide/plugins/com.st.stm32cube.ide.mcu.externaltools.gnu-tools-for-stm32.7-2018-q2-update.win32_1.4.0.202007081208/tools/bin/../lib/gcc/arm-none-eabi/7.3.1/../../../../arm-none-eabi/lib/thumb/v7e-m/fpv5/hard\libm.a(lib_a-s_finite.o)
 .ARM.attributes
                0x00000000000003f7       0x32 c:/st/stm32cubeide_1.4.0/stm32cubeide/plugins/com.st.stm32cube.ide.mcu.externaltools.gnu-tools-for-stm32.7-2018-q2-update.win32_1.4.0.202007081208/tools/bin/../lib/gcc/arm-none-eabi/7.3.1/../../../../arm-none-eabi/lib/thumb/v7e-m/fpv5/hard\libm.a(lib_a-s_lib_ver.o)
 .ARM.attributes
                0x0000000000000429       0x32 c:/st/stm32cubeide_1.4.0/stm32cubeide/plugins/com.st.stm32cube.ide.mcu.externaltools.gnu-tools-for-stm32.7-2018-q2-update.win32_1.4.0.202007081208/tools/bin/../lib/gcc/arm-none-eabi/7.3.1/../../../../arm-none-eabi/lib/thumb/v7e-m/fpv5/hard\libm.a(lib_a-s_matherr.o)
 .ARM.attributes
                0x000000000000045b       0x20 c:/st/stm32cubeide_1.4.0/stm32cubeide/plugins/com.st.stm32cube.ide.mcu.externaltools.gnu-tools-for-stm32.7-2018-q2-update.win32_1.4.0.202007081208/tools/bin/../lib/gcc/arm-none-eabi/7.3.1/thumb/v7e-m/fpv5/hard/crtn.o
OUTPUT(TraceGenerator.elf elf32-littlearm)

.debug_info     0x0000000000000000     0xe268
 .debug_info    0x0000000000000000     0x18bc Core/Src/main.o
 .debug_info    0x00000000000018bc     0x1462 Core/Src/stm32h7xx_hal_msp.o
 .debug_info    0x0000000000002d1e      0xb36 Core/Src/stm32h7xx_it.o
 .debug_info    0x0000000000003854     0x15e1 Core/Src/system_stm32h7xx.o
 .debug_info    0x0000000000004e35       0x22 Core/Startup/startup_stm32h743vitx.o
 .debug_info    0x0000000000004e57     0x1e00 Drivers/STM32H7xx_HAL_Driver/Src/stm32h7xx_hal.o
 .debug_info    0x0000000000006c57     0x1a74 Drivers/STM32H7xx_HAL_Driver/Src/stm32h7xx_hal_cortex.o
 .debug_info    0x00000000000086cb     0x14a7 Drivers/STM32H7xx_HAL_Driver/Src/stm32h7xx_hal_dac.o
 .debug_info    0x0000000000009b72     0x1640 Drivers/STM32H7xx_HAL_Driver/Src/stm32h7xx_hal_gpio.o
 .debug_info    0x000000000000b1b2     0x1915 Drivers/STM32H7xx_HAL_Driver/Src/stm32h7xx_hal_pwr_ex.o
 .debug_info    0x000000000000cac7     0x17a1 Drivers/STM32H7xx_HAL_Driver/Src/stm32h7xx_hal_rcc.o

.debug_abbrev   0x0000000000000000     0x1a3a
 .debug_abbrev  0x0000000000000000      0x2a2 Core/Src/main.o
 .debug_abbrev  0x00000000000002a2      0x226 Core/Src/stm32h7xx_hal_msp.o
 .debug_abbrev  0x00000000000004c8      0x1c9 Core/Src/stm32h7xx_it.o
 .debug_abbrev  0x0000000000000691      0x22e Core/Src/system_stm32h7xx.o
 .debug_abbrev  0x00000000000008bf       0x12 Core/Startup/startup_stm32h743vitx.o
 .debug_abbrev  0x00000000000008d1      0x2d9 Drivers/STM32H7xx_HAL_Driver/Src/stm32h7xx_hal.o
 .debug_abbrev  0x0000000000000baa      0x3b5 Drivers/STM32H7xx_HAL_Driver/Src/stm32h7xx_hal_cortex.o
 .debug_abbrev  0x0000000000000f5f      0x259 Drivers/STM32H7xx_HAL_Driver/Src/stm32h7xx_hal_dac.o
 .debug_abbrev  0x00000000000011b8      0x28f Drivers/STM32H7xx_HAL_Driver/Src/stm32h7xx_hal_gpio.o
 .debug_abbrev  0x0000000000001447      0x311 Drivers/STM32H7xx_HAL_Driver/Src/stm32h7xx_hal_pwr_ex.o
 .debug_abbrev  0x0000000000001758      0x2e2 Drivers/STM32H7xx_HAL_Driver/Src/stm32h7xx_hal_rcc.o

.debug_aranges  0x0000000000000000      0x6f0
 .debug_aranges
                0x0000000000000000       0x40 Core/Src/main.o
 .debug_aranges
                0x0000000000000040       0x30 Core/Src/stm32h7xx_hal_msp.o
 .debug_aranges
                0x0000000000000070       0x60 Core/Src/stm32h7xx_it.o
 .debug_aranges
                0x00000000000000d0       0x28 Core/Src/system_stm32h7xx.o
 .debug_aranges
                0x00000000000000f8       0x28 Core/Startup/startup_stm32h743vitx.o
 .debug_aranges
                0x0000000000000120      0x1b8 Drivers/STM32H7xx_HAL_Driver/Src/stm32h7xx_hal.o
 .debug_aranges
                0x00000000000002d8      0x120 Drivers/STM32H7xx_HAL_Driver/Src/stm32h7xx_hal_cortex.o
 .debug_aranges
                0x00000000000003f8       0xc0 Drivers/STM32H7xx_HAL_Driver/Src/stm32h7xx_hal_dac.o
 .debug_aranges
                0x00000000000004b8       0x58 Drivers/STM32H7xx_HAL_Driver/Src/stm32h7xx_hal_gpio.o
 .debug_aranges
                0x0000000000000510      0x158 Drivers/STM32H7xx_HAL_Driver/Src/stm32h7xx_hal_pwr_ex.o
 .debug_aranges
                0x0000000000000668       0x88 Drivers/STM32H7xx_HAL_Driver/Src/stm32h7xx_hal_rcc.o

.debug_ranges   0x0000000000000000      0x648
 .debug_ranges  0x0000000000000000       0x30 Core/Src/main.o
 .debug_ranges  0x0000000000000030       0x20 Core/Src/stm32h7xx_hal_msp.o
 .debug_ranges  0x0000000000000050       0x50 Core/Src/stm32h7xx_it.o
 .debug_ranges  0x00000000000000a0       0x18 Core/Src/system_stm32h7xx.o
 .debug_ranges  0x00000000000000b8       0x20 Core/Startup/startup_stm32h743vitx.o
 .debug_ranges  0x00000000000000d8      0x1a8 Drivers/STM32H7xx_HAL_Driver/Src/stm32h7xx_hal.o
 .debug_ranges  0x0000000000000280      0x110 Drivers/STM32H7xx_HAL_Driver/Src/stm32h7xx_hal_cortex.o
 .debug_ranges  0x0000000000000390       0xb0 Drivers/STM32H7xx_HAL_Driver/Src/stm32h7xx_hal_dac.o
 .debug_ranges  0x0000000000000440       0x48 Drivers/STM32H7xx_HAL_Driver/Src/stm32h7xx_hal_gpio.o
 .debug_ranges  0x0000000000000488      0x148 Drivers/STM32H7xx_HAL_Driver/Src/stm32h7xx_hal_pwr_ex.o
 .debug_ranges  0x00000000000005d0       0x78 Drivers/STM32H7xx_HAL_Driver/Src/stm32h7xx_hal_rcc.o

.debug_macro    0x0000000000000000    0x340da
 .debug_macro   0x0000000000000000      0x290 Core/Src/main.o
 .debug_macro   0x0000000000000290      0xa66 Core/Src/main.o
 .debug_macro   0x0000000000000cf6      0x232 Core/Src/main.o
 .debug_macro   0x0000000000000f28       0x2e Core/Src/main.o
 .debug_macro   0x0000000000000f56       0x3b Core/Src/main.o
 .debug_macro   0x0000000000000f91       0x22 Core/Src/main.o
 .debug_macro   0x0000000000000fb3       0x8e Core/Src/main.o
 .debug_macro   0x0000000000001041       0x51 Core/Src/main.o
 .debug_macro   0x0000000000001092       0xef Core/Src/main.o
 .debug_macro   0x0000000000001181       0x6a Core/Src/main.o
 .debug_macro   0x00000000000011eb      0x1df Core/Src/main.o
 .debug_macro   0x00000000000013ca       0x1c Core/Src/main.o
 .debug_macro   0x00000000000013e6       0x22 Core/Src/main.o
 .debug_macro   0x0000000000001408       0xdf Core/Src/main.o
 .debug_macro   0x00000000000014e7     0x12cd Core/Src/main.o
 .debug_macro   0x00000000000027b4      0x11f Core/Src/main.o
 .debug_macro   0x00000000000028d3       0x19 Core/Src/main.o
 .debug_macro   0x00000000000028ec    0x2538b Core/Src/main.o
 .debug_macro   0x0000000000027c77       0x43 Core/Src/main.o
 .debug_macro   0x0000000000027cba     0x3cd3 Core/Src/main.o
 .debug_macro   0x000000000002b98d      0x174 Core/Src/main.o
 .debug_macro   0x000000000002bb01       0x46 Core/Src/main.o
 .debug_macro   0x000000000002bb47       0x17 Core/Src/main.o
 .debug_macro   0x000000000002bb5e       0x3c Core/Src/main.o
 .debug_macro   0x000000000002bb9a       0x34 Core/Src/main.o
 .debug_macro   0x000000000002bbce       0x52 Core/Src/main.o
 .debug_macro   0x000000000002bc20       0x1f Core/Src/main.o
 .debug_macro   0x000000000002bc3f       0x43 Core/Src/main.o
 .debug_macro   0x000000000002bc82       0x20 Core/Src/main.o
 .debug_macro   0x000000000002bca2      0x1a3 Core/Src/main.o
 .debug_macro   0x000000000002be45      0x32a Core/Src/main.o
 .debug_macro   0x000000000002c16f      0x1e1 Core/Src/main.o
 .debug_macro   0x000000000002c350       0x54 Core/Src/main.o
 .debug_macro   0x000000000002c3a4     0x2382 Core/Src/main.o
 .debug_macro   0x000000000002e726     0x1009 Core/Src/main.o
 .debug_macro   0x000000000002f72f      0x138 Core/Src/main.o
 .debug_macro   0x000000000002f867      0x117 Core/Src/main.o
 .debug_macro   0x000000000002f97e      0x3b2 Core/Src/main.o
 .debug_macro   0x000000000002fd30       0x27 Core/Src/main.o
 .debug_macro   0x000000000002fd57      0x72d Core/Src/main.o
 .debug_macro   0x0000000000030484      0x229 Core/Src/main.o
 .debug_macro   0x00000000000306ad       0x66 Core/Src/main.o
 .debug_macro   0x0000000000030713      0x3bb Core/Src/main.o
 .debug_macro   0x0000000000030ace      0x3e5 Core/Src/main.o
 .debug_macro   0x0000000000030eb3      0x275 Core/Src/main.o
 .debug_macro   0x0000000000031128      0x184 Core/Src/main.o
 .debug_macro   0x00000000000312ac       0xd8 Core/Src/main.o
 .debug_macro   0x0000000000031384      0x3cb Core/Src/main.o
 .debug_macro   0x000000000003174f      0x41d Core/Src/main.o
 .debug_macro   0x0000000000031b6c       0x51 Core/Src/main.o
 .debug_macro   0x0000000000031bbd       0x4a Core/Src/main.o
 .debug_macro   0x0000000000031c07      0x22c Core/Src/main.o
 .debug_macro   0x0000000000031e33       0x64 Core/Src/main.o
 .debug_macro   0x0000000000031e97       0xa5 Core/Src/main.o
 .debug_macro   0x0000000000031f3c      0x1c5 Core/Src/main.o
 .debug_macro   0x0000000000032101      0x25f Core/Src/main.o
 .debug_macro   0x0000000000032360       0x35 Core/Src/main.o
 .debug_macro   0x0000000000032395      0x5a0 Core/Src/main.o
 .debug_macro   0x0000000000032935      0x290 Core/Src/stm32h7xx_hal_msp.o
 .debug_macro   0x0000000000032bc5      0x29a Core/Src/stm32h7xx_it.o
 .debug_macro   0x0000000000032e5f      0x28c Core/Src/system_stm32h7xx.o
 .debug_macro   0x00000000000330eb      0x2b0 Drivers/STM32H7xx_HAL_Driver/Src/stm32h7xx_hal.o
 .debug_macro   0x000000000003339b      0x286 Drivers/STM32H7xx_HAL_Driver/Src/stm32h7xx_hal_cortex.o
 .debug_macro   0x0000000000033621      0x28e Drivers/STM32H7xx_HAL_Driver/Src/stm32h7xx_hal_dac.o
 .debug_macro   0x00000000000338af      0x2c2 Drivers/STM32H7xx_HAL_Driver/Src/stm32h7xx_hal_gpio.o
 .debug_macro   0x0000000000033b71      0x2bf Drivers/STM32H7xx_HAL_Driver/Src/stm32h7xx_hal_pwr_ex.o
 .debug_macro   0x0000000000033e30      0x2aa Drivers/STM32H7xx_HAL_Driver/Src/stm32h7xx_hal_rcc.o

.debug_line     0x0000000000000000     0x6642
 .debug_line    0x0000000000000000      0x89e Core/Src/main.o
 .debug_line    0x000000000000089e      0x841 Core/Src/stm32h7xx_hal_msp.o
 .debug_line    0x00000000000010df      0x8b9 Core/Src/stm32h7xx_it.o
 .debug_line    0x0000000000001998      0x860 Core/Src/system_stm32h7xx.o
 .debug_line    0x00000000000021f8       0x87 Core/Startup/startup_stm32h743vitx.o
 .debug_line    0x000000000000227f      0xc12 Drivers/STM32H7xx_HAL_Driver/Src/stm32h7xx_hal.o
 .debug_line    0x0000000000002e91      0xb51 Drivers/STM32H7xx_HAL_Driver/Src/stm32h7xx_hal_cortex.o
 .debug_line    0x00000000000039e2      0xa72 Drivers/STM32H7xx_HAL_Driver/Src/stm32h7xx_hal_dac.o
 .debug_line    0x0000000000004454      0xa0c Drivers/STM32H7xx_HAL_Driver/Src/stm32h7xx_hal_gpio.o
 .debug_line    0x0000000000004e60      0xbee Drivers/STM32H7xx_HAL_Driver/Src/stm32h7xx_hal_pwr_ex.o
 .debug_line    0x0000000000005a4e      0xbf4 Drivers/STM32H7xx_HAL_Driver/Src/stm32h7xx_hal_rcc.o

.debug_str      0x0000000000000000   0x14d360
 .debug_str     0x0000000000000000   0x14aea5 Core/Src/main.o
                                     0x14b3e9 (size before relaxing)
 .debug_str     0x000000000014aea5       0xb6 Core/Src/stm32h7xx_hal_msp.o
                                     0x14b116 (size before relaxing)
 .debug_str     0x000000000014af5b       0xbd Core/Src/stm32h7xx_it.o
                                     0x14aae5 (size before relaxing)
 .debug_str     0x000000000014b018      0x332 Core/Src/system_stm32h7xx.o
                                     0x14af8d (size before relaxing)
 .debug_str     0x000000000014b34a       0x36 Core/Startup/startup_stm32h743vitx.o
                                         0x6d (size before relaxing)
 .debug_str     0x000000000014b380      0xf77 Drivers/STM32H7xx_HAL_Driver/Src/stm32h7xx_hal.o
                                     0x14be1a (size before relaxing)
 .debug_str     0x000000000014c2f7      0x3ad Drivers/STM32H7xx_HAL_Driver/Src/stm32h7xx_hal_cortex.o
                                     0x14b8a5 (size before relaxing)
 .debug_str     0x000000000014c6a4      0x1f8 Drivers/STM32H7xx_HAL_Driver/Src/stm32h7xx_hal_dac.o
                                     0x14b187 (size before relaxing)
 .debug_str     0x000000000014c89c      0x220 Drivers/STM32H7xx_HAL_Driver/Src/stm32h7xx_hal_gpio.o
                                     0x14b03d (size before relaxing)
 .debug_str     0x000000000014cabc      0x638 Drivers/STM32H7xx_HAL_Driver/Src/stm32h7xx_hal_pwr_ex.o
                                     0x14b3f1 (size before relaxing)
 .debug_str     0x000000000014d0f4      0x26c Drivers/STM32H7xx_HAL_Driver/Src/stm32h7xx_hal_rcc.o
                                     0x14b2cc (size before relaxing)

.comment        0x0000000000000000       0x7b
 .comment       0x0000000000000000       0x7b Core/Src/main.o
                                         0x7c (size before relaxing)
 .comment       0x000000000000007b       0x7c Core/Src/stm32h7xx_hal_msp.o
 .comment       0x000000000000007b       0x7c Core/Src/stm32h7xx_it.o
 .comment       0x000000000000007b       0x7c Core/Src/system_stm32h7xx.o
 .comment       0x000000000000007b       0x7c Drivers/STM32H7xx_HAL_Driver/Src/stm32h7xx_hal.o
 .comment       0x000000000000007b       0x7c Drivers/STM32H7xx_HAL_Driver/Src/stm32h7xx_hal_cortex.o
 .comment       0x000000000000007b       0x7c Drivers/STM32H7xx_HAL_Driver/Src/stm32h7xx_hal_dac.o
 .comment       0x000000000000007b       0x7c Drivers/STM32H7xx_HAL_Driver/Src/stm32h7xx_hal_gpio.o
 .comment       0x000000000000007b       0x7c Drivers/STM32H7xx_HAL_Driver/Src/stm32h7xx_hal_pwr_ex.o
 .comment       0x000000000000007b       0x7c Drivers/STM32H7xx_HAL_Driver/Src/stm32h7xx_hal_rcc.o

.debug_frame    0x0000000000000000     0x1b94
 .debug_frame   0x0000000000000000       0xc8 Core/Src/main.o
 .debug_frame   0x00000000000000c8       0x80 Core/Src/stm32h7xx_hal_msp.o
 .debug_frame   0x0000000000000148      0x10c Core/Src/stm32h7xx_it.o
 .debug_frame   0x0000000000000254       0x58 Core/Src/system_stm32h7xx.o
 .debug_frame   0x00000000000002ac      0x710 Drivers/STM32H7xx_HAL_Driver/Src/stm32h7xx_hal.o
 .debug_frame   0x00000000000009bc      0x4b8 Drivers/STM32H7xx_HAL_Driver/Src/stm32h7xx_hal_cortex.o
 .debug_frame   0x0000000000000e74      0x338 Drivers/STM32H7xx_HAL_Driver/Src/stm32h7xx_hal_dac.o
 .debug_frame   0x00000000000011ac      0x14c Drivers/STM32H7xx_HAL_Driver/Src/stm32h7xx_hal_gpio.o
 .debug_frame   0x00000000000012f8      0x580 Drivers/STM32H7xx_HAL_Driver/Src/stm32h7xx_hal_pwr_ex.o
 .debug_frame   0x0000000000001878      0x1f8 Drivers/STM32H7xx_HAL_Driver/Src/stm32h7xx_hal_rcc.o
 .debug_frame   0x0000000000001a70       0x20 c:/st/stm32cubeide_1.4.0/stm32cubeide/plugins/com.st.stm32cube.ide.mcu.externaltools.gnu-tools-for-stm32.7-2018-q2-update.win32_1.4.0.202007081208/tools/bin/../lib/gcc/arm-none-eabi/7.3.1/../../../../arm-none-eabi/lib/thumb/v7e-m/fpv5/hard\libc_nano.a(lib_a-errno.o)
 .debug_frame   0x0000000000001a90       0x2c c:/st/stm32cubeide_1.4.0/stm32cubeide/plugins/com.st.stm32cube.ide.mcu.externaltools.gnu-tools-for-stm32.7-2018-q2-update.win32_1.4.0.202007081208/tools/bin/../lib/gcc/arm-none-eabi/7.3.1/../../../../arm-none-eabi/lib/thumb/v7e-m/fpv5/hard\libc_nano.a(lib_a-init.o)
 .debug_frame   0x0000000000001abc       0x20 c:/st/stm32cubeide_1.4.0/stm32cubeide/plugins/com.st.stm32cube.ide.mcu.externaltools.gnu-tools-for-stm32.7-2018-q2-update.win32_1.4.0.202007081208/tools/bin/../lib/gcc/arm-none-eabi/7.3.1/../../../../arm-none-eabi/lib/thumb/v7e-m/fpv5/hard\libc_nano.a(lib_a-memset.o)
 .debug_frame   0x0000000000001adc       0x4c c:/st/stm32cubeide_1.4.0/stm32cubeide/plugins/com.st.stm32cube.ide.mcu.externaltools.gnu-tools-for-stm32.7-2018-q2-update.win32_1.4.0.202007081208/tools/bin/../lib/gcc/arm-none-eabi/7.3.1/../../../../arm-none-eabi/lib/thumb/v7e-m/fpv5/hard\libm.a(lib_a-w_exp.o)
 .debug_frame   0x0000000000001b28       0x2c c:/st/stm32cubeide_1.4.0/stm32cubeide/plugins/com.st.stm32cube.ide.mcu.externaltools.gnu-tools-for-stm32.7-2018-q2-update.win32_1.4.0.202007081208/tools/bin/../lib/gcc/arm-none-eabi/7.3.1/../../../../arm-none-eabi/lib/thumb/v7e-m/fpv5/hard\libm.a(lib_a-e_exp.o)
 .debug_frame   0x0000000000001b54       0x20 c:/st/stm32cubeide_1.4.0/stm32cubeide/plugins/com.st.stm32cube.ide.mcu.externaltools.gnu-tools-for-stm32.7-2018-q2-update.win32_1.4.0.202007081208/tools/bin/../lib/gcc/arm-none-eabi/7.3.1/../../../../arm-none-eabi/lib/thumb/v7e-m/fpv5/hard\libm.a(lib_a-s_finite.o)
 .debug_frame   0x0000000000001b74       0x20 c:/st/stm32cubeide_1.4.0/stm32cubeide/plugins/com.st.stm32cube.ide.mcu.externaltools.gnu-tools-for-stm32.7-2018-q2-update.win32_1.4.0.202007081208/tools/bin/../lib/gcc/arm-none-eabi/7.3.1/../../../../arm-none-eabi/lib/thumb/v7e-m/fpv5/hard\libm.a(lib_a-s_matherr.o)
