Archive member included to satisfy reference by file (symbol)

c:/st/stm32cubeide_1.4.0/stm32cubeide/plugins/com.st.stm32cube.ide.mcu.externaltools.gnu-tools-for-stm32.7-2018-q2-update.win32_1.4.0.202007081208/tools/bin/../lib/gcc/arm-none-eabi/7.3.1/../../../../arm-none-eabi/lib/thumb/v7-m\libc_nano.a(lib_a-errno.o)
                              Core/Src/syscalls.o (__errno)
c:/st/stm32cubeide_1.4.0/stm32cubeide/plugins/com.st.stm32cube.ide.mcu.externaltools.gnu-tools-for-stm32.7-2018-q2-update.win32_1.4.0.202007081208/tools/bin/../lib/gcc/arm-none-eabi/7.3.1/../../../../arm-none-eabi/lib/thumb/v7-m\libc_nano.a(lib_a-exit.o)
                              c:/st/stm32cubeide_1.4.0/stm32cubeide/plugins/com.st.stm32cube.ide.mcu.externaltools.gnu-tools-for-stm32.7-2018-q2-update.win32_1.4.0.202007081208/tools/bin/../lib/gcc/arm-none-eabi/7.3.1/../../../../arm-none-eabi/lib/thumb/v7-m/crt0.o (exit)
c:/st/stm32cubeide_1.4.0/stm32cubeide/plugins/com.st.stm32cube.ide.mcu.externaltools.gnu-tools-for-stm32.7-2018-q2-update.win32_1.4.0.202007081208/tools/bin/../lib/gcc/arm-none-eabi/7.3.1/../../../../arm-none-eabi/lib/thumb/v7-m\libc_nano.a(lib_a-impure.o)
                              c:/st/stm32cubeide_1.4.0/stm32cubeide/plugins/com.st.stm32cube.ide.mcu.externaltools.gnu-tools-for-stm32.7-2018-q2-update.win32_1.4.0.202007081208/tools/bin/../lib/gcc/arm-none-eabi/7.3.1/../../../../arm-none-eabi/lib/thumb/v7-m\libc_nano.a(lib_a-exit.o) (_global_impure_ptr)
c:/st/stm32cubeide_1.4.0/stm32cubeide/plugins/com.st.stm32cube.ide.mcu.externaltools.gnu-tools-for-stm32.7-2018-q2-update.win32_1.4.0.202007081208/tools/bin/../lib/gcc/arm-none-eabi/7.3.1/../../../../arm-none-eabi/lib/thumb/v7-m\libc_nano.a(lib_a-init.o)
                              c:/st/stm32cubeide_1.4.0/stm32cubeide/plugins/com.st.stm32cube.ide.mcu.externaltools.gnu-tools-for-stm32.7-2018-q2-update.win32_1.4.0.202007081208/tools/bin/../lib/gcc/arm-none-eabi/7.3.1/../../../../arm-none-eabi/lib/thumb/v7-m/crt0.o (__libc_init_array)
c:/st/stm32cubeide_1.4.0/stm32cubeide/plugins/com.st.stm32cube.ide.mcu.externaltools.gnu-tools-for-stm32.7-2018-q2-update.win32_1.4.0.202007081208/tools/bin/../lib/gcc/arm-none-eabi/7.3.1/../../../../arm-none-eabi/lib/thumb/v7-m\libc_nano.a(lib_a-memset.o)
                              c:/st/stm32cubeide_1.4.0/stm32cubeide/plugins/com.st.stm32cube.ide.mcu.externaltools.gnu-tools-for-stm32.7-2018-q2-update.win32_1.4.0.202007081208/tools/bin/../lib/gcc/arm-none-eabi/7.3.1/../../../../arm-none-eabi/lib/thumb/v7-m/crt0.o (memset)
c:/st/stm32cubeide_1.4.0/stm32cubeide/plugins/com.st.stm32cube.ide.mcu.externaltools.gnu-tools-for-stm32.7-2018-q2-update.win32_1.4.0.202007081208/tools/bin/../lib/gcc/arm-none-eabi/7.3.1/../../../../arm-none-eabi/lib/thumb/v7-m\libm.a(lib_a-w_exp.o)
                              Core/Src/main.o (exp)
c:/st/stm32cubeide_1.4.0/stm32cubeide/plugins/com.st.stm32cube.ide.mcu.externaltools.gnu-tools-for-stm32.7-2018-q2-update.win32_1.4.0.202007081208/tools/bin/../lib/gcc/arm-none-eabi/7.3.1/../../../../arm-none-eabi/lib/thumb/v7-m\libm.a(lib_a-e_exp.o)
                              c:/st/stm32cubeide_1.4.0/stm32cubeide/plugins/com.st.stm32cube.ide.mcu.externaltools.gnu-tools-for-stm32.7-2018-q2-update.win32_1.4.0.202007081208/tools/bin/../lib/gcc/arm-none-eabi/7.3.1/../../../../arm-none-eabi/lib/thumb/v7-m\libm.a(lib_a-w_exp.o) (__ieee754_exp)
c:/st/stm32cubeide_1.4.0/stm32cubeide/plugins/com.st.stm32cube.ide.mcu.externaltools.gnu-tools-for-stm32.7-2018-q2-update.win32_1.4.0.202007081208/tools/bin/../lib/gcc/arm-none-eabi/7.3.1/../../../../arm-none-eabi/lib/thumb/v7-m\libm.a(lib_a-s_finite.o)
                              c:/st/stm32cubeide_1.4.0/stm32cubeide/plugins/com.st.stm32cube.ide.mcu.externaltools.gnu-tools-for-stm32.7-2018-q2-update.win32_1.4.0.202007081208/tools/bin/../lib/gcc/arm-none-eabi/7.3.1/../../../../arm-none-eabi/lib/thumb/v7-m\libm.a(lib_a-w_exp.o) (finite)
c:/st/stm32cubeide_1.4.0/stm32cubeide/plugins/com.st.stm32cube.ide.mcu.externaltools.gnu-tools-for-stm32.7-2018-q2-update.win32_1.4.0.202007081208/tools/bin/../lib/gcc/arm-none-eabi/7.3.1/../../../../arm-none-eabi/lib/thumb/v7-m\libm.a(lib_a-s_lib_ver.o)
                              c:/st/stm32cubeide_1.4.0/stm32cubeide/plugins/com.st.stm32cube.ide.mcu.externaltools.gnu-tools-for-stm32.7-2018-q2-update.win32_1.4.0.202007081208/tools/bin/../lib/gcc/arm-none-eabi/7.3.1/../../../../arm-none-eabi/lib/thumb/v7-m\libm.a(lib_a-w_exp.o) (__fdlib_version)
c:/st/stm32cubeide_1.4.0/stm32cubeide/plugins/com.st.stm32cube.ide.mcu.externaltools.gnu-tools-for-stm32.7-2018-q2-update.win32_1.4.0.202007081208/tools/bin/../lib/gcc/arm-none-eabi/7.3.1/../../../../arm-none-eabi/lib/thumb/v7-m\libm.a(lib_a-s_matherr.o)
[...]
Memory Configuration

Name             Origin             Length             Attributes
RAM              0x0000000020000000 0x0000000000005000 xrw
FLASH            0x0000000008000000 0x0000000000010000 xr
*default*        0x0000000000000000 0xffffffffffffffff

Linker script and memory map

LOAD c:/st/stm32cubeide_1.4.0/stm32cubeide/plugins/com.st.stm32cube.ide.mcu.externaltools.gnu-tools-for-stm32.7-2018-q2-update.win32_1.4.0.202007081208/tools/bin/../lib/gcc/arm-none-eabi/7.3.1/thumb/v7-m/crti.o
LOAD c:/st/stm32cubeide_1.4.0/stm32cubeide/plugins/com.st.stm32cube.ide.mcu.externaltools.gnu-tools-for-stm32.7-2018-q2-update.win32_1.4.0.202007081208/tools/bin/../lib/gcc/arm-none-eabi/7.3.1/thumb/v7-m/crtbegin.o
LOAD c:/st/stm32cubeide_1.4.0/stm32cubeide/plugins/com.st.stm32cube.ide.mcu.externaltools.gnu-tools-for-stm32.7-2018-q2-update.win32_1.4.0.202007081208/tools/bin/../lib/gcc/arm-none-eabi/7.3.1/../../../../arm-none-eabi/lib/thumb/v7-m/crt0.o
LOAD Core/Src/main.o
LOAD Core/Src/stm32f1xx_hal_msp.o
LOAD Core/Src/stm32f1xx_it.o
LOAD Core/Src/syscalls.o
LOAD Core/Src/sysmem.o
LOAD Core/Src/system_stm32f1xx.o
LOAD Core/Startup/startup_stm32f103c8tx.o
LOAD Drivers/STM32F1xx_HAL_Driver/Src/stm32f1xx_hal.o
LOAD Drivers/STM32F1xx_HAL_Driver/Src/stm32f1xx_hal_cortex.o
LOAD Drivers/STM32F1xx_HAL_Driver/Src/stm32f1xx_hal_dma.o
LOAD Drivers/STM32F1xx_HAL_Driver/Src/stm32f1xx_hal_exti.o
LOAD Drivers/STM32F1xx_HAL_Driver/Src/stm32f1xx_hal_flash.o
LOAD Drivers/STM32F1xx_HAL_Driver/Src/stm32f1xx_hal_flash_ex.o
LOAD Drivers/STM32F1xx_HAL_Driver/Src/stm32f1xx_hal_gpio.o
LOAD Drivers/STM32F1xx_HAL_Driver/Src/stm32f1xx_hal_gpio_ex.o
LOAD Drivers/STM32F1xx_HAL_Driver/Src/stm32f1xx_hal_pcd.o
LOAD Drivers/STM32F1xx_HAL_Driver/Src/stm32f1xx_hal_pcd_ex.o
LOAD Drivers/STM32F1xx_HAL_Driver/Src/stm32f1xx_hal_pwr.o
LOAD Drivers/STM32F1xx_HAL_Driver/Src/stm32f1xx_hal_rcc.o
LOAD Drivers/STM32F1xx_HAL_Driver/Src/stm32f1xx_hal_rcc_ex.o
LOAD Drivers/STM32F1xx_HAL_Driver/Src/stm32f1xx_hal_tim.o
LOAD Drivers/STM32F1xx_HAL_Driver/Src/stm32f1xx_hal_tim_ex.o
LOAD Drivers/STM32F1xx_HAL_Driver/Src/stm32f1xx_ll_usb.o
LOAD Middlewares/ST/STM32_USB_Device_Library/Class/CDC/Src/usbd_cdc.o
LOAD Middlewares/ST/STM32_USB_Device_Library/Core/Src/usbd_core.o
LOAD Middlewares/ST/STM32_USB_Device_Library/Core/Src/usbd_ctlreq.o
LOAD Middlewares/ST/STM32_USB_Device_Library/Core/Src/usbd_ioreq.o
LOAD USB_DEVICE/App/usb_device.o
LOAD USB_DEVICE/App/usbd_cdc_if.o
LOAD USB_DEVICE/App/usbd_desc.o
LOAD USB_DEVICE/Target/usbd_conf.o
START GROUP
LOAD c:/st/stm32cubeide_1.4.0/stm32cubeide/plugins/com.st.stm32cube.ide.mcu.externaltools.gnu-tools-for-stm32.7-2018-q2-update.win32_1.4.0.202007081208/tools/bin/../lib/gcc/arm-none-eabi/7.3.1/../../../../arm-none-eabi/lib/thumb/v7-m\libc_nano.a
LOAD c:/st/stm32cubeide_1.4.0/stm32cubeide/plugins/com.st.stm32cube.ide.mcu.externaltools.gnu-tools-for-stm32.7-2018-q2-update.win32_1.4.0.202007081208/tools/bin/../lib/gcc/arm-none-eabi/7.3.1/../../../../arm-none-eabi/lib/thumb/v7-m\libm.a
END GROUP
START GROUP
LOAD c:/st/stm32cubeide_1.4.0/stm32cubeide/plugins/com.st.stm32cube.ide.mcu.externaltools.gnu-tools-for-stm32.7-2018-q2-update.win32_1.4.0.202007081208/tools/bin/../lib/gcc/arm-none-eabi/7.3.1/thumb/v7-m\libgcc.a
LOAD c:/st/stm32cubeide_1.4.0/stm32cubeide/plugins/com.st.stm32cube.ide.mcu.externaltools.gnu-tools-for-stm32.7-2018-q2-update.win32_1.4.0.202007081208/tools/bin/../lib/gcc/arm-none-eabi/7.3.1/../../../../arm-none-eabi/lib/thumb/v7-m\libc_nano.a
END GROUP
START GROUP
LOAD c:/st/stm32cubeide_1.4.0/stm32cubeide/plugins/com.st.stm32cube.ide.mcu.externaltools.gnu-tools-for-stm32.7-2018-q2-update.win32_1.4.0.202007081208/tools/bin/../lib/gcc/arm-none-eabi/7.3.1/thumb/v7-m\libgcc.a
LOAD c:/st/stm32cubeide_1.4.0/stm32cubeide/plugins/com.st.stm32cube.ide.mcu.externaltools.gnu-tools-for-stm32.7-2018-q2-update.win32_1.4.0.202007081208/tools/bin/../lib/gcc/arm-none-eabi/7.3.1/../../../../arm-none-eabi/lib/thumb/v7-m\libc_nano.a
LOAD c:/st/stm32cubeide_1.4.0/stm32cubeide/plugins/com.st.stm32cube.ide.mcu.externaltools.gnu-tools-for-stm32.7-2018-q2-update.win32_1.4.0.202007081208/tools/bin/../lib/gcc/arm-none-eabi/7.3.1/../../../../arm-none-eabi/lib/thumb/v7-m\libnosys.a
END GROUP
START GROUP
LOAD c:/st/stm32cubeide_1.4.0/stm32cubeide/plugins/com.st.stm32cube.ide.mcu.externaltools.gnu-tools-for-stm32.7-2018-q2-update.win32_1.4.0.202007081208/tools/bin/../lib/gcc/arm-none-eabi/7.3.1/thumb/v7-m\libgcc.a
LOAD c:/st/stm32cubeide_1.4.0/stm32cubeide/plugins/com.st.stm32cube.ide.mcu.externaltools.gnu-tools-for-stm32.7-2018-q2-update.win32_1.4.0.202007081208/tools/bin/../lib/gcc/arm-none-eabi/7.3.1/../../../../arm-none-eabi/lib/thumb/v7-m\libc_nano.a
LOAD c:/st/stm32cubeide_1.4.0/stm32cubeide/plugins/com.st.stm32cube.ide.mcu.externaltools.gnu-tools-for-stm32.7-2018-q2-update.win32_1.4.0.202007081208/tools/bin/../lib/gcc/arm-none-eabi/7.3.1/../../../../arm-none-eabi/lib/thumb/v7-m\libnosys.a
END GROUP
LOAD c:/st/stm32cubeide_1.4.0/stm32cubeide/plugins/com.st.stm32cube.ide.mcu.externaltools.gnu-tools-for-stm32.7-2018-q2-update.win32_1.4.0.202007081208/tools/bin/../lib/gcc/arm-none-eabi/7.3.1/thumb/v7-m/crtend.o
LOAD c:/st/stm32cubeide_1.4.0/stm32cubeide/plugins/com.st.stm32cube.ide.mcu.externaltools.gnu-tools-for-stm32.7-2018-q2-update.win32_1.4.0.202007081208/tools/bin/../lib/gcc/arm-none-eabi/7.3.1/thumb/v7-m/crtn.o
                0x0000000020005000                _estack = (ORIGIN (RAM) + LENGTH (RAM))
                0x0000000000000200                _Min_Heap_Size = 0x200
                0x0000000000000400                _Min_Stack_Size = 0x400

.isr_vector     0x0000000008000000      0x10c
                0x0000000008000000                . = ALIGN (0x4)
 *(.isr_vector)
 .isr_vector    0x0000000008000000      0x10c Core/Startup/startup_stm32f103c8tx.o
                0x0000000008000000                g_pfnVectors
                0x000000000800010c                . = ALIGN (0x4)

.text           0x0000000008000110     0x7974
                0x0000000008000110                . = ALIGN (0x4)
 *(.text)
 .text          0x0000000008000110       0x40 c:/st/stm32cubeide_1.4.0/stm32cubeide/plugins/com.st.stm32cube.ide.mcu.externaltools.gnu-tools-for-stm32.7-2018-q2-update.win32_1.4.0.202007081208/tools/bin/../lib/gcc/arm-none-eabi/7.3.1/thumb/v7-m/crtbegin.o
 .text          0x0000000008000150      0x378 c:/st/stm32cubeide_1.4.0/stm32cubeide/plugins/com.st.stm32cube.ide.mcu.externaltools.gnu-tools-for-stm32.7-2018-q2-update.win32_1.4.0.202007081208/tools/bin/../lib/gcc/arm-none-eabi/7.3.1/thumb/v7-m\libgcc.a(_arm_addsubdf3.o)
                0x0000000008000150                __aeabi_drsub
                0x0000000008000158                __aeabi_dsub
                0x0000000008000158                __subdf3
                0x000000000800015c                __aeabi_dadd
                0x000000000800015c                __adddf3
                0x00000000080003d4                __floatunsidf
                0x00000000080003d4                __aeabi_ui2d
                0x00000000080003f4                __floatsidf
                0x00000000080003f4                __aeabi_i2d
                0x0000000008000418                __aeabi_f2d
                0x0000000008000418                __extendsfdf2
                0x000000000800045c                __floatundidf
                0x000000000800045c                __aeabi_ul2d
                0x000000000800046c                __floatdidf
                0x000000000800046c                __aeabi_l2d
 .text          0x00000000080004c8      0x424 c:/st/stm32cubeide_1.4.0/stm32cubeide/plugins/com.st.stm32cube.ide.mcu.externaltools.gnu-tools-for-stm32.7-2018-q2-update.win32_1.4.0.202007081208/tools/bin/../lib/gcc/arm-none-eabi/7.3.1/thumb/v7-m\libgcc.a(_arm_muldivdf3.o)
                0x00000000080004c8                __aeabi_dmul
                0x00000000080004c8                __muldf3
                0x000000000800071c                __divdf3
                0x000000000800071c                __aeabi_ddiv
 .text          0x00000000080008ec      0x110 c:/st/stm32cubeide_1.4.0/stm32cubeide/plugins/com.st.stm32cube.ide.mcu.externaltools.gnu-tools-for-stm32.7-2018-q2-update.win32_1.4.0.202007081208/tools/bin/../lib/gcc/arm-none-eabi/7.3.1/thumb/v7-m\libgcc.a(_arm_cmpdf2.o)
                0x00000000080008ec                __gtdf2
                0x00000000080008ec                __gedf2
                0x00000000080008f4                __ltdf2
                0x00000000080008f4                __ledf2
                0x00000000080008fc                __nedf2
                0x00000000080008fc                __eqdf2
                0x00000000080008fc                __cmpdf2
                0x0000000008000978                __aeabi_cdrcmple
                0x0000000008000988                __aeabi_cdcmpeq
                0x0000000008000988                __aeabi_cdcmple
                0x0000000008000998                __aeabi_dcmpeq
                0x00000000080009ac                __aeabi_dcmplt
                0x00000000080009c0                __aeabi_dcmple
                0x00000000080009d4                __aeabi_dcmpge
                0x00000000080009e8                __aeabi_dcmpgt
 .text          0x00000000080009fc       0x50 c:/st/stm32cubeide_1.4.0/stm32cubeide/plugins/com.st.stm32cube.ide.mcu.externaltools.gnu-tools-for-stm32.7-2018-q2-update.win32_1.4.0.202007081208/tools/bin/../lib/gcc/arm-none-eabi/7.3.1/thumb/v7-m\libgcc.a(_arm_fixdfsi.o)
                0x00000000080009fc                __aeabi_d2iz
                0x00000000080009fc                __fixdfsi
 *(.text*)
 *fill*         0x0000000008000a4c        0x4 
 .text.main     0x0000000008000a50      0x170 Core/Src/main.o
                0x0000000008000a50                main
 .text.SystemClock_Config
                0x0000000008000bc0       0xb6 Core/Src/main.o
                0x0000000008000bc0                SystemClock_Config
 *fill*         0x0000000008000c76        0x2 
 .text.MX_GPIO_Init
                0x0000000008000c78       0x98 Core/Src/main.o
 .text.CDC_Recive_Callback
                0x0000000008000d10       0x38 Core/Src/main.o
                0x0000000008000d10                CDC_Recive_Callback
 .text.Error_Handler
                0x0000000008000d48        0xc Core/Src/main.o
                0x0000000008000d48                Error_Handler
 .text.HAL_MspInit
                0x0000000008000d54       0x64 Core/Src/stm32f1xx_hal_msp.o
                0x0000000008000d54                HAL_MspInit
 .text.NMI_Handler
                0x0000000008000db8        0xc Core/Src/stm32f1xx_it.o
                0x0000000008000db8                NMI_Handler
 .text.HardFault_Handler
                0x0000000008000dc4        0x6 Core/Src/stm32f1xx_it.o
                0x0000000008000dc4                HardFault_Handler
 .text.MemManage_Handler
                0x0000000008000dca        0x6 Core/Src/stm32f1xx_it.o
                0x0000000008000dca                MemManage_Handler
 .text.BusFault_Handler
                0x0000000008000dd0        0x6 Core/Src/stm32f1xx_it.o
                0x0000000008000dd0                BusFault_Handler
 .text.UsageFault_Handler
                0x0000000008000dd6        0x6 Core/Src/stm32f1xx_it.o
                0x0000000008000dd6                UsageFault_Handler
 .text.SVC_Handler
                0x0000000008000ddc        0xc Core/Src/stm32f1xx_it.o
                0x0000000008000ddc                SVC_Handler
 .text.DebugMon_Handler
                0x0000000008000de8        0xc Core/Src/stm32f1xx_it.o
                0x0000000008000de8                DebugMon_Handler
 .text.PendSV_Handler
                0x0000000008000df4        0xc Core/Src/stm32f1xx_it.o
                0x0000000008000df4                PendSV_Handler
 .text.SysTick_Handler
                0x0000000008000e00        0xc Core/Src/stm32f1xx_it.o
                0x0000000008000e00                SysTick_Handler
 .text.USB_HP_CAN1_TX_IRQHandler
                0x0000000008000e0c       0x14 Core/Src/stm32f1xx_it.o
                0x0000000008000e0c                USB_HP_CAN1_TX_IRQHandler
 .text.USB_LP_CAN1_RX0_IRQHandler
                0x0000000008000e20       0x14 Core/Src/stm32f1xx_it.o
                0x0000000008000e20                USB_LP_CAN1_RX0_IRQHandler
 .text.SystemInit
                0x0000000008000e34        0xc Core/Src/system_stm32f1xx.o
                0x0000000008000e34                SystemInit
 .text.Reset_Handler
                0x0000000008000e40       0x48 Core/Startup/startup_stm32f103c8tx.o
                0x0000000008000e40                Reset_Handler
 .text.Default_Handler
                0x0000000008000e88        0x2 Core/Startup/startup_stm32f103c8tx.o
                0x0000000008000e88                RTC_Alarm_IRQHandler
                0x0000000008000e88                EXTI2_IRQHandler
                0x0000000008000e88                TIM1_CC_IRQHandler
                0x0000000008000e88                PVD_IRQHandler
                0x0000000008000e88                EXTI3_IRQHandler
                0x0000000008000e88                EXTI0_IRQHandler
                0x0000000008000e88                I2C2_EV_IRQHandler
                0x0000000008000e88                ADC1_2_IRQHandler
                0x0000000008000e88                SPI1_IRQHandler
                0x0000000008000e88                TAMPER_IRQHandler
                0x0000000008000e88                DMA1_Channel4_IRQHandler
                0x0000000008000e88                USART3_IRQHandler
                0x0000000008000e88                RTC_IRQHandler
                0x0000000008000e88                DMA1_Channel7_IRQHandler
                0x0000000008000e88                CAN1_RX1_IRQHandler
                0x0000000008000e88                TIM4_IRQHandler
                0x0000000008000e88                I2C1_EV_IRQHandler
                0x0000000008000e88                DMA1_Channel6_IRQHandler
                0x0000000008000e88                TIM3_IRQHandler
                0x0000000008000e88                RCC_IRQHandler
                0x0000000008000e88                TIM1_TRG_COM_IRQHandler
                0x0000000008000e88                DMA1_Channel1_IRQHandler
                0x0000000008000e88                Default_Handler
                0x0000000008000e88                EXTI15_10_IRQHandler
                0x0000000008000e88                EXTI9_5_IRQHandler
                0x0000000008000e88                SPI2_IRQHandler
                0x0000000008000e88                DMA1_Channel5_IRQHandler
                0x0000000008000e88                EXTI4_IRQHandler
                0x0000000008000e88                DMA1_Channel3_IRQHandler
                0x0000000008000e88                TIM1_UP_IRQHandler
                0x0000000008000e88                WWDG_IRQHandler
                0x0000000008000e88                TIM2_IRQHandler
                0x0000000008000e88                TIM1_BRK_IRQHandler
                0x0000000008000e88                EXTI1_IRQHandler
                0x0000000008000e88                USART2_IRQHandler
                0x0000000008000e88                I2C2_ER_IRQHandler
                0x0000000008000e88                DMA1_Channel2_IRQHandler
                0x0000000008000e88                CAN1_SCE_IRQHandler
                0x0000000008000e88                FLASH_IRQHandler
                0x0000000008000e88                USART1_IRQHandler
                0x0000000008000e88                I2C1_ER_IRQHandler
                0x0000000008000e88                USBWakeUp_IRQHandler
 *fill*         0x0000000008000e8a        0x2 
 .text.HAL_Init
                0x0000000008000e8c       0x2c Drivers/STM32F1xx_HAL_Driver/Src/stm32f1xx_hal.o
                0x0000000008000e8c                HAL_Init
 .text.HAL_InitTick
                0x0000000008000eb8       0x60 Drivers/STM32F1xx_HAL_Driver/Src/stm32f1xx_hal.o
                0x0000000008000eb8                HAL_InitTick
 .text.HAL_IncTick
                0x0000000008000f18       0x24 Drivers/STM32F1xx_HAL_Driver/Src/stm32f1xx_hal.o
                0x0000000008000f18                HAL_IncTick
 .text.HAL_GetTick
                0x0000000008000f3c       0x14 Drivers/STM32F1xx_HAL_Driver/Src/stm32f1xx_hal.o
                0x0000000008000f3c                HAL_GetTick
 .text.__NVIC_SetPriorityGrouping
                0x0000000008000f50       0x48 Drivers/STM32F1xx_HAL_Driver/Src/stm32f1xx_hal_cortex.o
 .text.__NVIC_GetPriorityGrouping
                0x0000000008000f98       0x1c Drivers/STM32F1xx_HAL_Driver/Src/stm32f1xx_hal_cortex.o
 .text.__NVIC_EnableIRQ
                0x0000000008000fb4       0x38 Drivers/STM32F1xx_HAL_Driver/Src/stm32f1xx_hal_cortex.o
 .text.__NVIC_SetPriority
                0x0000000008000fec       0x54 Drivers/STM32F1xx_HAL_Driver/Src/stm32f1xx_hal_cortex.o
 .text.NVIC_EncodePriority
                0x0000000008001040       0x64 Drivers/STM32F1xx_HAL_Driver/Src/stm32f1xx_hal_cortex.o
 .text.SysTick_Config
                0x00000000080010a4       0x44 Drivers/STM32F1xx_HAL_Driver/Src/stm32f1xx_hal_cortex.o
 .text.HAL_NVIC_SetPriorityGrouping
                0x00000000080010e8       0x16 Drivers/STM32F1xx_HAL_Driver/Src/stm32f1xx_hal_cortex.o
                0x00000000080010e8                HAL_NVIC_SetPriorityGrouping
 .text.HAL_NVIC_SetPriority
                0x00000000080010fe       0x38 Drivers/STM32F1xx_HAL_Driver/Src/stm32f1xx_hal_cortex.o
                0x00000000080010fe                HAL_NVIC_SetPriority
 .text.HAL_NVIC_EnableIRQ
                0x0000000008001136       0x1c Drivers/STM32F1xx_HAL_Driver/Src/stm32f1xx_hal_cortex.o
                0x0000000008001136                HAL_NVIC_EnableIRQ
 .text.HAL_SYSTICK_Config
                0x0000000008001152       0x18 Drivers/STM32F1xx_HAL_Driver/Src/stm32f1xx_hal_cortex.o
                0x0000000008001152                HAL_SYSTICK_Config
 *fill*         0x000000000800116a        0x2 
 .text.HAL_GPIO_Init
                0x000000000800116c      0x2b4 Drivers/STM32F1xx_HAL_Driver/Src/stm32f1xx_hal_gpio.o
                0x000000000800116c                HAL_GPIO_Init
 .text.HAL_GPIO_WritePin
                0x0000000008001420       0x30 Drivers/STM32F1xx_HAL_Driver/Src/stm32f1xx_hal_gpio.o
                0x0000000008001420                HAL_GPIO_WritePin
 .text.HAL_GPIO_TogglePin
                0x0000000008001450       0x32 Drivers/STM32F1xx_HAL_Driver/Src/stm32f1xx_hal_gpio.o
                0x0000000008001450                HAL_GPIO_TogglePin
 .text.HAL_PCD_Init
                0x0000000008001482      0x216 Drivers/STM32F1xx_HAL_Driver/Src/stm32f1xx_hal_pcd.o
                0x0000000008001482                HAL_PCD_Init
 .text.HAL_PCD_Start
                0x0000000008001698       0x4c Drivers/STM32F1xx_HAL_Driver/Src/stm32f1xx_hal_pcd.o
                0x0000000008001698                HAL_PCD_Start
 .text.HAL_PCD_IRQHandler
                0x00000000080016e4      0x2aa Drivers/STM32F1xx_HAL_Driver/Src/stm32f1xx_hal_pcd.o
                0x00000000080016e4                HAL_PCD_IRQHandler
 .text.HAL_PCD_SetAddress
                0x000000000800198e       0x4a Drivers/STM32F1xx_HAL_Driver/Src/stm32f1xx_hal_pcd.o
                0x000000000800198e                HAL_PCD_SetAddress
 .text.HAL_PCD_EP_Open
                0x00000000080019d8       0xcc Drivers/STM32F1xx_HAL_Driver/Src/stm32f1xx_hal_pcd.o
                0x00000000080019d8                HAL_PCD_EP_Open
 .text.HAL_PCD_EP_Close
                0x0000000008001aa4       0x90 Drivers/STM32F1xx_HAL_Driver/Src/stm32f1xx_hal_pcd.o
                0x0000000008001aa4                HAL_PCD_EP_Close
 .text.HAL_PCD_EP_Receive
                0x0000000008001b34       0x7a Drivers/STM32F1xx_HAL_Driver/Src/stm32f1xx_hal_pcd.o
                0x0000000008001b34                HAL_PCD_EP_Receive
 .text.HAL_PCD_EP_GetRxCount
                0x0000000008001bae       0x2e Drivers/STM32F1xx_HAL_Driver/Src/stm32f1xx_hal_pcd.o
                0x0000000008001bae                HAL_PCD_EP_GetRxCount
 .text.HAL_PCD_EP_Transmit
                0x0000000008001bdc       0x86 Drivers/STM32F1xx_HAL_Driver/Src/stm32f1xx_hal_pcd.o
                0x0000000008001bdc                HAL_PCD_EP_Transmit
 .text.HAL_PCD_EP_SetStall
                0x0000000008001c62       0xc0 Drivers/STM32F1xx_HAL_Driver/Src/stm32f1xx_hal_pcd.o
                0x0000000008001c62                HAL_PCD_EP_SetStall
 .text.HAL_PCD_EP_ClrStall
                0x0000000008001d22       0xa8 Drivers/STM32F1xx_HAL_Driver/Src/stm32f1xx_hal_pcd.o
                0x0000000008001d22                HAL_PCD_EP_ClrStall
 .text.PCD_EP_ISR_Handler
                0x0000000008001dca      0x5e6 Drivers/STM32F1xx_HAL_Driver/Src/stm32f1xx_hal_pcd.o
 .text.HAL_PCD_EP_DB_Receive
                0x00000000080023b0      0x21a Drivers/STM32F1xx_HAL_Driver/Src/stm32f1xx_hal_pcd.o
 .text.HAL_PCD_EP_DB_Transmit
                0x00000000080025ca      0x53a Drivers/STM32F1xx_HAL_Driver/Src/stm32f1xx_hal_pcd.o
 .text.HAL_PCDEx_PMAConfig
                0x0000000008002b04       0x84 Drivers/STM32F1xx_HAL_Driver/Src/stm32f1xx_hal_pcd_ex.o
                0x0000000008002b04                HAL_PCDEx_PMAConfig
 .text.HAL_RCC_OscConfig
                0x0000000008002b88      0x500 Drivers/STM32F1xx_HAL_Driver/Src/stm32f1xx_hal_rcc.o
                0x0000000008002b88                HAL_RCC_OscConfig
 .text.HAL_RCC_ClockConfig
                0x0000000008003088      0x1d4 Drivers/STM32F1xx_HAL_Driver/Src/stm32f1xx_hal_rcc.o
                0x0000000008003088                HAL_RCC_ClockConfig
 .text.HAL_RCC_GetSysClockFreq
                0x000000000800325c       0xc4 Drivers/STM32F1xx_HAL_Driver/Src/stm32f1xx_hal_rcc.o
                0x000000000800325c                HAL_RCC_GetSysClockFreq
 .text.RCC_Delay
                0x0000000008003320       0x3c Drivers/STM32F1xx_HAL_Driver/Src/stm32f1xx_hal_rcc.o
 .text.HAL_RCCEx_PeriphCLKConfig
                0x000000000800335c      0x16c Drivers/STM32F1xx_HAL_Driver/Src/stm32f1xx_hal_rcc_ex.o
                0x000000000800335c                HAL_RCCEx_PeriphCLKConfig
 .text.USB_CoreInit
                0x00000000080034c8       0x20 Drivers/STM32F1xx_HAL_Driver/Src/stm32f1xx_ll_usb.o
                0x00000000080034c8                USB_CoreInit
 .text.USB_EnableGlobalInt
                0x00000000080034e8       0x2c Drivers/STM32F1xx_HAL_Driver/Src/stm32f1xx_ll_usb.o
                0x00000000080034e8                USB_EnableGlobalInt
 .text.USB_DisableGlobalInt
                0x0000000008003514       0x34 Drivers/STM32F1xx_HAL_Driver/Src/stm32f1xx_ll_usb.o
                0x0000000008003514                USB_DisableGlobalInt
 .text.USB_SetCurrentMode
                0x0000000008003548       0x18 Drivers/STM32F1xx_HAL_Driver/Src/stm32f1xx_ll_usb.o
                0x0000000008003548                USB_SetCurrentMode
 .text.USB_DevInit
                0x0000000008003560       0x40 Drivers/STM32F1xx_HAL_Driver/Src/stm32f1xx_ll_usb.o
                0x0000000008003560                USB_DevInit
 .text.USB_ActivateEndpoint
                0x00000000080035a0      0x6d4 Drivers/STM32F1xx_HAL_Driver/Src/stm32f1xx_ll_usb.o
                0x00000000080035a0                USB_ActivateEndpoint
 .text.USB_DeactivateEndpoint
                0x0000000008003c74      0x3d8 Drivers/STM32F1xx_HAL_Driver/Src/stm32f1xx_ll_usb.o
                0x0000000008003c74                USB_DeactivateEndpoint
 .text.USB_EPStartXfer
                0x000000000800404c     0x1240 Drivers/STM32F1xx_HAL_Driver/Src/stm32f1xx_ll_usb.o
                0x000000000800404c                USB_EPStartXfer
 .text.USB_EPSetStall
                0x000000000800528c       0xa0 Drivers/STM32F1xx_HAL_Driver/Src/stm32f1xx_ll_usb.o
                0x000000000800528c                USB_EPSetStall
 .text.USB_EPClearStall
                0x000000000800532c      0x15a Drivers/STM32F1xx_HAL_Driver/Src/stm32f1xx_ll_usb.o
                0x000000000800532c                USB_EPClearStall
 .text.USB_SetDevAddress
                0x0000000008005486       0x26 Drivers/STM32F1xx_HAL_Driver/Src/stm32f1xx_ll_usb.o
                0x0000000008005486                USB_SetDevAddress
 .text.USB_DevConnect
                0x00000000080054ac       0x14 Drivers/STM32F1xx_HAL_Driver/Src/stm32f1xx_ll_usb.o
                0x00000000080054ac                USB_DevConnect
 .text.USB_DevDisconnect
                0x00000000080054c0       0x14 Drivers/STM32F1xx_HAL_Driver/Src/stm32f1xx_ll_usb.o
                0x00000000080054c0                USB_DevDisconnect
 .text.USB_ReadInterrupts
                0x00000000080054d4       0x1e Drivers/STM32F1xx_HAL_Driver/Src/stm32f1xx_ll_usb.o
                0x00000000080054d4                USB_ReadInterrupts
 .text.USB_EP0_OutStart
                0x00000000080054f2       0x16 Drivers/STM32F1xx_HAL_Driver/Src/stm32f1xx_ll_usb.o
                0x00000000080054f2                USB_EP0_OutStart
 .text.USB_WritePMA
                0x0000000008005508       0x88 Drivers/STM32F1xx_HAL_Driver/Src/stm32f1xx_ll_usb.o
                0x0000000008005508                USB_WritePMA
 .text.USB_ReadPMA
                0x0000000008005590       0x9e Drivers/STM32F1xx_HAL_Driver/Src/stm32f1xx_ll_usb.o
                0x0000000008005590                USB_ReadPMA
 .text.USBD_CDC_Init
                0x000000000800562e       0xf4 Middlewares/ST/STM32_USB_Device_Library/Class/CDC/Src/usbd_cdc.o
 .text.USBD_CDC_DeInit
                0x0000000008005722       0x6e Middlewares/ST/STM32_USB_Device_Library/Class/CDC/Src/usbd_cdc.o
 .text.USBD_CDC_Setup
                0x0000000008005790      0x140 Middlewares/ST/STM32_USB_Device_Library/Class/CDC/Src/usbd_cdc.o
 .text.USBD_CDC_DataIn
                0x00000000080058d0       0xa6 Middlewares/ST/STM32_USB_Device_Library/Class/CDC/Src/usbd_cdc.o
 .text.USBD_CDC_DataOut
                0x0000000008005976       0x56 Middlewares/ST/STM32_USB_Device_Library/Class/CDC/Src/usbd_cdc.o
 .text.USBD_CDC_EP0_RxReady
                0x00000000080059cc       0x50 Middlewares/ST/STM32_USB_Device_Library/Class/CDC/Src/usbd_cdc.o
 .text.USBD_CDC_GetFSCfgDesc
                0x0000000008005a1c       0x20 Middlewares/ST/STM32_USB_Device_Library/Class/CDC/Src/usbd_cdc.o
 .text.USBD_CDC_GetHSCfgDesc
                0x0000000008005a3c       0x20 Middlewares/ST/STM32_USB_Device_Library/Class/CDC/Src/usbd_cdc.o
 .text.USBD_CDC_GetOtherSpeedCfgDesc
                0x0000000008005a5c       0x20 Middlewares/ST/STM32_USB_Device_Library/Class/CDC/Src/usbd_cdc.o
 .text.USBD_CDC_GetDeviceQualifierDescriptor
                0x0000000008005a7c       0x20 Middlewares/ST/STM32_USB_Device_Library/Class/CDC/Src/usbd_cdc.o
                0x0000000008005a7c                USBD_CDC_GetDeviceQualifierDescriptor
 .text.USBD_CDC_RegisterInterface
                0x0000000008005a9c       0x2c Middlewares/ST/STM32_USB_Device_Library/Class/CDC/Src/usbd_cdc.o
                0x0000000008005a9c                USBD_CDC_RegisterInterface
 .text.USBD_CDC_SetTxBuffer
                0x0000000008005ac8       0x32 Middlewares/ST/STM32_USB_Device_Library/Class/CDC/Src/usbd_cdc.o
                0x0000000008005ac8                USBD_CDC_SetTxBuffer
 .text.USBD_CDC_SetRxBuffer
                0x0000000008005afa       0x26 Middlewares/ST/STM32_USB_Device_Library/Class/CDC/Src/usbd_cdc.o
                0x0000000008005afa                USBD_CDC_SetRxBuffer
 .text.USBD_CDC_TransmitPacket
                0x0000000008005b20       0x5e Middlewares/ST/STM32_USB_Device_Library/Class/CDC/Src/usbd_cdc.o
                0x0000000008005b20                USBD_CDC_TransmitPacket
 .text.USBD_CDC_ReceivePacket
                0x0000000008005b7e       0x54 Middlewares/ST/STM32_USB_Device_Library/Class/CDC/Src/usbd_cdc.o
                0x0000000008005b7e                USBD_CDC_ReceivePacket
 .text.USBD_Init
                0x0000000008005bd2       0x56 Middlewares/ST/STM32_USB_Device_Library/Core/Src/usbd_core.o
                0x0000000008005bd2                USBD_Init
 .text.USBD_RegisterClass
                0x0000000008005c28       0x32 Middlewares/ST/STM32_USB_Device_Library/Core/Src/usbd_core.o
                0x0000000008005c28                USBD_RegisterClass
 .text.USBD_Start
                0x0000000008005c5a       0x18 Middlewares/ST/STM32_USB_Device_Library/Core/Src/usbd_core.o
                0x0000000008005c5a                USBD_Start
 .text.USBD_RunTestMode
                0x0000000008005c72       0x14 Middlewares/ST/STM32_USB_Device_Library/Core/Src/usbd_core.o
                0x0000000008005c72                USBD_RunTestMode
 .text.USBD_SetClassConfig
                0x0000000008005c86       0x3e Middlewares/ST/STM32_USB_Device_Library/Core/Src/usbd_core.o
                0x0000000008005c86                USBD_SetClassConfig
 .text.USBD_ClrClassConfig
                0x0000000008005cc4       0x26 Middlewares/ST/STM32_USB_Device_Library/Core/Src/usbd_core.o
                0x0000000008005cc4                USBD_ClrClassConfig
 .text.USBD_LL_SetupStage
                0x0000000008005cea       0x96 Middlewares/ST/STM32_USB_Device_Library/Core/Src/usbd_core.o
                0x0000000008005cea                USBD_LL_SetupStage
 .text.USBD_LL_DataOutStage
                0x0000000008005d80       0xe2 Middlewares/ST/STM32_USB_Device_Library/Core/Src/usbd_core.o
                0x0000000008005d80                USBD_LL_DataOutStage
 .text.USBD_LL_DataInStage
                0x0000000008005e62      0x14a Middlewares/ST/STM32_USB_Device_Library/Core/Src/usbd_core.o
                0x0000000008005e62                USBD_LL_DataInStage
 .text.USBD_LL_Reset
                0x0000000008005fac       0x82 Middlewares/ST/STM32_USB_Device_Library/Core/Src/usbd_core.o
                0x0000000008005fac                USBD_LL_Reset
 .text.USBD_LL_SetSpeed
                0x000000000800602e       0x1e Middlewares/ST/STM32_USB_Device_Library/Core/Src/usbd_core.o
                0x000000000800602e                USBD_LL_SetSpeed
 .text.USBD_LL_Suspend
                0x000000000800604c       0x28 Middlewares/ST/STM32_USB_Device_Library/Core/Src/usbd_core.o
                0x000000000800604c                USBD_LL_Suspend
 .text.USBD_LL_Resume
                0x0000000008006074       0x2a Middlewares/ST/STM32_USB_Device_Library/Core/Src/usbd_core.o
                0x0000000008006074                USBD_LL_Resume
 .text.USBD_LL_SOF
                0x000000000800609e       0x34 Middlewares/ST/STM32_USB_Device_Library/Core/Src/usbd_core.o
                0x000000000800609e                USBD_LL_SOF
 *fill*         0x00000000080060d2        0x2 
 .text.USBD_StdDevReq
                0x00000000080060d4       0xd4 Middlewares/ST/STM32_USB_Device_Library/Core/Src/usbd_ctlreq.o
                0x00000000080060d4                USBD_StdDevReq
 .text.USBD_StdItfReq
                0x00000000080061a8       0x8c Middlewares/ST/STM32_USB_Device_Library/Core/Src/usbd_ctlreq.o
                0x00000000080061a8                USBD_StdItfReq
 .text.USBD_StdEPReq
                0x0000000008006234      0x2ba Middlewares/ST/STM32_USB_Device_Library/Core/Src/usbd_ctlreq.o
                0x0000000008006234                USBD_StdEPReq
 *fill*         0x00000000080064ee        0x2 
 .text.USBD_GetDescriptor
                0x00000000080064f0      0x2d0 Middlewares/ST/STM32_USB_Device_Library/Core/Src/usbd_ctlreq.o
 .text.USBD_SetAddress
                0x00000000080067c0       0x84 Middlewares/ST/STM32_USB_Device_Library/Core/Src/usbd_ctlreq.o
 .text.USBD_SetConfig
                0x0000000008006844      0x11c Middlewares/ST/STM32_USB_Device_Library/Core/Src/usbd_ctlreq.o
 .text.USBD_GetConfig
                0x0000000008006960       0x68 Middlewares/ST/STM32_USB_Device_Library/Core/Src/usbd_ctlreq.o
 .text.USBD_GetStatus
                0x00000000080069c8       0x66 Middlewares/ST/STM32_USB_Device_Library/Core/Src/usbd_ctlreq.o
 .text.USBD_SetFeature
                0x0000000008006a2e       0x28 Middlewares/ST/STM32_USB_Device_Library/Core/Src/usbd_ctlreq.o
 .text.USBD_ClrFeature
                0x0000000008006a56       0x42 Middlewares/ST/STM32_USB_Device_Library/Core/Src/usbd_ctlreq.o
 .text.USBD_ParseSetupRequest
                0x0000000008006a98       0x78 Middlewares/ST/STM32_USB_Device_Library/Core/Src/usbd_ctlreq.o
                0x0000000008006a98                USBD_ParseSetupRequest
 .text.USBD_CtlError
                0x0000000008006b10       0x22 Middlewares/ST/STM32_USB_Device_Library/Core/Src/usbd_ctlreq.o
                0x0000000008006b10                USBD_CtlError
 .text.USBD_GetString
                0x0000000008006b32       0x84 Middlewares/ST/STM32_USB_Device_Library/Core/Src/usbd_ctlreq.o
                0x0000000008006b32                USBD_GetString
 .text.USBD_GetLen
                0x0000000008006bb6       0x2e Middlewares/ST/STM32_USB_Device_Library/Core/Src/usbd_ctlreq.o
 .text.USBD_CtlSendData
                0x0000000008006be4       0x38 Middlewares/ST/STM32_USB_Device_Library/Core/Src/usbd_ioreq.o
                0x0000000008006be4                USBD_CtlSendData
 .text.USBD_CtlContinueSendData
                0x0000000008006c1c       0x24 Middlewares/ST/STM32_USB_Device_Library/Core/Src/usbd_ioreq.o
                0x0000000008006c1c                USBD_CtlContinueSendData
 .text.USBD_CtlPrepareRx
                0x0000000008006c40       0x3c Middlewares/ST/STM32_USB_Device_Library/Core/Src/usbd_ioreq.o
                0x0000000008006c40                USBD_CtlPrepareRx
 .text.USBD_CtlContinueRx
                0x0000000008006c7c       0x24 Middlewares/ST/STM32_USB_Device_Library/Core/Src/usbd_ioreq.o
                0x0000000008006c7c                USBD_CtlContinueRx
 .text.USBD_CtlSendStatus
                0x0000000008006ca0       0x26 Middlewares/ST/STM32_USB_Device_Library/Core/Src/usbd_ioreq.o
                0x0000000008006ca0                USBD_CtlSendStatus
 .text.USBD_CtlReceiveStatus
                0x0000000008006cc6       0x26 Middlewares/ST/STM32_USB_Device_Library/Core/Src/usbd_ioreq.o
                0x0000000008006cc6                USBD_CtlReceiveStatus
 .text.MX_USB_DEVICE_Init
                0x0000000008006cec       0x60 USB_DEVICE/App/usb_device.o
                0x0000000008006cec                MX_USB_DEVICE_Init
 .text.CDC_Init_FS
                0x0000000008006d4c       0x28 USB_DEVICE/App/usbd_cdc_if.o
 .text.CDC_DeInit_FS
                0x0000000008006d74        0xe USB_DEVICE/App/usbd_cdc_if.o
 *fill*         0x0000000008006d82        0x2 
 .text.CDC_Control_FS
                0x0000000008006d84       0xbc USB_DEVICE/App/usbd_cdc_if.o
 .text.CDC_Receive_FS
                0x0000000008006e40       0x30 USB_DEVICE/App/usbd_cdc_if.o
 .text.CDC_Transmit_FS
                0x0000000008006e70       0x4c USB_DEVICE/App/usbd_cdc_if.o
                0x0000000008006e70                CDC_Transmit_FS
 .text.USBD_FS_DeviceDescriptor
                0x0000000008006ebc       0x24 USB_DEVICE/App/usbd_desc.o
                0x0000000008006ebc                USBD_FS_DeviceDescriptor
 .text.USBD_FS_LangIDStrDescriptor
                0x0000000008006ee0       0x24 USB_DEVICE/App/usbd_desc.o
                0x0000000008006ee0                USBD_FS_LangIDStrDescriptor
 .text.USBD_FS_ProductStrDescriptor
                0x0000000008006f04       0x3c USB_DEVICE/App/usbd_desc.o
                0x0000000008006f04                USBD_FS_ProductStrDescriptor
 .text.USBD_FS_ManufacturerStrDescriptor
                0x0000000008006f40       0x28 USB_DEVICE/App/usbd_desc.o
                0x0000000008006f40                USBD_FS_ManufacturerStrDescriptor
 .text.USBD_FS_SerialStrDescriptor
                0x0000000008006f68       0x24 USB_DEVICE/App/usbd_desc.o
                0x0000000008006f68                USBD_FS_SerialStrDescriptor
 .text.USBD_FS_ConfigStrDescriptor
                0x0000000008006f8c       0x3c USB_DEVICE/App/usbd_desc.o
                0x0000000008006f8c                USBD_FS_ConfigStrDescriptor
 .text.USBD_FS_InterfaceStrDescriptor
                0x0000000008006fc8       0x3c USB_DEVICE/App/usbd_desc.o
                0x0000000008006fc8                USBD_FS_InterfaceStrDescriptor
 .text.Get_SerialNum
                0x0000000008007004       0x58 USB_DEVICE/App/usbd_desc.o
 .text.IntToUnicode
                0x000000000800705c       0x7a USB_DEVICE/App/usbd_desc.o
 *fill*         0x00000000080070d6        0x2 
 .text.HAL_PCD_MspInit
                0x00000000080070d8       0x5c USB_DEVICE/Target/usbd_conf.o
                0x00000000080070d8                HAL_PCD_MspInit
 .text.HAL_PCD_SetupStageCallback
                0x0000000008007134       0x24 USB_DEVICE/Target/usbd_conf.o
                0x0000000008007134                HAL_PCD_SetupStageCallback
 .text.HAL_PCD_DataOutStageCallback
                0x0000000008007158       0x36 USB_DEVICE/Target/usbd_conf.o
                0x0000000008007158                HAL_PCD_DataOutStageCallback
 .text.HAL_PCD_DataInStageCallback
                0x000000000800718e       0x34 USB_DEVICE/Target/usbd_conf.o
                0x000000000800718e                HAL_PCD_DataInStageCallback
 .text.HAL_PCD_SOFCallback
                0x00000000080071c2       0x1c USB_DEVICE/Target/usbd_conf.o
                0x00000000080071c2                HAL_PCD_SOFCallback
 .text.HAL_PCD_ResetCallback
                0x00000000080071de       0x3c USB_DEVICE/Target/usbd_conf.o
                0x00000000080071de                HAL_PCD_ResetCallback
 *fill*         0x000000000800721a        0x2 
 .text.HAL_PCD_SuspendCallback
                0x000000000800721c       0x34 USB_DEVICE/Target/usbd_conf.o
                0x000000000800721c                HAL_PCD_SuspendCallback
 .text.HAL_PCD_ResumeCallback
                0x0000000008007250       0x1c USB_DEVICE/Target/usbd_conf.o
                0x0000000008007250                HAL_PCD_ResumeCallback
 .text.USBD_LL_Init
                0x000000000800726c       0xb4 USB_DEVICE/Target/usbd_conf.o
                0x000000000800726c                USBD_LL_Init
 .text.USBD_LL_Start
                0x0000000008007320       0x36 USB_DEVICE/Target/usbd_conf.o
                0x0000000008007320                USBD_LL_Start
 .text.USBD_LL_OpenEP
                0x0000000008007356       0x4c USB_DEVICE/Target/usbd_conf.o
                0x0000000008007356                USBD_LL_OpenEP
 .text.USBD_LL_CloseEP
                0x00000000080073a2       0x3e USB_DEVICE/Target/usbd_conf.o
                0x00000000080073a2                USBD_LL_CloseEP
 .text.USBD_LL_StallEP
                0x00000000080073e0       0x3e USB_DEVICE/Target/usbd_conf.o
                0x00000000080073e0                USBD_LL_StallEP
 .text.USBD_LL_ClearStallEP
                0x000000000800741e       0x3e USB_DEVICE/Target/usbd_conf.o
                0x000000000800741e                USBD_LL_ClearStallEP
 .text.USBD_LL_IsStallEP
                0x000000000800745c       0x58 USB_DEVICE/Target/usbd_conf.o
                0x000000000800745c                USBD_LL_IsStallEP
 .text.USBD_LL_SetUSBAddress
                0x00000000080074b4       0x3e USB_DEVICE/Target/usbd_conf.o
                0x00000000080074b4                USBD_LL_SetUSBAddress
 .text.USBD_LL_Transmit
                0x00000000080074f2       0x46 USB_DEVICE/Target/usbd_conf.o
                0x00000000080074f2                USBD_LL_Transmit
 .text.USBD_LL_PrepareReceive
                0x0000000008007538       0x46 USB_DEVICE/Target/usbd_conf.o
                0x0000000008007538                USBD_LL_PrepareReceive
 .text.USBD_LL_GetRxDataSize
                0x000000000800757e       0x26 USB_DEVICE/Target/usbd_conf.o
                0x000000000800757e                USBD_LL_GetRxDataSize
 .text.USBD_static_malloc
                0x00000000080075a4       0x18 USB_DEVICE/Target/usbd_conf.o
                0x00000000080075a4                USBD_static_malloc
 .text.USBD_static_free
                0x00000000080075bc       0x12 USB_DEVICE/Target/usbd_conf.o
                0x00000000080075bc                USBD_static_free
 .text.HAL_PCDEx_SetConnectionState
                0x00000000080075ce       0x16 USB_DEVICE/Target/usbd_conf.o
                0x00000000080075ce                HAL_PCDEx_SetConnectionState
 .text.USBD_Get_USB_Status
                0x00000000080075e4       0x58 USB_DEVICE/Target/usbd_conf.o
 .text.__errno  0x000000000800763c        0xc c:/st/stm32cubeide_1.4.0/stm32cubeide/plugins/com.st.stm32cube.ide.mcu.externaltools.gnu-tools-for-stm32.7-2018-q2-update.win32_1.4.0.202007081208/tools/bin/../lib/gcc/arm-none-eabi/7.3.1/../../../../arm-none-eabi/lib/thumb/v7-m\libc_nano.a(lib_a-errno.o)
                0x000000000800763c                __errno
 .text.__libc_init_array
                0x0000000008007648       0x48 c:/st/stm32cubeide_1.4.0/stm32cubeide/plugins/com.st.stm32cube.ide.mcu.externaltools.gnu-tools-for-stm32.7-2018-q2-update.win32_1.4.0.202007081208/tools/bin/../lib/gcc/arm-none-eabi/7.3.1/../../../../arm-none-eabi/lib/thumb/v7-m\libc_nano.a(lib_a-init.o)
                0x0000000008007648                __libc_init_array
 .text.memset   0x0000000008007690       0x10 c:/st/stm32cubeide_1.4.0/stm32cubeide/plugins/com.st.stm32cube.ide.mcu.externaltools.gnu-tools-for-stm32.7-2018-q2-update.win32_1.4.0.202007081208/tools/bin/../lib/gcc/arm-none-eabi/7.3.1/../../../../arm-none-eabi/lib/thumb/v7-m\libc_nano.a(lib_a-memset.o)
                0x0000000008007690                memset
 .text.exp      0x00000000080076a0       0xf0 c:/st/stm32cubeide_1.4.0/stm32cubeide/plugins/com.st.stm32cube.ide.mcu.externaltools.gnu-tools-for-stm32.7-2018-q2-update.win32_1.4.0.202007081208/tools/bin/../lib/gcc/arm-none-eabi/7.3.1/../../../../arm-none-eabi/lib/thumb/v7-m\libm.a(lib_a-w_exp.o)
                0x00000000080076a0                exp
 .text.__ieee754_exp
                0x0000000008007790      0x2cc c:/st/stm32cubeide_1.4.0/stm32cubeide/plugins/com.st.stm32cube.ide.mcu.externaltools.gnu-tools-for-stm32.7-2018-q2-update.win32_1.4.0.202007081208/tools/bin/../lib/gcc/arm-none-eabi/7.3.1/../../../../arm-none-eabi/lib/thumb/v7-m\libm.a(lib_a-e_exp.o)
                0x0000000008007790                __ieee754_exp
 .text.finite   0x0000000008007a5c        0xc c:/st/stm32cubeide_1.4.0/stm32cubeide/plugins/com.st.stm32cube.ide.mcu.externaltools.gnu-tools-for-stm32.7-2018-q2-update.win32_1.4.0.202007081208/tools/bin/../lib/gcc/arm-none-eabi/7.3.1/../../../../arm-none-eabi/lib/thumb/v7-m\libm.a(lib_a-s_finite.o)
                0x0000000008007a5c                finite
 .text.matherr  0x0000000008007a68        0x4 c:/st/stm32cubeide_1.4.0/stm32cubeide/plugins/com.st.stm32cube.ide.mcu.externaltools.gnu-tools-for-stm32.7-2018-q2-update.win32_1.4.0.202007081208/tools/bin/../lib/gcc/arm-none-eabi/7.3.1/../../../../arm-none-eabi/lib/thumb/v7-m\libm.a(lib_a-s_matherr.o)
                0x0000000008007a68                matherr
 *(.glue_7)
 .glue_7        0x0000000008007a6c        0x0 linker stubs
 *(.glue_7t)
 .glue_7t       0x0000000008007a6c        0x0 linker stubs
 *(.eh_frame)
 .eh_frame      0x0000000008007a6c        0x0 c:/st/stm32cubeide_1.4.0/stm32cubeide/plugins/com.st.stm32cube.ide.mcu.externaltools.gnu-tools-for-stm32.7-2018-q2-update.win32_1.4.0.202007081208/tools/bin/../lib/gcc/arm-none-eabi/7.3.1/thumb/v7-m/crtbegin.o
 *(.init)
 .init          0x0000000008007a6c        0x4 c:/st/stm32cubeide_1.4.0/stm32cubeide/plugins/com.st.stm32cube.ide.mcu.externaltools.gnu-tools-for-stm32.7-2018-q2-update.win32_1.4.0.202007081208/tools/bin/../lib/gcc/arm-none-eabi/7.3.1/thumb/v7-m/crti.o
                0x0000000008007a6c                _init
 .init          0x0000000008007a70        0x8 c:/st/stm32cubeide_1.4.0/stm32cubeide/plugins/com.st.stm32cube.ide.mcu.externaltools.gnu-tools-for-stm32.7-2018-q2-update.win32_1.4.0.202007081208/tools/bin/../lib/gcc/arm-none-eabi/7.3.1/thumb/v7-m/crtn.o
 *(.fini)
 .fini          0x0000000008007a78        0x4 c:/st/stm32cubeide_1.4.0/stm32cubeide/plugins/com.st.stm32cube.ide.mcu.externaltools.gnu-tools-for-stm32.7-2018-q2-update.win32_1.4.0.202007081208/tools/bin/../lib/gcc/arm-none-eabi/7.3.1/thumb/v7-m/crti.o
                0x0000000008007a78                _fini
 .fini          0x0000000008007a7c        0x8 c:/st/stm32cubeide_1.4.0/stm32cubeide/plugins/com.st.stm32cube.ide.mcu.externaltools.gnu-tools-for-stm32.7-2018-q2-update.win32_1.4.0.202007081208/tools/bin/../lib/gcc/arm-none-eabi/7.3.1/thumb/v7-m/crtn.o
                0x0000000008007a84                . = ALIGN (0x4)
                0x0000000008007a84                _etext = .

.vfp11_veneer   0x0000000008007a84        0x0
 .vfp11_veneer  0x0000000008007a84        0x0 linker stubs

.v4_bx          0x0000000008007a84        0x0
 .v4_bx         0x0000000008007a84        0x0 linker stubs

.iplt           0x0000000008007a84        0x0
 .iplt          0x0000000008007a84        0x0 c:/st/stm32cubeide_1.4.0/stm32cubeide/plugins/com.st.stm32cube.ide.mcu.externaltools.gnu-tools-for-stm32.7-2018-q2-update.win32_1.4.0.202007081208/tools/bin/../lib/gcc/arm-none-eabi/7.3.1/thumb/v7-m/crtbegin.o

.rodata         0x0000000008007a88       0xa0
                0x0000000008007a88                . = ALIGN (0x4)
 *(.rodata)
 .rodata        0x0000000008007a88       0x12 Drivers/STM32F1xx_HAL_Driver/Src/stm32f1xx_hal_rcc.o
 *fill*         0x0000000008007a9a        0x2 
 .rodata        0x0000000008007a9c       0x46 USB_DEVICE/App/usbd_desc.o
 *(.rodata*)
 *fill*         0x0000000008007ae2        0x2 
 .rodata.AHBPrescTable
                0x0000000008007ae4       0x10 Core/Src/system_stm32f1xx.o
                0x0000000008007ae4                AHBPrescTable
 .rodata.exp.str1.1
                0x0000000008007af4        0x4 c:/st/stm32cubeide_1.4.0/stm32cubeide/plugins/com.st.stm32cube.ide.mcu.externaltools.gnu-tools-for-stm32.7-2018-q2-update.win32_1.4.0.202007081208/tools/bin/../lib/gcc/arm-none-eabi/7.3.1/../../../../arm-none-eabi/lib/thumb/v7-m\libm.a(lib_a-w_exp.o)
 .rodata.halF   0x0000000008007af8       0x10 c:/st/stm32cubeide_1.4.0/stm32cubeide/plugins/com.st.stm32cube.ide.mcu.externaltools.gnu-tools-for-stm32.7-2018-q2-update.win32_1.4.0.202007081208/tools/bin/../lib/gcc/arm-none-eabi/7.3.1/../../../../arm-none-eabi/lib/thumb/v7-m\libm.a(lib_a-e_exp.o)
 .rodata.ln2HI  0x0000000008007b08       0x10 c:/st/stm32cubeide_1.4.0/stm32cubeide/plugins/com.st.stm32cube.ide.mcu.externaltools.gnu-tools-for-stm32.7-2018-q2-update.win32_1.4.0.202007081208/tools/bin/../lib/gcc/arm-none-eabi/7.3.1/../../../../arm-none-eabi/lib/thumb/v7-m\libm.a(lib_a-e_exp.o)
 .rodata.ln2LO  0x0000000008007b18       0x10 c:/st/stm32cubeide_1.4.0/stm32cubeide/plugins/com.st.stm32cube.ide.mcu.externaltools.gnu-tools-for-stm32.7-2018-q2-update.win32_1.4.0.202007081208/tools/bin/../lib/gcc/arm-none-eabi/7.3.1/../../../../arm-none-eabi/lib/thumb/v7-m\libm.a(lib_a-e_exp.o)
                0x0000000008007b28                . = ALIGN (0x4)

.rel.dyn        0x0000000008007b28        0x0
 .rel.iplt      0x0000000008007b28        0x0 c:/st/stm32cubeide_1.4.0/stm32cubeide/plugins/com.st.stm32cube.ide.mcu.externaltools.gnu-tools-for-stm32.7-2018-q2-update.win32_1.4.0.202007081208/tools/bin/../lib/gcc/arm-none-eabi/7.3.1/thumb/v7-m/crtbegin.o

.ARM.extab      0x0000000008007b28        0x0
                0x0000000008007b28                . = ALIGN (0x4)
 *(.ARM.extab* .gnu.linkonce.armextab.*)
                0x0000000008007b28                . = ALIGN (0x4)

.ARM            0x0000000008007b28        0x0
                0x0000000008007b28                . = ALIGN (0x4)
                0x0000000008007b28                __exidx_start = .
 *(.ARM.exidx*)
                0x0000000008007b28                __exidx_end = .
                0x0000000008007b28                . = ALIGN (0x4)

.preinit_array  0x0000000008007b28        0x0
                0x0000000008007b28                . = ALIGN (0x4)
                0x0000000008007b28                PROVIDE (__preinit_array_start = .)
 *(.preinit_array*)
                0x0000000008007b28                PROVIDE (__preinit_array_end = .)
                0x0000000008007b28                . = ALIGN (0x4)

.init_array     0x0000000008007b28        0x4
                0x0000000008007b28                . = ALIGN (0x4)
                0x0000000008007b28                PROVIDE (__init_array_start = .)
 *(SORT_BY_NAME(.init_array.*))
 *(.init_array*)
 .init_array    0x0000000008007b28        0x4 c:/st/stm32cubeide_1.4.0/stm32cubeide/plugins/com.st.stm32cube.ide.mcu.externaltools.gnu-tools-for-stm32.7-2018-q2-update.win32_1.4.0.202007081208/tools/bin/../lib/gcc/arm-none-eabi/7.3.1/thumb/v7-m/crtbegin.o
                0x0000000008007b2c                PROVIDE (__init_array_end = .)
                0x0000000008007b2c                . = ALIGN (0x4)

.fini_array     0x0000000008007b2c        0x4
                0x0000000008007b2c                . = ALIGN (0x4)
                [!provide]                        PROVIDE (__fini_array_start = .)
 *(SORT_BY_NAME(.fini_array.*))
 *(.fini_array*)
 .fini_array    0x0000000008007b2c        0x4 c:/st/stm32cubeide_1.4.0/stm32cubeide/plugins/com.st.stm32cube.ide.mcu.externaltools.gnu-tools-for-stm32.7-2018-q2-update.win32_1.4.0.202007081208/tools/bin/../lib/gcc/arm-none-eabi/7.3.1/thumb/v7-m/crtbegin.o
                [!provide]                        PROVIDE (__fini_array_end = .)
                0x0000000008007b30                . = ALIGN (0x4)
                0x0000000008007b30                _sidata = LOADADDR (.data)

.data           0x0000000020000000      0x1e8 load address 0x0000000008007b30
                0x0000000020000000                . = ALIGN (0x4)
                0x0000000020000000                _sdata = .
 *(.data)
 *(.data*)
 .data.startSymbol
                0x0000000020000000        0x1 Core/Src/main.o
                0x0000000020000000                startSymbol
 .data.stopSymbol
                0x0000000020000001        0x1 Core/Src/main.o
                0x0000000020000001                stopSymbol
 *fill*         0x0000000020000002        0x2 
 .data.SystemCoreClock
                0x0000000020000004        0x4 Core/Src/system_stm32f1xx.o
                0x0000000020000004                SystemCoreClock
 .data.uwTickPrio
                0x0000000020000008        0x4 Drivers/STM32F1xx_HAL_Driver/Src/stm32f1xx_hal.o
                0x0000000020000008                uwTickPrio
 .data.uwTickFreq
                0x000000002000000c        0x1 Drivers/STM32F1xx_HAL_Driver/Src/stm32f1xx_hal.o
                0x000000002000000c                uwTickFreq
 *fill*         0x000000002000000d        0x3 
 .data.USBD_CDC_DeviceQualifierDesc
                0x0000000020000010        0xa Middlewares/ST/STM32_USB_Device_Library/Class/CDC/Src/usbd_cdc.o
 *fill*         0x000000002000001a        0x2 
 .data.USBD_CDC
                0x000000002000001c       0x38 Middlewares/ST/STM32_USB_Device_Library/Class/CDC/Src/usbd_cdc.o
                0x000000002000001c                USBD_CDC
 .data.USBD_CDC_CfgHSDesc
                0x0000000020000054       0x43 Middlewares/ST/STM32_USB_Device_Library/Class/CDC/Src/usbd_cdc.o
                0x0000000020000054                USBD_CDC_CfgHSDesc
 *fill*         0x0000000020000097        0x1 
 .data.USBD_CDC_CfgFSDesc
                0x0000000020000098       0x43 Middlewares/ST/STM32_USB_Device_Library/Class/CDC/Src/usbd_cdc.o
                0x0000000020000098                USBD_CDC_CfgFSDesc
 *fill*         0x00000000200000db        0x1 
 .data.USBD_CDC_OtherSpeedCfgDesc
                0x00000000200000dc       0x43 Middlewares/ST/STM32_USB_Device_Library/Class/CDC/Src/usbd_cdc.o
                0x00000000200000dc                USBD_CDC_OtherSpeedCfgDesc
 *fill*         0x000000002000011f        0x1 
 .data.USBD_Interface_fops_FS
                0x0000000020000120       0x10 USB_DEVICE/App/usbd_cdc_if.o
                0x0000000020000120                USBD_Interface_fops_FS
 .data.FS_Desc  0x0000000020000130       0x1c USB_DEVICE/App/usbd_desc.o
                0x0000000020000130                FS_Desc
 .data.USBD_FS_DeviceDesc
                0x000000002000014c       0x12 USB_DEVICE/App/usbd_desc.o
                0x000000002000014c                USBD_FS_DeviceDesc
 *fill*         0x000000002000015e        0x2 
 .data.USBD_LangIDDesc
                0x0000000020000160        0x4 USB_DEVICE/App/usbd_desc.o
                0x0000000020000160                USBD_LangIDDesc
 .data.USBD_StringSerial
                0x0000000020000164       0x1a USB_DEVICE/App/usbd_desc.o
                0x0000000020000164                USBD_StringSerial
 *fill*         0x000000002000017e        0x2 
 .data._impure_ptr
                0x0000000020000180        0x4 c:/st/stm32cubeide_1.4.0/stm32cubeide/plugins/com.st.stm32cube.ide.mcu.externaltools.gnu-tools-for-stm32.7-2018-q2-update.win32_1.4.0.202007081208/tools/bin/../lib/gcc/arm-none-eabi/7.3.1/../../../../arm-none-eabi/lib/thumb/v7-m\libc_nano.a(lib_a-impure.o)
                0x0000000020000180                _impure_ptr
 .data.impure_data
                0x0000000020000184       0x60 c:/st/stm32cubeide_1.4.0/stm32cubeide/plugins/com.st.stm32cube.ide.mcu.externaltools.gnu-tools-for-stm32.7-2018-q2-update.win32_1.4.0.202007081208/tools/bin/../lib/gcc/arm-none-eabi/7.3.1/../../../../arm-none-eabi/lib/thumb/v7-m\libc_nano.a(lib_a-impure.o)
 .data.__fdlib_version
                0x00000000200001e4        0x1 c:/st/stm32cubeide_1.4.0/stm32cubeide/plugins/com.st.stm32cube.ide.mcu.externaltools.gnu-tools-for-stm32.7-2018-q2-update.win32_1.4.0.202007081208/tools/bin/../lib/gcc/arm-none-eabi/7.3.1/../../../../arm-none-eabi/lib/thumb/v7-m\libm.a(lib_a-s_lib_ver.o)
                0x00000000200001e4                __fdlib_version
                0x00000000200001e8                . = ALIGN (0x4)
 *fill*         0x00000000200001e5        0x3 
                0x00000000200001e8                _edata = .

.igot.plt       0x00000000200001e8        0x0 load address 0x0000000008007d18
 .igot.plt      0x00000000200001e8        0x0 c:/st/stm32cubeide_1.4.0/stm32cubeide/plugins/com.st.stm32cube.ide.mcu.externaltools.gnu-tools-for-stm32.7-2018-q2-update.win32_1.4.0.202007081208/tools/bin/../lib/gcc/arm-none-eabi/7.3.1/thumb/v7-m/crtbegin.o
                0x00000000200001e8                . = ALIGN (0x4)

.bss            0x00000000200001e8      0xcf8 load address 0x0000000008007d18
                0x00000000200001e8                _sbss = .
                0x00000000200001e8                __bss_start__ = _sbss
 *(.bss)
 .bss           0x00000000200001e8       0x1c c:/st/stm32cubeide_1.4.0/stm32cubeide/plugins/com.st.stm32cube.ide.mcu.externaltools.gnu-tools-for-stm32.7-2018-q2-update.win32_1.4.0.202007081208/tools/bin/../lib/gcc/arm-none-eabi/7.3.1/thumb/v7-m/crtbegin.o
 *(.bss*)
 .bss.haveDataToParse
                0x0000000020000204        0x1 Core/Src/main.o
                0x0000000020000204                haveDataToParse
 .bss.cfgidx.7629
                0x0000000020000205        0x1 Middlewares/ST/STM32_USB_Device_Library/Core/Src/usbd_ctlreq.o
 *fill*         0x0000000020000206        0x2 
 .bss.mem.7697  0x0000000020000208      0x220 USB_DEVICE/Target/usbd_conf.o
 *(COMMON)
 COMMON         0x0000000020000428      0x3f8 Core/Src/main.o
                0x0000000020000428                data
                0x0000000020000810                UserRXbuffer
 COMMON         0x0000000020000820        0x4 Drivers/STM32F1xx_HAL_Driver/Src/stm32f1xx_hal.o
                0x0000000020000820                uwTick
 COMMON         0x0000000020000824      0x2c4 USB_DEVICE/App/usb_device.o
                0x0000000020000824                hUsbDeviceFS
 COMMON         0x0000000020000ae8        0x9 USB_DEVICE/App/usbd_cdc_if.o
                0x0000000020000ae8                UserRxBufferFS
                0x0000000020000af0                UserTxBufferFS
 *fill*         0x0000000020000af1        0x3 
 COMMON         0x0000000020000af4      0x100 USB_DEVICE/App/usbd_desc.o
                0x0000000020000af4                USBD_StrDesc
 COMMON         0x0000000020000bf4      0x2ec USB_DEVICE/Target/usbd_conf.o
                0x0000000020000bf4                hpcd_USB_FS
                0x0000000020000ee0                . = ALIGN (0x4)
                0x0000000020000ee0                _ebss = .
                0x0000000020000ee0                __bss_end__ = _ebss

._user_heap_stack
                0x0000000020000ee0      0x600 load address 0x0000000008007d18
                0x0000000020000ee0                . = ALIGN (0x8)
                [!provide]                        PROVIDE (end = .)
                0x0000000020000ee0                PROVIDE (_end = .)
                0x00000000200010e0                . = (. + _Min_Heap_Size)
 *fill*         0x0000000020000ee0      0x200 
                0x00000000200014e0                . = (. + _Min_Stack_Size)
 *fill*         0x00000000200010e0      0x400 
                0x00000000200014e0                . = ALIGN (0x8)

/DISCARD/
 libc.a(*)
 libm.a(*)
 libgcc.a(*)

.ARM.attributes
                0x0000000000000000       0x29
 *(.ARM.attributes)
 .ARM.attributes
                0x0000000000000000       0x1d c:/st/stm32cubeide_1.4.0/stm32cubeide/plugins/com.st.stm32cube.ide.mcu.externaltools.gnu-tools-for-stm32.7-2018-q2-update.win32_1.4.0.202007081208/tools/bin/../lib/gcc/arm-none-eabi/7.3.1/thumb/v7-m/crti.o
 .ARM.attributes
                0x000000000000001d       0x2d c:/st/stm32cubeide_1.4.0/stm32cubeide/plugins/com.st.stm32cube.ide.mcu.externaltools.gnu-tools-for-stm32.7-2018-q2-update.win32_1.4.0.202007081208/tools/bin/../lib/gcc/arm-none-eabi/7.3.1/thumb/v7-m/crtbegin.o
 .ARM.attributes
                0x000000000000004a       0x33 Core/Src/main.o
 .ARM.attributes
                0x000000000000007d       0x33 Core/Src/stm32f1xx_hal_msp.o
 .ARM.attributes
                0x00000000000000b0       0x33 Core/Src/stm32f1xx_it.o
 .ARM.attributes
                0x00000000000000e3       0x33 Core/Src/system_stm32f1xx.o
 .ARM.attributes
                0x0000000000000116       0x21 Core/Startup/startup_stm32f103c8tx.o
 .ARM.attributes
                0x0000000000000137       0x33 Drivers/STM32F1xx_HAL_Driver/Src/stm32f1xx_hal.o
 .ARM.attributes
                0x000000000000016a       0x33 Drivers/STM32F1xx_HAL_Driver/Src/stm32f1xx_hal_cortex.o
 .ARM.attributes
                0x000000000000019d       0x33 Drivers/STM32F1xx_HAL_Driver/Src/stm32f1xx_hal_gpio.o
 .ARM.attributes
                0x00000000000001d0       0x33 Drivers/STM32F1xx_HAL_Driver/Src/stm32f1xx_hal_pcd.o
 .ARM.attributes
                0x0000000000000203       0x33 Drivers/STM32F1xx_HAL_Driver/Src/stm32f1xx_hal_pcd_ex.o
 .ARM.attributes
                0x0000000000000236       0x33 Drivers/STM32F1xx_HAL_Driver/Src/stm32f1xx_hal_rcc.o
 .ARM.attributes
                0x0000000000000269       0x33 Drivers/STM32F1xx_HAL_Driver/Src/stm32f1xx_hal_rcc_ex.o
 .ARM.attributes
                0x000000000000029c       0x33 Drivers/STM32F1xx_HAL_Driver/Src/stm32f1xx_ll_usb.o
 .ARM.attributes
                0x00000000000002cf       0x33 Middlewares/ST/STM32_USB_Device_Library/Class/CDC/Src/usbd_cdc.o
 .ARM.attributes
                0x0000000000000302       0x33 Middlewares/ST/STM32_USB_Device_Library/Core/Src/usbd_core.o
 .ARM.attributes
                0x0000000000000335       0x33 Middlewares/ST/STM32_USB_Device_Library/Core/Src/usbd_ctlreq.o
 .ARM.attributes
                0x0000000000000368       0x33 Middlewares/ST/STM32_USB_Device_Library/Core/Src/usbd_ioreq.o
 .ARM.attributes
                0x000000000000039b       0x33 USB_DEVICE/App/usb_device.o
 .ARM.attributes
                0x00000000000003ce       0x33 USB_DEVICE/App/usbd_cdc_if.o
 .ARM.attributes
                0x0000000000000401       0x33 USB_DEVICE/App/usbd_desc.o
 .ARM.attributes
                0x0000000000000434       0x33 USB_DEVICE/Target/usbd_conf.o
 .ARM.attributes
                0x0000000000000467       0x2d c:/st/stm32cubeide_1.4.0/stm32cubeide/plugins/com.st.stm32cube.ide.mcu.externaltools.gnu-tools-for-stm32.7-2018-q2-update.win32_1.4.0.202007081208/tools/bin/../lib/gcc/arm-none-eabi/7.3.1/../../../../arm-none-eabi/lib/thumb/v7-m\libc_nano.a(lib_a-errno.o)
 .ARM.attributes
                0x0000000000000494       0x2d c:/st/stm32cubeide_1.4.0/stm32cubeide/plugins/com.st.stm32cube.ide.mcu.externaltools.gnu-tools-for-stm32.7-2018-q2-update.win32_1.4.0.202007081208/tools/bin/../lib/gcc/arm-none-eabi/7.3.1/../../../../arm-none-eabi/lib/thumb/v7-m\libc_nano.a(lib_a-impure.o)
 .ARM.attributes
                0x00000000000004c1       0x2d c:/st/stm32cubeide_1.4.0/stm32cubeide/plugins/com.st.stm32cube.ide.mcu.externaltools.gnu-tools-for-stm32.7-2018-q2-update.win32_1.4.0.202007081208/tools/bin/../lib/gcc/arm-none-eabi/7.3.1/../../../../arm-none-eabi/lib/thumb/v7-m\libc_nano.a(lib_a-init.o)
 .ARM.attributes
                0x00000000000004ee       0x2d c:/st/stm32cubeide_1.4.0/stm32cubeide/plugins/com.st.stm32cube.ide.mcu.externaltools.gnu-tools-for-stm32.7-2018-q2-update.win32_1.4.0.202007081208/tools/bin/../lib/gcc/arm-none-eabi/7.3.1/../../../../arm-none-eabi/lib/thumb/v7-m\libc_nano.a(lib_a-memset.o)
 .ARM.attributes
                0x000000000000051b       0x2d c:/st/stm32cubeide_1.4.0/stm32cubeide/plugins/com.st.stm32cube.ide.mcu.externaltools.gnu-tools-for-stm32.7-2018-q2-update.win32_1.4.0.202007081208/tools/bin/../lib/gcc/arm-none-eabi/7.3.1/../../../../arm-none-eabi/lib/thumb/v7-m\libm.a(lib_a-w_exp.o)
 .ARM.attributes
                0x0000000000000548       0x2d c:/st/stm32cubeide_1.4.0/stm32cubeide/plugins/com.st.stm32cube.ide.mcu.externaltools.gnu-tools-for-stm32.7-2018-q2-update.win32_1.4.0.202007081208/tools/bin/../lib/gcc/arm-none-eabi/7.3.1/../../../../arm-none-eabi/lib/thumb/v7-m\libm.a(lib_a-e_exp.o)
 .ARM.attributes
                0x0000000000000575       0x2d c:/st/stm32cubeide_1.4.0/stm32cubeide/plugins/com.st.stm32cube.ide.mcu.externaltools.gnu-tools-for-stm32.7-2018-q2-update.win32_1.4.0.202007081208/tools/bin/../lib/gcc/arm-none-eabi/7.3.1/../../../../arm-none-eabi/lib/thumb/v7-m\libm.a(lib_a-s_finite.o)
 .ARM.attributes
                0x00000000000005a2       0x2d c:/st/stm32cubeide_1.4.0/stm32cubeide/plugins/com.st.stm32cube.ide.mcu.externaltools.gnu-tools-for-stm32.7-2018-q2-update.win32_1.4.0.202007081208/tools/bin/../lib/gcc/arm-none-eabi/7.3.1/../../../../arm-none-eabi/lib/thumb/v7-m\libm.a(lib_a-s_lib_ver.o)
 .ARM.attributes
                0x00000000000005cf       0x2d c:/st/stm32cubeide_1.4.0/stm32cubeide/plugins/com.st.stm32cube.ide.mcu.externaltools.gnu-tools-for-stm32.7-2018-q2-update.win32_1.4.0.202007081208/tools/bin/../lib/gcc/arm-none-eabi/7.3.1/../../../../arm-none-eabi/lib/thumb/v7-m\libm.a(lib_a-s_matherr.o)
 .ARM.attributes
                0x00000000000005fc       0x1d c:/st/stm32cubeide_1.4.0/stm32cubeide/plugins/com.st.stm32cube.ide.mcu.externaltools.gnu-tools-for-stm32.7-2018-q2-update.win32_1.4.0.202007081208/tools/bin/../lib/gcc/arm-none-eabi/7.3.1/thumb/v7-m\libgcc.a(_arm_addsubdf3.o)
 .ARM.attributes
                0x0000000000000619       0x1d c:/st/stm32cubeide_1.4.0/stm32cubeide/plugins/com.st.stm32cube.ide.mcu.externaltools.gnu-tools-for-stm32.7-2018-q2-update.win32_1.4.0.202007081208/tools/bin/../lib/gcc/arm-none-eabi/7.3.1/thumb/v7-m\libgcc.a(_arm_muldivdf3.o)
 .ARM.attributes
                0x0000000000000636       0x1d c:/st/stm32cubeide_1.4.0/stm32cubeide/plugins/com.st.stm32cube.ide.mcu.externaltools.gnu-tools-for-stm32.7-2018-q2-update.win32_1.4.0.202007081208/tools/bin/../lib/gcc/arm-none-eabi/7.3.1/thumb/v7-m\libgcc.a(_arm_cmpdf2.o)
 .ARM.attributes
                0x0000000000000653       0x1d c:/st/stm32cubeide_1.4.0/stm32cubeide/plugins/com.st.stm32cube.ide.mcu.externaltools.gnu-tools-for-stm32.7-2018-q2-update.win32_1.4.0.202007081208/tools/bin/../lib/gcc/arm-none-eabi/7.3.1/thumb/v7-m\libgcc.a(_arm_fixdfsi.o)
 .ARM.attributes
                0x0000000000000670       0x1d c:/st/stm32cubeide_1.4.0/stm32cubeide/plugins/com.st.stm32cube.ide.mcu.externaltools.gnu-tools-for-stm32.7-2018-q2-update.win32_1.4.0.202007081208/tools/bin/../lib/gcc/arm-none-eabi/7.3.1/thumb/v7-m/crtn.o
OUTPUT(USB_device.elf elf32-littlearm)

.debug_info     0x0000000000000000    0x105e5
 .debug_info    0x0000000000000000      0xede Core/Src/main.o
 .debug_info    0x0000000000000ede      0x2d6 Core/Src/stm32f1xx_hal_msp.o
 .debug_info    0x00000000000011b4      0x6b7 Core/Src/stm32f1xx_it.o
 .debug_info    0x000000000000186b      0x29a Core/Src/system_stm32f1xx.o
 .debug_info    0x0000000000001b05       0x22 Core/Startup/startup_stm32f103c8tx.o
 .debug_info    0x0000000000001b27      0x714 Drivers/STM32F1xx_HAL_Driver/Src/stm32f1xx_hal.o
 .debug_info    0x000000000000223b      0xb51 Drivers/STM32F1xx_HAL_Driver/Src/stm32f1xx_hal_cortex.o
 .debug_info    0x0000000000002d8c      0x69b Drivers/STM32F1xx_HAL_Driver/Src/stm32f1xx_hal_gpio.o
 .debug_info    0x0000000000003427     0x122f Drivers/STM32F1xx_HAL_Driver/Src/stm32f1xx_hal_pcd.o
 .debug_info    0x0000000000004656      0x785 Drivers/STM32F1xx_HAL_Driver/Src/stm32f1xx_hal_pcd_ex.o
 .debug_info    0x0000000000004ddb      0x80f Drivers/STM32F1xx_HAL_Driver/Src/stm32f1xx_hal_rcc.o
 .debug_info    0x00000000000055ea      0x444 Drivers/STM32F1xx_HAL_Driver/Src/stm32f1xx_hal_rcc_ex.o
 .debug_info    0x0000000000005a2e     0x17e7 Drivers/STM32F1xx_HAL_Driver/Src/stm32f1xx_ll_usb.o
 .debug_info    0x0000000000007215     0x17b6 Middlewares/ST/STM32_USB_Device_Library/Class/CDC/Src/usbd_cdc.o
 .debug_info    0x00000000000089cb     0x11d2 Middlewares/ST/STM32_USB_Device_Library/Core/Src/usbd_core.o
 .debug_info    0x0000000000009b9d     0x1142 Middlewares/ST/STM32_USB_Device_Library/Core/Src/usbd_ctlreq.o
 .debug_info    0x000000000000acdf      0xf33 Middlewares/ST/STM32_USB_Device_Library/Core/Src/usbd_ioreq.o
 .debug_info    0x000000000000bc12      0xe7b USB_DEVICE/App/usb_device.o
 .debug_info    0x000000000000ca8d     0x1088 USB_DEVICE/App/usbd_cdc_if.o
 .debug_info    0x000000000000db15      0xd16 USB_DEVICE/App/usbd_desc.o
 .debug_info    0x000000000000e82b     0x1dba USB_DEVICE/Target/usbd_conf.o

.debug_abbrev   0x0000000000000000     0x297a
 .debug_abbrev  0x0000000000000000      0x28e Core/Src/main.o
 .debug_abbrev  0x000000000000028e      0x109 Core/Src/stm32f1xx_hal_msp.o
 .debug_abbrev  0x0000000000000397      0x155 Core/Src/stm32f1xx_it.o
 .debug_abbrev  0x00000000000004ec      0x134 Core/Src/system_stm32f1xx.o
 .debug_abbrev  0x0000000000000620       0x12 Core/Startup/startup_stm32f103c8tx.o
 .debug_abbrev  0x0000000000000632      0x1c7 Drivers/STM32F1xx_HAL_Driver/Src/stm32f1xx_hal.o
 .debug_abbrev  0x00000000000007f9      0x2d5 Drivers/STM32F1xx_HAL_Driver/Src/stm32f1xx_hal_cortex.o
 .debug_abbrev  0x0000000000000ace      0x1c0 Drivers/STM32F1xx_HAL_Driver/Src/stm32f1xx_hal_gpio.o
 .debug_abbrev  0x0000000000000c8e      0x268 Drivers/STM32F1xx_HAL_Driver/Src/stm32f1xx_hal_pcd.o
 .debug_abbrev  0x0000000000000ef6      0x188 Drivers/STM32F1xx_HAL_Driver/Src/stm32f1xx_hal_pcd_ex.o
 .debug_abbrev  0x000000000000107e      0x243 Drivers/STM32F1xx_HAL_Driver/Src/stm32f1xx_hal_rcc.o
 .debug_abbrev  0x00000000000012c1      0x175 Drivers/STM32F1xx_HAL_Driver/Src/stm32f1xx_hal_rcc_ex.o
 .debug_abbrev  0x0000000000001436      0x1d2 Drivers/STM32F1xx_HAL_Driver/Src/stm32f1xx_ll_usb.o
 .debug_abbrev  0x0000000000001608      0x2b6 Middlewares/ST/STM32_USB_Device_Library/Class/CDC/Src/usbd_cdc.o
 .debug_abbrev  0x00000000000018be      0x270 Middlewares/ST/STM32_USB_Device_Library/Core/Src/usbd_core.o
 .debug_abbrev  0x0000000000001b2e      0x2a0 Middlewares/ST/STM32_USB_Device_Library/Core/Src/usbd_ctlreq.o
 .debug_abbrev  0x0000000000001dce      0x1e0 Middlewares/ST/STM32_USB_Device_Library/Core/Src/usbd_ioreq.o
 .debug_abbrev  0x0000000000001fae      0x1be USB_DEVICE/App/usb_device.o
 .debug_abbrev  0x000000000000216c      0x2ac USB_DEVICE/App/usbd_cdc_if.o
 .debug_abbrev  0x0000000000002418      0x287 USB_DEVICE/App/usbd_desc.o
 .debug_abbrev  0x000000000000269f      0x2db USB_DEVICE/Target/usbd_conf.o

.debug_aranges  0x0000000000000000      0xa78
 .debug_aranges
                0x0000000000000000       0x40 Core/Src/main.o
 .debug_aranges
                0x0000000000000040       0x20 Core/Src/stm32f1xx_hal_msp.o
 .debug_aranges
                0x0000000000000060       0x70 Core/Src/stm32f1xx_it.o
 .debug_aranges
                0x00000000000000d0       0x28 Core/Src/system_stm32f1xx.o
 .debug_aranges
                0x00000000000000f8       0x28 Core/Startup/startup_stm32f103c8tx.o
 .debug_aranges
                0x0000000000000120       0xe0 Drivers/STM32F1xx_HAL_Driver/Src/stm32f1xx_hal.o
 .debug_aranges
                0x0000000000000200      0x100 Drivers/STM32F1xx_HAL_Driver/Src/stm32f1xx_hal_cortex.o
 .debug_aranges
                0x0000000000000300       0x58 Drivers/STM32F1xx_HAL_Driver/Src/stm32f1xx_hal_gpio.o
 .debug_aranges
                0x0000000000000358      0x138 Drivers/STM32F1xx_HAL_Driver/Src/stm32f1xx_hal_pcd.o
 .debug_aranges
                0x0000000000000490       0x38 Drivers/STM32F1xx_HAL_Driver/Src/stm32f1xx_hal_pcd_ex.o
 .debug_aranges
                0x00000000000004c8       0x90 Drivers/STM32F1xx_HAL_Driver/Src/stm32f1xx_hal_rcc.o
 .debug_aranges
                0x0000000000000558       0x30 Drivers/STM32F1xx_HAL_Driver/Src/stm32f1xx_hal_rcc_ex.o
 .debug_aranges
                0x0000000000000588       0xf0 Drivers/STM32F1xx_HAL_Driver/Src/stm32f1xx_ll_usb.o
 .debug_aranges
                0x0000000000000678       0x90 Middlewares/ST/STM32_USB_Device_Library/Class/CDC/Src/usbd_cdc.o
 .debug_aranges
                0x0000000000000708       0xb8 Middlewares/ST/STM32_USB_Device_Library/Core/Src/usbd_core.o
 .debug_aranges
                0x00000000000007c0       0x88 Middlewares/ST/STM32_USB_Device_Library/Core/Src/usbd_ctlreq.o
 .debug_aranges
                0x0000000000000848       0x50 Middlewares/ST/STM32_USB_Device_Library/Core/Src/usbd_ioreq.o
 .debug_aranges
                0x0000000000000898       0x20 USB_DEVICE/App/usb_device.o
 .debug_aranges
                0x00000000000008b8       0x48 USB_DEVICE/App/usbd_cdc_if.o
 .debug_aranges
                0x0000000000000900       0x60 USB_DEVICE/App/usbd_desc.o
 .debug_aranges
                0x0000000000000960      0x118 USB_DEVICE/Target/usbd_conf.o

.debug_ranges   0x0000000000000000      0x930
 .debug_ranges  0x0000000000000000       0x30 Core/Src/main.o
 .debug_ranges  0x0000000000000030       0x10 Core/Src/stm32f1xx_hal_msp.o
 .debug_ranges  0x0000000000000040       0x60 Core/Src/stm32f1xx_it.o
 .debug_ranges  0x00000000000000a0       0x18 Core/Src/system_stm32f1xx.o
 .debug_ranges  0x00000000000000b8       0x20 Core/Startup/startup_stm32f103c8tx.o
 .debug_ranges  0x00000000000000d8       0xd0 Drivers/STM32F1xx_HAL_Driver/Src/stm32f1xx_hal.o
 .debug_ranges  0x00000000000001a8       0xf0 Drivers/STM32F1xx_HAL_Driver/Src/stm32f1xx_hal_cortex.o
 .debug_ranges  0x0000000000000298       0x48 Drivers/STM32F1xx_HAL_Driver/Src/stm32f1xx_hal_gpio.o
 .debug_ranges  0x00000000000002e0      0x128 Drivers/STM32F1xx_HAL_Driver/Src/stm32f1xx_hal_pcd.o
 .debug_ranges  0x0000000000000408       0x28 Drivers/STM32F1xx_HAL_Driver/Src/stm32f1xx_hal_pcd_ex.o
 .debug_ranges  0x0000000000000430       0x80 Drivers/STM32F1xx_HAL_Driver/Src/stm32f1xx_hal_rcc.o
 .debug_ranges  0x00000000000004b0       0x20 Drivers/STM32F1xx_HAL_Driver/Src/stm32f1xx_hal_rcc_ex.o
 .debug_ranges  0x00000000000004d0       0xe0 Drivers/STM32F1xx_HAL_Driver/Src/stm32f1xx_ll_usb.o
 .debug_ranges  0x00000000000005b0       0x80 Middlewares/ST/STM32_USB_Device_Library/Class/CDC/Src/usbd_cdc.o
 .debug_ranges  0x0000000000000630       0xa8 Middlewares/ST/STM32_USB_Device_Library/Core/Src/usbd_core.o
 .debug_ranges  0x00000000000006d8       0x78 Middlewares/ST/STM32_USB_Device_Library/Core/Src/usbd_ctlreq.o
 .debug_ranges  0x0000000000000750       0x40 Middlewares/ST/STM32_USB_Device_Library/Core/Src/usbd_ioreq.o
 .debug_ranges  0x0000000000000790       0x10 USB_DEVICE/App/usb_device.o
 .debug_ranges  0x00000000000007a0       0x38 USB_DEVICE/App/usbd_cdc_if.o
 .debug_ranges  0x00000000000007d8       0x50 USB_DEVICE/App/usbd_desc.o
 .debug_ranges  0x0000000000000828      0x108 USB_DEVICE/Target/usbd_conf.o

.debug_macro    0x0000000000000000    0x19556
 .debug_macro   0x0000000000000000      0x398 Core/Src/main.o
 .debug_macro   0x0000000000000398      0xa5a Core/Src/main.o
 .debug_macro   0x0000000000000df2      0x215 Core/Src/main.o
 .debug_macro   0x0000000000001007       0x2e Core/Src/main.o
 .debug_macro   0x0000000000001035       0x22 Core/Src/main.o
 .debug_macro   0x0000000000001057       0x22 Core/Src/main.o
 .debug_macro   0x0000000000001079       0x8e Core/Src/main.o
 .debug_macro   0x0000000000001107       0x51 Core/Src/main.o
 .debug_macro   0x0000000000001158       0xef Core/Src/main.o
 .debug_macro   0x0000000000001247       0x6a Core/Src/main.o
 .debug_macro   0x00000000000012b1      0x1df Core/Src/main.o
 .debug_macro   0x0000000000001490       0x1c Core/Src/main.o
 .debug_macro   0x00000000000014ac       0x22 Core/Src/main.o
 .debug_macro   0x00000000000014ce       0xc3 Core/Src/main.o
 .debug_macro   0x0000000000001591      0xd23 Core/Src/main.o
 .debug_macro   0x00000000000022b4     0xe097 Core/Src/main.o
 .debug_macro   0x000000000001034b       0x43 Core/Src/main.o
 .debug_macro   0x000000000001038e     0x3468 Core/Src/main.o
 .debug_macro   0x00000000000137f6      0x174 Core/Src/main.o
 .debug_macro   0x000000000001396a       0x5c Core/Src/main.o
 .debug_macro   0x00000000000139c6      0x5be Core/Src/main.o
 .debug_macro   0x0000000000013f84      0x289 Core/Src/main.o
 .debug_macro   0x000000000001420d      0x1cb Core/Src/main.o
 .debug_macro   0x00000000000143d8      0x114 Core/Src/main.o
 .debug_macro   0x00000000000144ec      0x1b2 Core/Src/main.o
 .debug_macro   0x000000000001469e       0x27 Core/Src/main.o
 .debug_macro   0x00000000000146c5      0x136 Core/Src/main.o
 .debug_macro   0x00000000000147fb      0x1bc Core/Src/main.o
 .debug_macro   0x00000000000149b7       0x34 Core/Src/main.o
 .debug_macro   0x00000000000149eb       0x3c Core/Src/main.o
 .debug_macro   0x0000000000014a27       0x57 Core/Src/main.o
 .debug_macro   0x0000000000014a7e       0x88 Core/Src/main.o
 .debug_macro   0x0000000000014b06      0x241 Core/Src/main.o
 .debug_macro   0x0000000000014d47      0x141 Core/Src/main.o
 .debug_macro   0x0000000000014e88       0x65 Core/Src/main.o
 .debug_macro   0x0000000000014eed      0x249 Core/Src/main.o
 .debug_macro   0x0000000000015136       0x83 Core/Src/main.o
 .debug_macro   0x00000000000151b9       0x46 Core/Src/main.o
 .debug_macro   0x00000000000151ff       0x18 Core/Src/main.o
 .debug_macro   0x0000000000015217       0x3c Core/Src/main.o
 .debug_macro   0x0000000000015253       0x34 Core/Src/main.o
 .debug_macro   0x0000000000015287       0x16 Core/Src/main.o
 .debug_macro   0x000000000001529d       0x35 Core/Src/main.o
 .debug_macro   0x00000000000152d2      0x32a Core/Src/main.o
 .debug_macro   0x00000000000155fc       0x10 Core/Src/main.o
 .debug_macro   0x000000000001560c       0x52 Core/Src/main.o
 .debug_macro   0x000000000001565e       0x1f Core/Src/main.o
 .debug_macro   0x000000000001567d       0x43 Core/Src/main.o
 .debug_macro   0x00000000000156c0       0x20 Core/Src/main.o
 .debug_macro   0x00000000000156e0      0x1a3 Core/Src/main.o
 .debug_macro   0x0000000000015883       0x10 Core/Src/main.o
 .debug_macro   0x0000000000015893       0x1c Core/Src/main.o
 .debug_macro   0x00000000000158af       0x52 Core/Src/main.o
 .debug_macro   0x0000000000015901       0x40 Core/Src/main.o
 .debug_macro   0x0000000000015941       0x10 Core/Src/main.o
 .debug_macro   0x0000000000015951       0x40 Core/Src/main.o
 .debug_macro   0x0000000000015991       0xd7 Core/Src/main.o
 .debug_macro   0x0000000000015a68       0x1c Core/Src/main.o
 .debug_macro   0x0000000000015a84       0x3d Core/Src/main.o
 .debug_macro   0x0000000000015ac1       0x16 Core/Src/main.o
 .debug_macro   0x0000000000015ad7      0x145 Core/Src/main.o
 .debug_macro   0x0000000000015c1c       0x16 Core/Src/main.o
 .debug_macro   0x0000000000015c32       0x16 Core/Src/main.o
 .debug_macro   0x0000000000015c48       0x29 Core/Src/main.o
 .debug_macro   0x0000000000015c71       0x16 Core/Src/main.o
 .debug_macro   0x0000000000015c87       0x20 Core/Src/main.o
 .debug_macro   0x0000000000015ca7       0x60 Core/Src/main.o
 .debug_macro   0x0000000000015d07      0x1c8 Core/Src/main.o
 .debug_macro   0x0000000000015ecf      0x1b2 Core/Src/stm32f1xx_hal_msp.o
 .debug_macro   0x0000000000016081      0x1bc Core/Src/stm32f1xx_it.o
 .debug_macro   0x000000000001623d      0x1a8 Core/Src/system_stm32f1xx.o
 .debug_macro   0x00000000000163e5      0x1cc Drivers/STM32F1xx_HAL_Driver/Src/stm32f1xx_hal.o
 .debug_macro   0x00000000000165b1      0x1a8 Drivers/STM32F1xx_HAL_Driver/Src/stm32f1xx_hal_cortex.o
 .debug_macro   0x0000000000016759      0x213 Drivers/STM32F1xx_HAL_Driver/Src/stm32f1xx_hal_gpio.o
 .debug_macro   0x000000000001696c      0x1b4 Drivers/STM32F1xx_HAL_Driver/Src/stm32f1xx_hal_pcd.o
 .debug_macro   0x0000000000016b20      0x1a8 Drivers/STM32F1xx_HAL_Driver/Src/stm32f1xx_hal_pcd_ex.o
 .debug_macro   0x0000000000016cc8      0x1ba Drivers/STM32F1xx_HAL_Driver/Src/stm32f1xx_hal_rcc.o
 .debug_macro   0x0000000000016e82      0x1a8 Drivers/STM32F1xx_HAL_Driver/Src/stm32f1xx_hal_rcc_ex.o
 .debug_macro   0x000000000001702a      0x1a8 Drivers/STM32F1xx_HAL_Driver/Src/stm32f1xx_ll_usb.o
 .debug_macro   0x00000000000171d2      0x3bf Middlewares/ST/STM32_USB_Device_Library/Class/CDC/Src/usbd_cdc.o
 .debug_macro   0x0000000000017591       0x97 Middlewares/ST/STM32_USB_Device_Library/Class/CDC/Src/usbd_cdc.o
 .debug_macro   0x0000000000017628       0xfd Middlewares/ST/STM32_USB_Device_Library/Class/CDC/Src/usbd_cdc.o
 .debug_macro   0x0000000000017725       0xbd Middlewares/ST/STM32_USB_Device_Library/Class/CDC/Src/usbd_cdc.o
 .debug_macro   0x00000000000177e2       0x56 Middlewares/ST/STM32_USB_Device_Library/Class/CDC/Src/usbd_cdc.o
 .debug_macro   0x0000000000017838       0x8f Middlewares/ST/STM32_USB_Device_Library/Class/CDC/Src/usbd_cdc.o
 .debug_macro   0x00000000000178c7      0x3a6 Middlewares/ST/STM32_USB_Device_Library/Core/Src/usbd_core.o
 .debug_macro   0x0000000000017c6d      0x1ce Middlewares/ST/STM32_USB_Device_Library/Core/Src/usbd_core.o
 .debug_macro   0x0000000000017e3b      0x3b0 Middlewares/ST/STM32_USB_Device_Library/Core/Src/usbd_ctlreq.o
 .debug_macro   0x00000000000181eb      0x3ac Middlewares/ST/STM32_USB_Device_Library/Core/Src/usbd_ioreq.o
 .debug_macro   0x0000000000018597      0x3e5 USB_DEVICE/App/usb_device.o
 .debug_macro   0x000000000001897c       0x22 USB_DEVICE/App/usb_device.o
 .debug_macro   0x000000000001899e       0x16 USB_DEVICE/App/usb_device.o
 .debug_macro   0x00000000000189b4      0x3ca USB_DEVICE/App/usbd_cdc_if.o
 .debug_macro   0x0000000000018d7e       0x10 USB_DEVICE/App/usbd_cdc_if.o
 .debug_macro   0x0000000000018d8e      0x3e3 USB_DEVICE/App/usbd_desc.o
 .debug_macro   0x0000000000019171       0x1c USB_DEVICE/App/usbd_desc.o
 .debug_macro   0x000000000001918d      0x3c9 USB_DEVICE/Target/usbd_conf.o

.debug_line     0x0000000000000000     0xbf0b
 .debug_line    0x0000000000000000      0x9e7 Core/Src/main.o
 .debug_line    0x00000000000009e7      0x676 Core/Src/stm32f1xx_hal_msp.o
 .debug_line    0x000000000000105d      0x73d Core/Src/stm32f1xx_it.o
 .debug_line    0x000000000000179a      0x69d Core/Src/system_stm32f1xx.o
 .debug_line    0x0000000000001e37       0x84 Core/Startup/startup_stm32f103c8tx.o
 .debug_line    0x0000000000001ebb      0x850 Drivers/STM32F1xx_HAL_Driver/Src/stm32f1xx_hal.o
 .debug_line    0x000000000000270b      0x927 Drivers/STM32F1xx_HAL_Driver/Src/stm32f1xx_hal_cortex.o
 .debug_line    0x0000000000003032      0x84c Drivers/STM32F1xx_HAL_Driver/Src/stm32f1xx_hal_gpio.o
 .debug_line    0x000000000000387e      0xcb4 Drivers/STM32F1xx_HAL_Driver/Src/stm32f1xx_hal_pcd.o
 .debug_line    0x0000000000004532      0x6c1 Drivers/STM32F1xx_HAL_Driver/Src/stm32f1xx_hal_pcd_ex.o
 .debug_line    0x0000000000004bf3      0x910 Drivers/STM32F1xx_HAL_Driver/Src/stm32f1xx_hal_rcc.o
 .debug_line    0x0000000000005503      0x72e Drivers/STM32F1xx_HAL_Driver/Src/stm32f1xx_hal_rcc_ex.o
 .debug_line    0x0000000000005c31      0xce9 Drivers/STM32F1xx_HAL_Driver/Src/stm32f1xx_ll_usb.o
 .debug_line    0x000000000000691a      0xb2c Middlewares/ST/STM32_USB_Device_Library/Class/CDC/Src/usbd_cdc.o
 .debug_line    0x0000000000007446      0xb67 Middlewares/ST/STM32_USB_Device_Library/Core/Src/usbd_core.o
 .debug_line    0x0000000000007fad      0xbf0 Middlewares/ST/STM32_USB_Device_Library/Core/Src/usbd_ctlreq.o
 .debug_line    0x0000000000008b9d      0x9d0 Middlewares/ST/STM32_USB_Device_Library/Core/Src/usbd_ioreq.o
 .debug_line    0x000000000000956d      0x9b2 USB_DEVICE/App/usb_device.o
 .debug_line    0x0000000000009f1f      0x9f7 USB_DEVICE/App/usbd_cdc_if.o
 .debug_line    0x000000000000a916      0xa04 USB_DEVICE/App/usbd_desc.o
 .debug_line    0x000000000000b31a      0xbf1 USB_DEVICE/Target/usbd_conf.o

.debug_str      0x0000000000000000    0x8475f
 .debug_str     0x0000000000000000    0x81a70 Core/Src/main.o
                                      0x81e87 (size before relaxing)
 .debug_str     0x0000000000081a70       0x5a Core/Src/stm32f1xx_hal_msp.o
                                      0x7d027 (size before relaxing)
 .debug_str     0x0000000000081aca      0x3e9 Core/Src/stm32f1xx_it.o
                                      0x7d3e4 (size before relaxing)
 .debug_str     0x0000000000081eb3       0x52 Core/Src/system_stm32f1xx.o
                                      0x7d014 (size before relaxing)
 .debug_str     0x0000000000081f05       0x36 Core/Startup/startup_stm32f103c8tx.o
                                         0x69 (size before relaxing)
 .debug_str     0x0000000000081f3b      0x55e Drivers/STM32F1xx_HAL_Driver/Src/stm32f1xx_hal.o
                                      0x7d6a5 (size before relaxing)
 .debug_str     0x0000000000082499      0x2d8 Drivers/STM32F1xx_HAL_Driver/Src/stm32f1xx_hal_cortex.o
                                      0x7d6ad (size before relaxing)
 .debug_str     0x0000000000082771      0x324 Drivers/STM32F1xx_HAL_Driver/Src/stm32f1xx_hal_gpio.o
                                      0x7d3d8 (size before relaxing)
 .debug_str     0x0000000000082a95      0x3e5 Drivers/STM32F1xx_HAL_Driver/Src/stm32f1xx_hal_pcd.o
                                      0x7d767 (size before relaxing)
 .debug_str     0x0000000000082e7a      0x18d Drivers/STM32F1xx_HAL_Driver/Src/stm32f1xx_hal_pcd_ex.o
                                      0x7d4b4 (size before relaxing)
 .debug_str     0x0000000000083007      0x24f Drivers/STM32F1xx_HAL_Driver/Src/stm32f1xx_hal_rcc.o
                                      0x7d411 (size before relaxing)
 .debug_str     0x0000000000083256       0xb9 Drivers/STM32F1xx_HAL_Driver/Src/stm32f1xx_hal_rcc_ex.o
                                      0x7d19e (size before relaxing)
 .debug_str     0x000000000008330f      0x2ad Drivers/STM32F1xx_HAL_Driver/Src/stm32f1xx_ll_usb.o
                                      0x7d4e7 (size before relaxing)
 .debug_str     0x00000000000835bc      0x8bd Middlewares/ST/STM32_USB_Device_Library/Class/CDC/Src/usbd_cdc.o
                                      0x82820 (size before relaxing)
 .debug_str     0x0000000000083e79      0x1b5 Middlewares/ST/STM32_USB_Device_Library/Core/Src/usbd_core.o
                                      0x8211b (size before relaxing)
 .debug_str     0x000000000008402e      0x134 Middlewares/ST/STM32_USB_Device_Library/Core/Src/usbd_ctlreq.o
                                      0x820a1 (size before relaxing)
 .debug_str     0x0000000000084162       0xc9 Middlewares/ST/STM32_USB_Device_Library/Core/Src/usbd_ioreq.o
                                      0x82029 (size before relaxing)
 .debug_str     0x000000000008422b      0x112 USB_DEVICE/App/usb_device.o
                                      0x8238a (size before relaxing)
 .debug_str     0x000000000008433d       0x76 USB_DEVICE/App/usbd_cdc_if.o
                                      0x823d6 (size before relaxing)
 .debug_str     0x00000000000843b3      0x258 USB_DEVICE/App/usbd_desc.o
                                      0x81f94 (size before relaxing)
 .debug_str     0x000000000008460b      0x154 USB_DEVICE/Target/usbd_conf.o
                                      0x82c46 (size before relaxing)

.comment        0x0000000000000000       0x7b
 .comment       0x0000000000000000       0x7b Core/Src/main.o
                                         0x7c (size before relaxing)
 .comment       0x000000000000007b       0x7c Core/Src/stm32f1xx_hal_msp.o
 .comment       0x000000000000007b       0x7c Core/Src/stm32f1xx_it.o
 .comment       0x000000000000007b       0x7c Core/Src/system_stm32f1xx.o
 .comment       0x000000000000007b       0x7c Drivers/STM32F1xx_HAL_Driver/Src/stm32f1xx_hal.o
 .comment       0x000000000000007b       0x7c Drivers/STM32F1xx_HAL_Driver/Src/stm32f1xx_hal_cortex.o
 .comment       0x000000000000007b       0x7c Drivers/STM32F1xx_HAL_Driver/Src/stm32f1xx_hal_gpio.o
 .comment       0x000000000000007b       0x7c Drivers/STM32F1xx_HAL_Driver/Src/stm32f1xx_hal_pcd.o
 .comment       0x000000000000007b       0x7c Drivers/STM32F1xx_HAL_Driver/Src/stm32f1xx_hal_pcd_ex.o
 .comment       0x000000000000007b       0x7c Drivers/STM32F1xx_HAL_Driver/Src/stm32f1xx_hal_rcc.o
 .comment       0x000000000000007b       0x7c Drivers/STM32F1xx_HAL_Driver/Src/stm32f1xx_hal_rcc_ex.o
 .comment       0x000000000000007b       0x7c Drivers/STM32F1xx_HAL_Driver/Src/stm32f1xx_ll_usb.o
 .comment       0x000000000000007b       0x7c Middlewares/ST/STM32_USB_Device_Library/Class/CDC/Src/usbd_cdc.o
 .comment       0x000000000000007b       0x7c Middlewares/ST/STM32_USB_Device_Library/Core/Src/usbd_core.o
 .comment       0x000000000000007b       0x7c Middlewares/ST/STM32_USB_Device_Library/Core/Src/usbd_ctlreq.o
 .comment       0x000000000000007b       0x7c Middlewares/ST/STM32_USB_Device_Library/Core/Src/usbd_ioreq.o
 .comment       0x000000000000007b       0x7c USB_DEVICE/App/usb_device.o
 .comment       0x000000000000007b       0x7c USB_DEVICE/App/usbd_cdc_if.o
 .comment       0x000000000000007b       0x7c USB_DEVICE/App/usbd_desc.o
 .comment       0x000000000000007b       0x7c USB_DEVICE/Target/usbd_conf.o

.debug_frame    0x0000000000000000     0x2ae0
 .debug_frame   0x0000000000000000       0xc4 Core/Src/main.o
 .debug_frame   0x00000000000000c4       0x38 Core/Src/stm32f1xx_hal_msp.o
 .debug_frame   0x00000000000000fc      0x144 Core/Src/stm32f1xx_it.o
 .debug_frame   0x0000000000000240       0x58 Core/Src/system_stm32f1xx.o
 .debug_frame   0x0000000000000298      0x334 Drivers/STM32F1xx_HAL_Driver/Src/stm32f1xx_hal.o
 .debug_frame   0x00000000000005cc      0x428 Drivers/STM32F1xx_HAL_Driver/Src/stm32f1xx_hal_cortex.o
 .debug_frame   0x00000000000009f4      0x14c Drivers/STM32F1xx_HAL_Driver/Src/stm32f1xx_hal_gpio.o
 .debug_frame   0x0000000000000b40      0x578 Drivers/STM32F1xx_HAL_Driver/Src/stm32f1xx_hal_pcd.o
 .debug_frame   0x00000000000010b8       0xb0 Drivers/STM32F1xx_HAL_Driver/Src/stm32f1xx_hal_pcd_ex.o
 .debug_frame   0x0000000000001168      0x21c Drivers/STM32F1xx_HAL_Driver/Src/stm32f1xx_hal_rcc.o
 .debug_frame   0x0000000000001384       0x84 Drivers/STM32F1xx_HAL_Driver/Src/stm32f1xx_hal_rcc_ex.o
 .debug_frame   0x0000000000001408      0x450 Drivers/STM32F1xx_HAL_Driver/Src/stm32f1xx_ll_usb.o
 .debug_frame   0x0000000000001858      0x248 Middlewares/ST/STM32_USB_Device_Library/Class/CDC/Src/usbd_cdc.o
 .debug_frame   0x0000000000001aa0      0x300 Middlewares/ST/STM32_USB_Device_Library/Core/Src/usbd_core.o
 .debug_frame   0x0000000000001da0      0x218 Middlewares/ST/STM32_USB_Device_Library/Core/Src/usbd_ctlreq.o
 .debug_frame   0x0000000000001fb8      0x10c Middlewares/ST/STM32_USB_Device_Library/Core/Src/usbd_ioreq.o
 .debug_frame   0x00000000000020c4       0x2c USB_DEVICE/App/usb_device.o
 .debug_frame   0x00000000000020f0       0xe4 USB_DEVICE/App/usbd_cdc_if.o
 .debug_frame   0x00000000000021d4      0x160 USB_DEVICE/App/usbd_desc.o
 .debug_frame   0x0000000000002334      0x4a4 USB_DEVICE/Target/usbd_conf.o
 .debug_frame   0x00000000000027d8       0x20 c:/st/stm32cubeide_1.4.0/stm32cubeide/plugins/com.st.stm32cube.ide.mcu.externaltools.gnu-tools-for-stm32.7-2018-q2-update.win32_1.4.0.202007081208/tools/bin/../lib/gcc/arm-none-eabi/7.3.1/../../../../arm-none-eabi/lib/thumb/v7-m\libc_nano.a(lib_a-errno.o)
 .debug_frame   0x00000000000027f8       0x2c c:/st/stm32cubeide_1.4.0/stm32cubeide/plugins/com.st.stm32cube.ide.mcu.externaltools.gnu-tools-for-stm32.7-2018-q2-update.win32_1.4.0.202007081208/tools/bin/../lib/gcc/arm-none-eabi/7.3.1/../../../../arm-none-eabi/lib/thumb/v7-m\libc_nano.a(lib_a-init.o)
 .debug_frame   0x0000000000002824       0x20 c:/st/stm32cubeide_1.4.0/stm32cubeide/plugins/com.st.stm32cube.ide.mcu.externaltools.gnu-tools-for-stm32.7-2018-q2-update.win32_1.4.0.202007081208/tools/bin/../lib/gcc/arm-none-eabi/7.3.1/../../../../arm-none-eabi/lib/thumb/v7-m\libc_nano.a(lib_a-memset.o)
 .debug_frame   0x0000000000002844       0x3c c:/st/stm32cubeide_1.4.0/stm32cubeide/plugins/com.st.stm32cube.ide.mcu.externaltools.gnu-tools-for-stm32.7-2018-q2-update.win32_1.4.0.202007081208/tools/bin/../lib/gcc/arm-none-eabi/7.3.1/../../../../arm-none-eabi/lib/thumb/v7-m\libm.a(lib_a-w_exp.o)
 .debug_frame   0x0000000000002880       0x3c c:/st/stm32cubeide_1.4.0/stm32cubeide/plugins/com.st.stm32cube.ide.mcu.externaltools.gnu-tools-for-stm32.7-2018-q2-update.win32_1.4.0.202007081208/tools/bin/../lib/gcc/arm-none-eabi/7.3.1/../../../../arm-none-eabi/lib/thumb/v7-m\libm.a(lib_a-e_exp.o)
 .debug_frame   0x00000000000028bc       0x20 c:/st/stm32cubeide_1.4.0/stm32cubeide/plugins/com.st.stm32cube.ide.mcu.externaltools.gnu-tools-for-stm32.7-2018-q2-update.win32_1.4.0.202007081208/tools/bin/../lib/gcc/arm-none-eabi/7.3.1/../../../../arm-none-eabi/lib/thumb/v7-m\libm.a(lib_a-s_finite.o)
 .debug_frame   0x00000000000028dc       0x20 c:/st/stm32cubeide_1.4.0/stm32cubeide/plugins/com.st.stm32cube.ide.mcu.externaltools.gnu-tools-for-stm32.7-2018-q2-update.win32_1.4.0.202007081208/tools/bin/../lib/gcc/arm-none-eabi/7.3.1/../../../../arm-none-eabi/lib/thumb/v7-m\libm.a(lib_a-s_matherr.o)
 .debug_frame   0x00000000000028fc       0xac c:/st/stm32cubeide_1.4.0/stm32cubeide/plugins/com.st.stm32cube.ide.mcu.externaltools.gnu-tools-for-stm32.7-2018-q2-update.win32_1.4.0.202007081208/tools/bin/../lib/gcc/arm-none-eabi/7.3.1/thumb/v7-m\libgcc.a(_arm_addsubdf3.o)
 .debug_frame   0x00000000000029a8       0x50 c:/st/stm32cubeide_1.4.0/stm32cubeide/plugins/com.st.stm32cube.ide.mcu.externaltools.gnu-tools-for-stm32.7-2018-q2-update.win32_1.4.0.202007081208/tools/bin/../lib/gcc/arm-none-eabi/7.3.1/thumb/v7-m\libgcc.a(_arm_muldivdf3.o)
 .debug_frame   0x00000000000029f8       0xc4 c:/st/stm32cubeide_1.4.0/stm32cubeide/plugins/com.st.stm32cube.ide.mcu.externaltools.gnu-tools-for-stm32.7-2018-q2-update.win32_1.4.0.202007081208/tools/bin/../lib/gcc/arm-none-eabi/7.3.1/thumb/v7-m\libgcc.a(_arm_cmpdf2.o)
 .debug_frame   0x0000000000002abc       0x24 c:/st/stm32cubeide_1.4.0/stm32cubeide/plugins/com.st.stm32cube.ide.mcu.externaltools.gnu-tools-for-stm32.7-2018-q2-update.win32_1.4.0.202007081208/tools/bin/../lib/gcc/arm-none-eabi/7.3.1/thumb/v7-m\libgcc.a(_arm_fixdfsi.o)
