18:35:18 **** Incremental Build of configuration Debug for project USB_device ****
make -j8 all 
arm-none-eabi-gcc "../Core/Src/main.c" -mcpu=cortex-m3 -std=gnu11 -g3 -DUSE_HAL_DRIVER -DSTM32F103xB -DDEBUG -c -I../Core/Inc -I../Drivers/STM32F1xx_HAL_Driver/Inc -I../Drivers/STM32F1xx_HAL_Driver/Inc/Legacy -I../Drivers/CMSIS/Device/ST/STM32F1xx/Include -I../Drivers/CMSIS/Include -I../USB_DEVICE/App -I../USB_DEVICE/Target -I../Middlewares/ST/STM32_USB_Device_Library/Core/Inc -I../Middlewares/ST/STM32_USB_Device_Library/Class/CDC/Inc -O0 -ffunction-sections -fdata-sections -Wall -fstack-usage -MMD -MP -MF"Core/Src/main.d" -MT"Core/Src/main.o" --specs=nano.specs -mfloat-abi=soft -mthumb -o "Core/Src/main.o"
arm-none-eabi-gcc -o "USB_device.elf" @"objects.list"   -mcpu=cortex-m3 -T"D:\cytometr_reliable-USB-delivery\USB_device\STM32F103C8TX_FLASH.ld" --specs=nosys.specs -Wl,-Map="USB_device.map" -Wl,--gc-sections -static --specs=nano.specs -mfloat-abi=soft -mthumb -Wl,--start-group -lc -lm -Wl,--end-group
Finished building target: USB_device.elf
 
arm-none-eabi-objdump -h -S  USB_device.elf  > "USB_device.list"
arm-none-eabi-objcopy  -O binary  USB_device.elf  "USB_device.bin"
arm-none-eabi-size   USB_device.elf 
   text	   data	    bss	    dec	    hex	filename
  26736	    388	   3844	  30968	   78f8	USB_device.elf
Finished building: default.size.stdout
 
Finished building: USB_device.bin
 
Finished building: USB_device.list
 

18:35:25 Build Finished. 0 errors, 0 warnings. (took 6s.112ms)

